Archive member included to satisfy reference by file (symbol)

/opt/MatrixMCU/arm-gnu-toolchain-13.2.Rel1-x86_64-arm-none-eabi/bin/../lib/gcc/arm-none-eabi/13.2.1/../../../../arm-none-eabi/lib/thumb/v7e-m+fp/hard/libc_nano.a(libc_a-exit.o)
                              /opt/MatrixMCU/arm-gnu-toolchain-13.2.Rel1-x86_64-arm-none-eabi/bin/../lib/gcc/arm-none-eabi/13.2.1/../../../../arm-none-eabi/lib/thumb/v7e-m+fp/hard/crt0.o (exit)
/opt/MatrixMCU/arm-gnu-toolchain-13.2.Rel1-x86_64-arm-none-eabi/bin/../lib/gcc/arm-none-eabi/13.2.1/../../../../arm-none-eabi/lib/thumb/v7e-m+fp/hard/libc_nano.a(libc_a-init.o)
                              /opt/MatrixMCU/arm-gnu-toolchain-13.2.Rel1-x86_64-arm-none-eabi/bin/../lib/gcc/arm-none-eabi/13.2.1/../../../../arm-none-eabi/lib/thumb/v7e-m+fp/hard/crt0.o (__libc_init_array)
/opt/MatrixMCU/arm-gnu-toolchain-13.2.Rel1-x86_64-arm-none-eabi/bin/../lib/gcc/arm-none-eabi/13.2.1/../../../../arm-none-eabi/lib/thumb/v7e-m+fp/hard/libc_nano.a(libc_a-findfp.o)
                              /opt/MatrixMCU/arm-gnu-toolchain-13.2.Rel1-x86_64-arm-none-eabi/bin/../lib/gcc/arm-none-eabi/13.2.1/../../../../arm-none-eabi/lib/thumb/v7e-m+fp/hard/libc_nano.a(libc_a-exit.o) (__stdio_exit_handler)
/opt/MatrixMCU/arm-gnu-toolchain-13.2.Rel1-x86_64-arm-none-eabi/bin/../lib/gcc/arm-none-eabi/13.2.1/../../../../arm-none-eabi/lib/thumb/v7e-m+fp/hard/libc_nano.a(libc_a-stdio.o)
                              /opt/MatrixMCU/arm-gnu-toolchain-13.2.Rel1-x86_64-arm-none-eabi/bin/../lib/gcc/arm-none-eabi/13.2.1/../../../../arm-none-eabi/lib/thumb/v7e-m+fp/hard/libc_nano.a(libc_a-findfp.o) (__sread)
/opt/MatrixMCU/arm-gnu-toolchain-13.2.Rel1-x86_64-arm-none-eabi/bin/../lib/gcc/arm-none-eabi/13.2.1/../../../../arm-none-eabi/lib/thumb/v7e-m+fp/hard/libc_nano.a(libc_a-readr.o)
                              /opt/MatrixMCU/arm-gnu-toolchain-13.2.Rel1-x86_64-arm-none-eabi/bin/../lib/gcc/arm-none-eabi/13.2.1/../../../../arm-none-eabi/lib/thumb/v7e-m+fp/hard/libc_nano.a(libc_a-stdio.o) (_read_r)
/opt/MatrixMCU/arm-gnu-toolchain-13.2.Rel1-x86_64-arm-none-eabi/bin/../lib/gcc/arm-none-eabi/13.2.1/../../../../arm-none-eabi/lib/thumb/v7e-m+fp/hard/libc_nano.a(libc_a-writer.o)
                              /opt/MatrixMCU/arm-gnu-toolchain-13.2.Rel1-x86_64-arm-none-eabi/bin/../lib/gcc/arm-none-eabi/13.2.1/../../../../arm-none-eabi/lib/thumb/v7e-m+fp/hard/libc_nano.a(libc_a-stdio.o) (_write_r)
/opt/MatrixMCU/arm-gnu-toolchain-13.2.Rel1-x86_64-arm-none-eabi/bin/../lib/gcc/arm-none-eabi/13.2.1/../../../../arm-none-eabi/lib/thumb/v7e-m+fp/hard/libc_nano.a(libc_a-fwalk.o)
                              /opt/MatrixMCU/arm-gnu-toolchain-13.2.Rel1-x86_64-arm-none-eabi/bin/../lib/gcc/arm-none-eabi/13.2.1/../../../../arm-none-eabi/lib/thumb/v7e-m+fp/hard/libc_nano.a(libc_a-findfp.o) (_fwalk_sglue)
/opt/MatrixMCU/arm-gnu-toolchain-13.2.Rel1-x86_64-arm-none-eabi/bin/../lib/gcc/arm-none-eabi/13.2.1/../../../../arm-none-eabi/lib/thumb/v7e-m+fp/hard/libc_nano.a(libc_a-memset.o)
                              /opt/MatrixMCU/arm-gnu-toolchain-13.2.Rel1-x86_64-arm-none-eabi/bin/../lib/gcc/arm-none-eabi/13.2.1/../../../../arm-none-eabi/lib/thumb/v7e-m+fp/hard/crt0.o (memset)
/opt/MatrixMCU/arm-gnu-toolchain-13.2.Rel1-x86_64-arm-none-eabi/bin/../lib/gcc/arm-none-eabi/13.2.1/../../../../arm-none-eabi/lib/thumb/v7e-m+fp/hard/libc_nano.a(libc_a-lock.o)
                              /opt/MatrixMCU/arm-gnu-toolchain-13.2.Rel1-x86_64-arm-none-eabi/bin/../lib/gcc/arm-none-eabi/13.2.1/../../../../arm-none-eabi/lib/thumb/v7e-m+fp/hard/libc_nano.a(libc_a-findfp.o) (__retarget_lock_init_recursive)
/opt/MatrixMCU/arm-gnu-toolchain-13.2.Rel1-x86_64-arm-none-eabi/bin/../lib/gcc/arm-none-eabi/13.2.1/../../../../arm-none-eabi/lib/thumb/v7e-m+fp/hard/libc_nano.a(libc_a-closer.o)
                              /opt/MatrixMCU/arm-gnu-toolchain-13.2.Rel1-x86_64-arm-none-eabi/bin/../lib/gcc/arm-none-eabi/13.2.1/../../../../arm-none-eabi/lib/thumb/v7e-m+fp/hard/libc_nano.a(libc_a-stdio.o) (_close_r)
/opt/MatrixMCU/arm-gnu-toolchain-13.2.Rel1-x86_64-arm-none-eabi/bin/../lib/gcc/arm-none-eabi/13.2.1/../../../../arm-none-eabi/lib/thumb/v7e-m+fp/hard/libc_nano.a(libc_a-reent.o)
                              /opt/MatrixMCU/arm-gnu-toolchain-13.2.Rel1-x86_64-arm-none-eabi/bin/../lib/gcc/arm-none-eabi/13.2.1/../../../../arm-none-eabi/lib/thumb/v7e-m+fp/hard/libc_nano.a(libc_a-readr.o) (errno)
/opt/MatrixMCU/arm-gnu-toolchain-13.2.Rel1-x86_64-arm-none-eabi/bin/../lib/gcc/arm-none-eabi/13.2.1/../../../../arm-none-eabi/lib/thumb/v7e-m+fp/hard/libc_nano.a(libc_a-impure.o)
                              /opt/MatrixMCU/arm-gnu-toolchain-13.2.Rel1-x86_64-arm-none-eabi/bin/../lib/gcc/arm-none-eabi/13.2.1/../../../../arm-none-eabi/lib/thumb/v7e-m+fp/hard/libc_nano.a(libc_a-reent.o) (_impure_ptr)
/opt/MatrixMCU/arm-gnu-toolchain-13.2.Rel1-x86_64-arm-none-eabi/bin/../lib/gcc/arm-none-eabi/13.2.1/../../../../arm-none-eabi/lib/thumb/v7e-m+fp/hard/libc_nano.a(libc_a-fflush.o)
[...]
Memory Configuration

Name             Origin             Length             Attributes
RAM              0x20000000         0x00020000         xrw
FLASH            0x08000000         0x00080000         xr
*default*        0x00000000         0xffffffff

Linker script and memory map

LOAD /opt/MatrixMCU/arm-gnu-toolchain-13.2.Rel1-x86_64-arm-none-eabi/bin/../lib/gcc/arm-none-eabi/13.2.1/thumb/v7e-m+fp/hard/crti.o
LOAD /opt/MatrixMCU/arm-gnu-toolchain-13.2.Rel1-x86_64-arm-none-eabi/bin/../lib/gcc/arm-none-eabi/13.2.1/thumb/v7e-m+fp/hard/crtbegin.o
LOAD /opt/MatrixMCU/arm-gnu-toolchain-13.2.Rel1-x86_64-arm-none-eabi/bin/../lib/gcc/arm-none-eabi/13.2.1/../../../../arm-none-eabi/lib/thumb/v7e-m+fp/hard/crt0.o
LOAD /opt/MatrixMCU/arm-gnu-toolchain-13.2.Rel1-x86_64-arm-none-eabi/bin/../lib/gcc/arm-none-eabi/13.2.1/../../../../arm-none-eabi/lib/thumb/v7e-m+fp/hard/libc_nano.a
LOAD /opt/MatrixMCU/arm-gnu-toolchain-13.2.Rel1-x86_64-arm-none-eabi/bin/../lib/gcc/arm-none-eabi/13.2.1/../../../../arm-none-eabi/lib/thumb/v7e-m+fp/hard/libm.a
LOAD CMakeFiles/test_port_uart.dir/test_port_uart.c.obj
LOAD CMakeFiles/test_port_uart.dir/__/__/__/port/stm32f4/src/interr.c.obj
LOAD ../../../libplatform.a
LOAD ../../../libproject.a
LOAD ../../../libunity.a
LOAD ../../../libfsm.a
LOAD ../../../libplatform.a
START GROUP
LOAD /opt/MatrixMCU/arm-gnu-toolchain-13.2.Rel1-x86_64-arm-none-eabi/bin/../lib/gcc/arm-none-eabi/13.2.1/thumb/v7e-m+fp/hard/libgcc.a
LOAD /opt/MatrixMCU/arm-gnu-toolchain-13.2.Rel1-x86_64-arm-none-eabi/bin/../lib/gcc/arm-none-eabi/13.2.1/../../../../arm-none-eabi/lib/thumb/v7e-m+fp/hard/libg_nano.a
LOAD /opt/MatrixMCU/arm-gnu-toolchain-13.2.Rel1-x86_64-arm-none-eabi/bin/../lib/gcc/arm-none-eabi/13.2.1/../../../../arm-none-eabi/lib/thumb/v7e-m+fp/hard/libc_nano.a
END GROUP
START GROUP
LOAD /opt/MatrixMCU/arm-gnu-toolchain-13.2.Rel1-x86_64-arm-none-eabi/bin/../lib/gcc/arm-none-eabi/13.2.1/thumb/v7e-m+fp/hard/libgcc.a
LOAD /opt/MatrixMCU/arm-gnu-toolchain-13.2.Rel1-x86_64-arm-none-eabi/bin/../lib/gcc/arm-none-eabi/13.2.1/../../../../arm-none-eabi/lib/thumb/v7e-m+fp/hard/libc_nano.a
END GROUP
LOAD /opt/MatrixMCU/arm-gnu-toolchain-13.2.Rel1-x86_64-arm-none-eabi/bin/../lib/gcc/arm-none-eabi/13.2.1/thumb/v7e-m+fp/hard/crtend.o
LOAD /opt/MatrixMCU/arm-gnu-toolchain-13.2.Rel1-x86_64-arm-none-eabi/bin/../lib/gcc/arm-none-eabi/13.2.1/thumb/v7e-m+fp/hard/crtn.o
                0x20020000                        _estack = (ORIGIN (RAM) + LENGTH (RAM))
                0x00000200                        _Min_Heap_Size = 0x200
                0x00000400                        _Min_Stack_Size = 0x400

.isr_vector     0x08000000      0x1c4
                0x08000000                        . = ALIGN (0x4)
 *(.isr_vector)
 .isr_vector    0x08000000      0x1c4 ../../../libplatform.a(startup_stm32f446xx.s.obj)
                0x08000000                g_pfnVectors
                0x080001c4                        . = ALIGN (0x4)

.text           0x080001c4     0x5388
                0x080001c4                        . = ALIGN (0x4)
 *(.text)
 .text          0x080001c4      0x848 CMakeFiles/test_port_uart.dir/test_port_uart.c.obj
                0x080002e6                setUp
                0x08000310                tearDown
                0x08000348                test_identifiers
                0x08000380                test_pins_tx
                0x080003b8                test_pins_rx
                0x080003f0                test_regs_tx
                0x080004c8                test_regs_rx
                0x080005a4                test_usart_config
                0x08000880                test_buffer_reset
                0x08000900                test_usart_isr_priority
                0x08000950                main
 .text          0x08000a0c       0xc8 CMakeFiles/test_port_uart.dir/__/__/__/port/stm32f4/src/interr.c.obj
                0x08000a0c                SysTick_Handler
                0x08000a2a                EXTI15_10_IRQHandler
                0x08000a8c                USART3_IRQHandler
 .text          0x08000ad4       0x90 ../../../libproject.a(port_button.c.obj)
                0x08000ad4                port_button_init
                0x08000b30                port_button_is_pressed
                0x08000b54                port_button_get_tick
 .text          0x08000b64      0x7c4 ../../../libproject.a(port_system.c.obj)
                0x08000d48                SystemInit
                0x08000d6c                system_clock_config
                0x08000e04                port_system_init
                0x08000e78                port_system_get_millis
                0x08000e90                port_system_set_millis
                0x08000eb0                port_system_delay_ms
                0x08000eda                port_system_delay_until_ms
                0x08000f1a                port_system_gpio_config
                0x08000fe4                port_system_gpio_config_exti
                0x08001174                port_system_gpio_exti_enable
                0x080011e4                port_system_gpio_exti_disable
                0x08001218                port_system_gpio_config_alternate
                0x08001290                port_system_gpio_read
                0x080012c0                port_system_gpio_write
                0x080012fa                port_system_gpio_toggle
 .text          0x08001328      0x708 ../../../libproject.a(port_usart.c.obj)
                0x0800143a                _reset_buffer
                0x08001456                port_usart_init
                0x0800162c                port_usart_get_from_input_buffer
                0x0800165c                port_usart_get_txr_status
                0x08001688                port_usart_copy_to_output_buffer
                0x080016bc                port_usart_reset_input_buffer
                0x080016fc                port_usart_reset_output_buffer
                0x08001740                port_usart_rx_done
                0x0800176c                port_usart_tx_done
                0x08001798                port_usart_store_data
                0x08001868                port_usart_write_data
                0x080019a0                port_usart_enable_rx_interrupt
                0x080019c4                port_usart_enable_tx_interrupt
                0x080019e8                port_usart_disable_rx_interrupt
                0x08001a0c                port_usart_disable_tx_interrupt
 .text          0x08001a30      0x2c4 ../../../libproject.a(syscalls.c.obj)
                0x08001a7e                initialise_monitor_handles
                0x08001a8c                _getpid
                0x08001a9c                _kill
                0x08001ac0                _exit
                0x08001ad6                _write
                0x08001b12                _sbrk
                0x08001b70                _close
                0x08001b88                _fstat
                0x08001ba8                _isatty
                0x08001bbe                _lseek
                0x08001bd8                _read
                0x08001bf2                _open
                0x08001c0e                _wait
                0x08001c30                _unlink
                0x08001c54                _times
                0x08001c6c                _stat
                0x08001c8c                _link
                0x08001cb0                _fork
                0x08001ccc                _execve
 .text          0x08001cf4     0x1e4c ../../../libunity.a(unity.c.obj)
                0x08001d64                UnityPrint
                0x08001d94                UnityPrintLen
                0x08001e2e                UnityPrintNumberByStyle
                0x08001ef0                UnityPrintNumber
                0x08001f1c                UnityPrintNumberUnsigned
                0x08001f88                UnityPrintNumberHex
                0x08001fee                UnityPrintMask
                0x0800204a                UnityPrintFloat
                0x08002514                UnityConcludeTest
                0x0800271c                UnityAssertBits
                0x080027a8                UnityAssertEqualNumber
                0x08002828                UnityAssertGreaterOrLessOrEqualNumber
                0x08002978                UnityAssertEqualIntArray
                0x08002c90                UnityAssertEqualFloatArray
                0x08002ddc                UnityAssertFloatsWithin
                0x08002e70                UnityAssertFloatSpecial
                0x08003040                UnityAssertNumbersWithin
                0x08003158                UnityAssertNumbersArrayWithin
                0x080033a8                UnityAssertEqualString
                0x08003468                UnityAssertEqualStringLen
                0x08003534                UnityAssertEqualStringArray
                0x080036a8                UnityAssertEqualMemory
                0x08003808                UnityNumToPtr
                0x08003850                UnityFloatToPtr
                0x08003874                UnityFail
                0x08003924                UnityIgnore
                0x0800398c                UnityMessage
                0x080039d8                UnityDefaultTestRun
                0x08003a40                UnitySetTestFile
                0x08003a60                UnityBegin
                0x08003ab4                UnityEnd
 .text          0x08003b40       0x24 /opt/MatrixMCU/arm-gnu-toolchain-13.2.Rel1-x86_64-arm-none-eabi/bin/../lib/gcc/arm-none-eabi/13.2.1/../../../../arm-none-eabi/lib/thumb/v7e-m+fp/hard/libg_nano.a(libc_a-setjmp.o)
                0x08003b40                setjmp
                0x08003b50                longjmp
 .text          0x08003b64      0x1ac /opt/MatrixMCU/arm-gnu-toolchain-13.2.Rel1-x86_64-arm-none-eabi/bin/../lib/gcc/arm-none-eabi/13.2.1/thumb/v7e-m+fp/hard/libgcc.a(libunwind.o)
                0x08003b64                __restore_core_regs
                0x08003b64                restore_core_regs
                0x08003b7c                __gnu_Unwind_Restore_VFP
                0x08003b84                __gnu_Unwind_Save_VFP
                0x08003b8c                __gnu_Unwind_Restore_VFP_D
                0x08003b94                __gnu_Unwind_Save_VFP_D
                0x08003b9c                __gnu_Unwind_Restore_VFP_D_16_to_31
                0x08003ba4                __gnu_Unwind_Save_VFP_D_16_to_31
                0x08003bac                __gnu_Unwind_Restore_WMMXD
                0x08003bf0                __gnu_Unwind_Save_WMMXD
                0x08003c34                __gnu_Unwind_Restore_WMMXC
                0x08003c48                __gnu_Unwind_Save_WMMXC
                0x08003c5c                ___Unwind_RaiseException
                0x08003c5c                _Unwind_RaiseException
                0x08003c80                ___Unwind_Resume
                0x08003c80                _Unwind_Resume
                0x08003ca4                _Unwind_Resume_or_Rethrow
                0x08003ca4                ___Unwind_Resume_or_Rethrow
                0x08003cc8                ___Unwind_ForcedUnwind
                0x08003cc8                _Unwind_ForcedUnwind
                0x08003cec                _Unwind_Backtrace
                0x08003cec                ___Unwind_Backtrace
 *(.text*)
 .text.deregister_tm_clones
                0x08003d10       0x1c /opt/MatrixMCU/arm-gnu-toolchain-13.2.Rel1-x86_64-arm-none-eabi/bin/../lib/gcc/arm-none-eabi/13.2.1/thumb/v7e-m+fp/hard/crtbegin.o
 .text.register_tm_clones
                0x08003d2c       0x24 /opt/MatrixMCU/arm-gnu-toolchain-13.2.Rel1-x86_64-arm-none-eabi/bin/../lib/gcc/arm-none-eabi/13.2.1/thumb/v7e-m+fp/hard/crtbegin.o
 .text.__do_global_dtors_aux
                0x08003d50       0x28 /opt/MatrixMCU/arm-gnu-toolchain-13.2.Rel1-x86_64-arm-none-eabi/bin/../lib/gcc/arm-none-eabi/13.2.1/thumb/v7e-m+fp/hard/crtbegin.o
 .text.frame_dummy
                0x08003d78       0x24 /opt/MatrixMCU/arm-gnu-toolchain-13.2.Rel1-x86_64-arm-none-eabi/bin/../lib/gcc/arm-none-eabi/13.2.1/thumb/v7e-m+fp/hard/crtbegin.o
 .text.__libc_init_array
                0x08003d9c       0x48 /opt/MatrixMCU/arm-gnu-toolchain-13.2.Rel1-x86_64-arm-none-eabi/bin/../lib/gcc/arm-none-eabi/13.2.1/../../../../arm-none-eabi/lib/thumb/v7e-m+fp/hard/libc_nano.a(libc_a-init.o)
                0x08003d9c                __libc_init_array
 .text.std      0x08003de4       0x6c /opt/MatrixMCU/arm-gnu-toolchain-13.2.Rel1-x86_64-arm-none-eabi/bin/../lib/gcc/arm-none-eabi/13.2.1/../../../../arm-none-eabi/lib/thumb/v7e-m+fp/hard/libc_nano.a(libc_a-findfp.o)
 .text.stdio_exit_handler
                0x08003e50       0x18 /opt/MatrixMCU/arm-gnu-toolchain-13.2.Rel1-x86_64-arm-none-eabi/bin/../lib/gcc/arm-none-eabi/13.2.1/../../../../arm-none-eabi/lib/thumb/v7e-m+fp/hard/libc_nano.a(libc_a-findfp.o)
 .text.cleanup_stdio
                0x08003e68       0x40 /opt/MatrixMCU/arm-gnu-toolchain-13.2.Rel1-x86_64-arm-none-eabi/bin/../lib/gcc/arm-none-eabi/13.2.1/../../../../arm-none-eabi/lib/thumb/v7e-m+fp/hard/libc_nano.a(libc_a-findfp.o)
 .text.global_stdio_init.part.0
                0x08003ea8       0x3c /opt/MatrixMCU/arm-gnu-toolchain-13.2.Rel1-x86_64-arm-none-eabi/bin/../lib/gcc/arm-none-eabi/13.2.1/../../../../arm-none-eabi/lib/thumb/v7e-m+fp/hard/libc_nano.a(libc_a-findfp.o)
 .text.__sfp_lock_acquire
                0x08003ee4        0xc /opt/MatrixMCU/arm-gnu-toolchain-13.2.Rel1-x86_64-arm-none-eabi/bin/../lib/gcc/arm-none-eabi/13.2.1/../../../../arm-none-eabi/lib/thumb/v7e-m+fp/hard/libc_nano.a(libc_a-findfp.o)
                0x08003ee4                __sfp_lock_acquire
 .text.__sfp_lock_release
                0x08003ef0        0xc /opt/MatrixMCU/arm-gnu-toolchain-13.2.Rel1-x86_64-arm-none-eabi/bin/../lib/gcc/arm-none-eabi/13.2.1/../../../../arm-none-eabi/lib/thumb/v7e-m+fp/hard/libc_nano.a(libc_a-findfp.o)
                0x08003ef0                __sfp_lock_release
 .text.__sinit  0x08003efc       0x30 /opt/MatrixMCU/arm-gnu-toolchain-13.2.Rel1-x86_64-arm-none-eabi/bin/../lib/gcc/arm-none-eabi/13.2.1/../../../../arm-none-eabi/lib/thumb/v7e-m+fp/hard/libc_nano.a(libc_a-findfp.o)
                0x08003efc                __sinit
 .text.__sread  0x08003f2c       0x22 /opt/MatrixMCU/arm-gnu-toolchain-13.2.Rel1-x86_64-arm-none-eabi/bin/../lib/gcc/arm-none-eabi/13.2.1/../../../../arm-none-eabi/lib/thumb/v7e-m+fp/hard/libc_nano.a(libc_a-stdio.o)
                0x08003f2c                __sread
 .text.__swrite
                0x08003f4e       0x38 /opt/MatrixMCU/arm-gnu-toolchain-13.2.Rel1-x86_64-arm-none-eabi/bin/../lib/gcc/arm-none-eabi/13.2.1/../../../../arm-none-eabi/lib/thumb/v7e-m+fp/hard/libc_nano.a(libc_a-stdio.o)
                0x08003f4e                __swrite
 .text.__sseek  0x08003f86       0x24 /opt/MatrixMCU/arm-gnu-toolchain-13.2.Rel1-x86_64-arm-none-eabi/bin/../lib/gcc/arm-none-eabi/13.2.1/../../../../arm-none-eabi/lib/thumb/v7e-m+fp/hard/libc_nano.a(libc_a-stdio.o)
                0x08003f86                __sseek
 .text.__sclose
                0x08003faa        0x8 /opt/MatrixMCU/arm-gnu-toolchain-13.2.Rel1-x86_64-arm-none-eabi/bin/../lib/gcc/arm-none-eabi/13.2.1/../../../../arm-none-eabi/lib/thumb/v7e-m+fp/hard/libc_nano.a(libc_a-stdio.o)
                0x08003faa                __sclose
 *fill*         0x08003fb2        0x2 
 .text._read_r  0x08003fb4       0x24 /opt/MatrixMCU/arm-gnu-toolchain-13.2.Rel1-x86_64-arm-none-eabi/bin/../lib/gcc/arm-none-eabi/13.2.1/../../../../arm-none-eabi/lib/thumb/v7e-m+fp/hard/libc_nano.a(libc_a-readr.o)
                0x08003fb4                _read_r
 .text._write_r
                0x08003fd8       0x24 /opt/MatrixMCU/arm-gnu-toolchain-13.2.Rel1-x86_64-arm-none-eabi/bin/../lib/gcc/arm-none-eabi/13.2.1/../../../../arm-none-eabi/lib/thumb/v7e-m+fp/hard/libc_nano.a(libc_a-writer.o)
                0x08003fd8                _write_r
 .text._fwalk_sglue
                0x08003ffc       0x3c /opt/MatrixMCU/arm-gnu-toolchain-13.2.Rel1-x86_64-arm-none-eabi/bin/../lib/gcc/arm-none-eabi/13.2.1/../../../../arm-none-eabi/lib/thumb/v7e-m+fp/hard/libc_nano.a(libc_a-fwalk.o)
                0x08003ffc                _fwalk_sglue
 .text.memset   0x08004038       0x10 /opt/MatrixMCU/arm-gnu-toolchain-13.2.Rel1-x86_64-arm-none-eabi/bin/../lib/gcc/arm-none-eabi/13.2.1/../../../../arm-none-eabi/lib/thumb/v7e-m+fp/hard/libc_nano.a(libc_a-memset.o)
                0x08004038                memset
 .text.__retarget_lock_init_recursive
                0x08004048        0x2 /opt/MatrixMCU/arm-gnu-toolchain-13.2.Rel1-x86_64-arm-none-eabi/bin/../lib/gcc/arm-none-eabi/13.2.1/../../../../arm-none-eabi/lib/thumb/v7e-m+fp/hard/libc_nano.a(libc_a-lock.o)
                0x08004048                __retarget_lock_init_recursive
 .text.__retarget_lock_acquire_recursive
                0x0800404a        0x2 /opt/MatrixMCU/arm-gnu-toolchain-13.2.Rel1-x86_64-arm-none-eabi/bin/../lib/gcc/arm-none-eabi/13.2.1/../../../../arm-none-eabi/lib/thumb/v7e-m+fp/hard/libc_nano.a(libc_a-lock.o)
                0x0800404a                __retarget_lock_acquire_recursive
 .text.__retarget_lock_release_recursive
                0x0800404c        0x2 /opt/MatrixMCU/arm-gnu-toolchain-13.2.Rel1-x86_64-arm-none-eabi/bin/../lib/gcc/arm-none-eabi/13.2.1/../../../../arm-none-eabi/lib/thumb/v7e-m+fp/hard/libc_nano.a(libc_a-lock.o)
                0x0800404c                __retarget_lock_release_recursive
 *fill*         0x0800404e        0x2 
 .text._close_r
                0x08004050       0x20 /opt/MatrixMCU/arm-gnu-toolchain-13.2.Rel1-x86_64-arm-none-eabi/bin/../lib/gcc/arm-none-eabi/13.2.1/../../../../arm-none-eabi/lib/thumb/v7e-m+fp/hard/libc_nano.a(libc_a-closer.o)
                0x08004050                _close_r
 .text.__sflush_r
                0x08004070      0x108 /opt/MatrixMCU/arm-gnu-toolchain-13.2.Rel1-x86_64-arm-none-eabi/bin/../lib/gcc/arm-none-eabi/13.2.1/../../../../arm-none-eabi/lib/thumb/v7e-m+fp/hard/libc_nano.a(libc_a-fflush.o)
                0x08004070                __sflush_r
 .text._fflush_r
                0x08004178       0x50 /opt/MatrixMCU/arm-gnu-toolchain-13.2.Rel1-x86_64-arm-none-eabi/bin/../lib/gcc/arm-none-eabi/13.2.1/../../../../arm-none-eabi/lib/thumb/v7e-m+fp/hard/libc_nano.a(libc_a-fflush.o)
                0x08004178                _fflush_r
 .text.sbrk_aligned
                0x080041c8       0x44 /opt/MatrixMCU/arm-gnu-toolchain-13.2.Rel1-x86_64-arm-none-eabi/bin/../lib/gcc/arm-none-eabi/13.2.1/../../../../arm-none-eabi/lib/thumb/v7e-m+fp/hard/libc_nano.a(libc_a-mallocr.o)
 .text._malloc_r
                0x0800420c      0x100 /opt/MatrixMCU/arm-gnu-toolchain-13.2.Rel1-x86_64-arm-none-eabi/bin/../lib/gcc/arm-none-eabi/13.2.1/../../../../arm-none-eabi/lib/thumb/v7e-m+fp/hard/libc_nano.a(libc_a-mallocr.o)
                0x0800420c                _malloc_r
 .text._lseek_r
                0x0800430c       0x24 /opt/MatrixMCU/arm-gnu-toolchain-13.2.Rel1-x86_64-arm-none-eabi/bin/../lib/gcc/arm-none-eabi/13.2.1/../../../../arm-none-eabi/lib/thumb/v7e-m+fp/hard/libc_nano.a(libc_a-lseekr.o)
                0x0800430c                _lseek_r
 .text.__malloc_lock
                0x08004330        0xc /opt/MatrixMCU/arm-gnu-toolchain-13.2.Rel1-x86_64-arm-none-eabi/bin/../lib/gcc/arm-none-eabi/13.2.1/../../../../arm-none-eabi/lib/thumb/v7e-m+fp/hard/libc_nano.a(libc_a-mlock.o)
                0x08004330                __malloc_lock
 .text.__malloc_unlock
                0x0800433c        0xc /opt/MatrixMCU/arm-gnu-toolchain-13.2.Rel1-x86_64-arm-none-eabi/bin/../lib/gcc/arm-none-eabi/13.2.1/../../../../arm-none-eabi/lib/thumb/v7e-m+fp/hard/libc_nano.a(libc_a-mlock.o)
                0x0800433c                __malloc_unlock
 .text._sbrk_r  0x08004348       0x20 /opt/MatrixMCU/arm-gnu-toolchain-13.2.Rel1-x86_64-arm-none-eabi/bin/../lib/gcc/arm-none-eabi/13.2.1/../../../../arm-none-eabi/lib/thumb/v7e-m+fp/hard/libc_nano.a(libc_a-sbrkr.o)
                0x08004348                _sbrk_r
 .text._free_r  0x08004368       0x94 /opt/MatrixMCU/arm-gnu-toolchain-13.2.Rel1-x86_64-arm-none-eabi/bin/../lib/gcc/arm-none-eabi/13.2.1/../../../../arm-none-eabi/lib/thumb/v7e-m+fp/hard/libc_nano.a(libc_a-freer.o)
                0x08004368                _free_r
 .text.Reset_Handler
                0x080043fc       0x50 ../../../libplatform.a(startup_stm32f446xx.s.obj)
                0x080043fc                Reset_Handler
 .text.Default_Handler
                0x0800444c        0x2 ../../../libplatform.a(startup_stm32f446xx.s.obj)
                0x0800444c                RTC_Alarm_IRQHandler
                0x0800444c                EXTI2_IRQHandler
                0x0800444c                TIM8_CC_IRQHandler
                0x0800444c                DebugMon_Handler
                0x0800444c                FMPI2C1_EV_IRQHandler
                0x0800444c                SPI4_IRQHandler
                0x0800444c                TIM1_CC_IRQHandler
                0x0800444c                DMA2_Stream5_IRQHandler
                0x0800444c                HardFault_Handler
                0x0800444c                DMA1_Stream5_IRQHandler
                0x0800444c                PVD_IRQHandler
                0x0800444c                SDIO_IRQHandler
                0x0800444c                TAMP_STAMP_IRQHandler
                0x0800444c                PendSV_Handler
                0x0800444c                NMI_Handler
                0x0800444c                CAN2_RX1_IRQHandler
                0x0800444c                EXTI3_IRQHandler
                0x0800444c                TIM8_TRG_COM_TIM14_IRQHandler
                0x0800444c                TIM1_UP_TIM10_IRQHandler
                0x0800444c                TIM8_UP_TIM13_IRQHandler
                0x0800444c                I2C3_ER_IRQHandler
                0x0800444c                EXTI0_IRQHandler
                0x0800444c                I2C2_EV_IRQHandler
                0x0800444c                DMA1_Stream2_IRQHandler
                0x0800444c                CAN1_RX0_IRQHandler
                0x0800444c                FPU_IRQHandler
                0x0800444c                OTG_HS_WKUP_IRQHandler
                0x0800444c                UsageFault_Handler
                0x0800444c                CAN2_SCE_IRQHandler
                0x0800444c                DMA2_Stream2_IRQHandler
                0x0800444c                SPI1_IRQHandler
                0x0800444c                TIM6_DAC_IRQHandler
                0x0800444c                TIM1_BRK_TIM9_IRQHandler
                0x0800444c                DCMI_IRQHandler
                0x0800444c                CAN2_RX0_IRQHandler
                0x0800444c                DMA2_Stream3_IRQHandler
                0x0800444c                SAI2_IRQHandler
                0x0800444c                USART6_IRQHandler
                0x0800444c                CAN1_RX1_IRQHandler
                0x0800444c                UART5_IRQHandler
                0x0800444c                DMA2_Stream0_IRQHandler
                0x0800444c                TIM4_IRQHandler
                0x0800444c                QUADSPI_IRQHandler
                0x0800444c                I2C1_EV_IRQHandler
                0x0800444c                DMA1_Stream6_IRQHandler
                0x0800444c                DMA1_Stream1_IRQHandler
                0x0800444c                UART4_IRQHandler
                0x0800444c                TIM3_IRQHandler
                0x0800444c                RCC_IRQHandler
                0x0800444c                TIM8_BRK_TIM12_IRQHandler
                0x0800444c                Default_Handler
                0x0800444c                CEC_IRQHandler
                0x0800444c                ADC_IRQHandler
                0x0800444c                DMA1_Stream7_IRQHandler
                0x0800444c                TIM7_IRQHandler
                0x0800444c                CAN2_TX_IRQHandler
                0x0800444c                TIM5_IRQHandler
                0x0800444c                DMA2_Stream7_IRQHandler
                0x0800444c                I2C3_EV_IRQHandler
                0x0800444c                EXTI9_5_IRQHandler
                0x0800444c                RTC_WKUP_IRQHandler
                0x0800444c                SPDIF_RX_IRQHandler
                0x0800444c                SPI2_IRQHandler
                0x0800444c                OTG_HS_EP1_IN_IRQHandler
                0x0800444c                MemManage_Handler
                0x0800444c                DMA1_Stream0_IRQHandler
                0x0800444c                CAN1_TX_IRQHandler
                0x0800444c                SVC_Handler
                0x0800444c                FMPI2C1_ER_IRQHandler
                0x0800444c                EXTI4_IRQHandler
                0x0800444c                OTG_HS_EP1_OUT_IRQHandler
                0x0800444c                WWDG_IRQHandler
                0x0800444c                TIM2_IRQHandler
                0x0800444c                OTG_FS_WKUP_IRQHandler
                0x0800444c                TIM1_TRG_COM_TIM11_IRQHandler
                0x0800444c                OTG_HS_IRQHandler
                0x0800444c                EXTI1_IRQHandler
                0x0800444c                USART2_IRQHandler
                0x0800444c                I2C2_ER_IRQHandler
                0x0800444c                DMA2_Stream1_IRQHandler
                0x0800444c                CAN1_SCE_IRQHandler
                0x0800444c                FLASH_IRQHandler
                0x0800444c                DMA2_Stream4_IRQHandler
                0x0800444c                BusFault_Handler
                0x0800444c                USART1_IRQHandler
                0x0800444c                OTG_FS_IRQHandler
                0x0800444c                SPI3_IRQHandler
                0x0800444c                DMA1_Stream4_IRQHandler
                0x0800444c                I2C1_ER_IRQHandler
                0x0800444c                FMC_IRQHandler
                0x0800444c                DMA2_Stream6_IRQHandler
                0x0800444c                SAI1_IRQHandler
                0x0800444c                DMA1_Stream3_IRQHandler
 *fill*         0x0800444e        0x2 
 .text.putchar  0x08004450       0x10 /opt/MatrixMCU/arm-gnu-toolchain-13.2.Rel1-x86_64-arm-none-eabi/bin/../lib/gcc/arm-none-eabi/13.2.1/../../../../arm-none-eabi/lib/thumb/v7e-m+fp/hard/libg_nano.a(libc_a-putchar.o)
                0x08004450                putchar
 .text.memcpy   0x08004460       0x1c /opt/MatrixMCU/arm-gnu-toolchain-13.2.Rel1-x86_64-arm-none-eabi/bin/../lib/gcc/arm-none-eabi/13.2.1/../../../../arm-none-eabi/lib/thumb/v7e-m+fp/hard/libg_nano.a(libc_a-memcpy-stub.o)
                0x08004460                memcpy
 .text._putc_r  0x0800447c       0x68 /opt/MatrixMCU/arm-gnu-toolchain-13.2.Rel1-x86_64-arm-none-eabi/bin/../lib/gcc/arm-none-eabi/13.2.1/../../../../arm-none-eabi/lib/thumb/v7e-m+fp/hard/libg_nano.a(libc_a-putc.o)
                0x0800447c                _putc_r
 .text.__swbuf_r
                0x080044e4       0x7c /opt/MatrixMCU/arm-gnu-toolchain-13.2.Rel1-x86_64-arm-none-eabi/bin/../lib/gcc/arm-none-eabi/13.2.1/../../../../arm-none-eabi/lib/thumb/v7e-m+fp/hard/libg_nano.a(libc_a-wbuf.o)
                0x080044e4                __swbuf_r
 .text.__swsetup_r
                0x08004560       0xac /opt/MatrixMCU/arm-gnu-toolchain-13.2.Rel1-x86_64-arm-none-eabi/bin/../lib/gcc/arm-none-eabi/13.2.1/../../../../arm-none-eabi/lib/thumb/v7e-m+fp/hard/libg_nano.a(libc_a-wsetup.o)
                0x08004560                __swsetup_r
 .text.__swhatbuf_r
                0x0800460c       0x4c /opt/MatrixMCU/arm-gnu-toolchain-13.2.Rel1-x86_64-arm-none-eabi/bin/../lib/gcc/arm-none-eabi/13.2.1/../../../../arm-none-eabi/lib/thumb/v7e-m+fp/hard/libg_nano.a(libc_a-makebuf.o)
                0x0800460c                __swhatbuf_r
 .text.__smakebuf_r
                0x08004658       0x78 /opt/MatrixMCU/arm-gnu-toolchain-13.2.Rel1-x86_64-arm-none-eabi/bin/../lib/gcc/arm-none-eabi/13.2.1/../../../../arm-none-eabi/lib/thumb/v7e-m+fp/hard/libg_nano.a(libc_a-makebuf.o)
                0x08004658                __smakebuf_r
 .text._fstat_r
                0x080046d0       0x24 /opt/MatrixMCU/arm-gnu-toolchain-13.2.Rel1-x86_64-arm-none-eabi/bin/../lib/gcc/arm-none-eabi/13.2.1/../../../../arm-none-eabi/lib/thumb/v7e-m+fp/hard/libg_nano.a(libc_a-fstatr.o)
                0x080046d0                _fstat_r
 .text._isatty_r
                0x080046f4       0x20 /opt/MatrixMCU/arm-gnu-toolchain-13.2.Rel1-x86_64-arm-none-eabi/bin/../lib/gcc/arm-none-eabi/13.2.1/../../../../arm-none-eabi/lib/thumb/v7e-m+fp/hard/libg_nano.a(libc_a-isattyr.o)
                0x080046f4                _isatty_r
 .text.selfrel_offset31
                0x08004714       0x14 /opt/MatrixMCU/arm-gnu-toolchain-13.2.Rel1-x86_64-arm-none-eabi/bin/../lib/gcc/arm-none-eabi/13.2.1/thumb/v7e-m+fp/hard/libgcc.a(unwind-arm.o)
 .text.search_EIT_table
                0x08004728       0x68 /opt/MatrixMCU/arm-gnu-toolchain-13.2.Rel1-x86_64-arm-none-eabi/bin/../lib/gcc/arm-none-eabi/13.2.1/thumb/v7e-m+fp/hard/libgcc.a(unwind-arm.o)
 .text.__gnu_unwind_get_pr_addr
                0x08004790       0x28 /opt/MatrixMCU/arm-gnu-toolchain-13.2.Rel1-x86_64-arm-none-eabi/bin/../lib/gcc/arm-none-eabi/13.2.1/thumb/v7e-m+fp/hard/libgcc.a(unwind-arm.o)
 .text.get_eit_entry
                0x080047b8       0x98 /opt/MatrixMCU/arm-gnu-toolchain-13.2.Rel1-x86_64-arm-none-eabi/bin/../lib/gcc/arm-none-eabi/13.2.1/thumb/v7e-m+fp/hard/libgcc.a(unwind-arm.o)
 .text.restore_non_core_regs
                0x08004850       0x58 /opt/MatrixMCU/arm-gnu-toolchain-13.2.Rel1-x86_64-arm-none-eabi/bin/../lib/gcc/arm-none-eabi/13.2.1/thumb/v7e-m+fp/hard/libgcc.a(unwind-arm.o)
 .text._Unwind_decode_typeinfo_ptr.constprop.0
                0x080048a8        0xc /opt/MatrixMCU/arm-gnu-toolchain-13.2.Rel1-x86_64-arm-none-eabi/bin/../lib/gcc/arm-none-eabi/13.2.1/thumb/v7e-m+fp/hard/libgcc.a(unwind-arm.o)
 .text._Unwind_DebugHook
                0x080048b4        0x4 /opt/MatrixMCU/arm-gnu-toolchain-13.2.Rel1-x86_64-arm-none-eabi/bin/../lib/gcc/arm-none-eabi/13.2.1/thumb/v7e-m+fp/hard/libgcc.a(unwind-arm.o)
 .text.unwind_phase2
                0x080048b8       0x3c /opt/MatrixMCU/arm-gnu-toolchain-13.2.Rel1-x86_64-arm-none-eabi/bin/../lib/gcc/arm-none-eabi/13.2.1/thumb/v7e-m+fp/hard/libgcc.a(unwind-arm.o)
 .text.unwind_phase2_forced
                0x080048f4       0xd8 /opt/MatrixMCU/arm-gnu-toolchain-13.2.Rel1-x86_64-arm-none-eabi/bin/../lib/gcc/arm-none-eabi/13.2.1/thumb/v7e-m+fp/hard/libgcc.a(unwind-arm.o)
 .text.__gnu_Unwind_RaiseException
                0x080049cc       0x68 /opt/MatrixMCU/arm-gnu-toolchain-13.2.Rel1-x86_64-arm-none-eabi/bin/../lib/gcc/arm-none-eabi/13.2.1/thumb/v7e-m+fp/hard/libgcc.a(unwind-arm.o)
                0x080049cc                __gnu_Unwind_RaiseException
 .text.__gnu_Unwind_ForcedUnwind
                0x08004a34       0x10 /opt/MatrixMCU/arm-gnu-toolchain-13.2.Rel1-x86_64-arm-none-eabi/bin/../lib/gcc/arm-none-eabi/13.2.1/thumb/v7e-m+fp/hard/libgcc.a(unwind-arm.o)
                0x08004a34                __gnu_Unwind_ForcedUnwind
 .text.__gnu_Unwind_Resume
                0x08004a44       0x44 /opt/MatrixMCU/arm-gnu-toolchain-13.2.Rel1-x86_64-arm-none-eabi/bin/../lib/gcc/arm-none-eabi/13.2.1/thumb/v7e-m+fp/hard/libgcc.a(unwind-arm.o)
                0x08004a44                __gnu_Unwind_Resume
 .text.__gnu_Unwind_Resume_or_Rethrow
                0x08004a88       0x14 /opt/MatrixMCU/arm-gnu-toolchain-13.2.Rel1-x86_64-arm-none-eabi/bin/../lib/gcc/arm-none-eabi/13.2.1/thumb/v7e-m+fp/hard/libgcc.a(unwind-arm.o)
                0x08004a88                __gnu_Unwind_Resume_or_Rethrow
 .text._Unwind_VRS_Get
                0x08004a9c       0x34 /opt/MatrixMCU/arm-gnu-toolchain-13.2.Rel1-x86_64-arm-none-eabi/bin/../lib/gcc/arm-none-eabi/13.2.1/thumb/v7e-m+fp/hard/libgcc.a(unwind-arm.o)
                0x08004a9c                _Unwind_VRS_Get
 .text._Unwind_GetGR
                0x08004ad0       0x1c /opt/MatrixMCU/arm-gnu-toolchain-13.2.Rel1-x86_64-arm-none-eabi/bin/../lib/gcc/arm-none-eabi/13.2.1/thumb/v7e-m+fp/hard/libgcc.a(unwind-arm.o)
 .text._Unwind_VRS_Set
                0x08004aec       0x34 /opt/MatrixMCU/arm-gnu-toolchain-13.2.Rel1-x86_64-arm-none-eabi/bin/../lib/gcc/arm-none-eabi/13.2.1/thumb/v7e-m+fp/hard/libgcc.a(unwind-arm.o)
                0x08004aec                _Unwind_VRS_Set
 .text._Unwind_SetGR
                0x08004b20       0x18 /opt/MatrixMCU/arm-gnu-toolchain-13.2.Rel1-x86_64-arm-none-eabi/bin/../lib/gcc/arm-none-eabi/13.2.1/thumb/v7e-m+fp/hard/libgcc.a(unwind-arm.o)
 .text.__gnu_Unwind_Backtrace
                0x08004b38       0x84 /opt/MatrixMCU/arm-gnu-toolchain-13.2.Rel1-x86_64-arm-none-eabi/bin/../lib/gcc/arm-none-eabi/13.2.1/thumb/v7e-m+fp/hard/libgcc.a(unwind-arm.o)
                0x08004b38                __gnu_Unwind_Backtrace
 .text.__gnu_unwind_pr_common
                0x08004bbc      0x2a4 /opt/MatrixMCU/arm-gnu-toolchain-13.2.Rel1-x86_64-arm-none-eabi/bin/../lib/gcc/arm-none-eabi/13.2.1/thumb/v7e-m+fp/hard/libgcc.a(unwind-arm.o)
 .text.__aeabi_unwind_cpp_pr0
                0x08004e60        0x8 /opt/MatrixMCU/arm-gnu-toolchain-13.2.Rel1-x86_64-arm-none-eabi/bin/../lib/gcc/arm-none-eabi/13.2.1/thumb/v7e-m+fp/hard/libgcc.a(unwind-arm.o)
                0x08004e60                __aeabi_unwind_cpp_pr0
 .text.__aeabi_unwind_cpp_pr1
                0x08004e68        0x8 /opt/MatrixMCU/arm-gnu-toolchain-13.2.Rel1-x86_64-arm-none-eabi/bin/../lib/gcc/arm-none-eabi/13.2.1/thumb/v7e-m+fp/hard/libgcc.a(unwind-arm.o)
                0x08004e68                __aeabi_unwind_cpp_pr1
 .text.__aeabi_unwind_cpp_pr2
                0x08004e70        0x8 /opt/MatrixMCU/arm-gnu-toolchain-13.2.Rel1-x86_64-arm-none-eabi/bin/../lib/gcc/arm-none-eabi/13.2.1/thumb/v7e-m+fp/hard/libgcc.a(unwind-arm.o)
                0x08004e70                __aeabi_unwind_cpp_pr2
 .text._Unwind_VRS_Pop
                0x08004e78      0x2f0 /opt/MatrixMCU/arm-gnu-toolchain-13.2.Rel1-x86_64-arm-none-eabi/bin/../lib/gcc/arm-none-eabi/13.2.1/thumb/v7e-m+fp/hard/libgcc.a(unwind-arm.o)
                0x08004e78                _Unwind_VRS_Pop
 .text.next_unwind_byte
                0x08005168       0x38 /opt/MatrixMCU/arm-gnu-toolchain-13.2.Rel1-x86_64-arm-none-eabi/bin/../lib/gcc/arm-none-eabi/13.2.1/thumb/v7e-m+fp/hard/libgcc.a(pr-support.o)
 .text.__gnu_unwind_execute
                0x080051a0      0x2fc /opt/MatrixMCU/arm-gnu-toolchain-13.2.Rel1-x86_64-arm-none-eabi/bin/../lib/gcc/arm-none-eabi/13.2.1/thumb/v7e-m+fp/hard/libgcc.a(pr-support.o)
                0x080051a0                __gnu_unwind_execute
 .text.abort    0x0800549c        0xe /opt/MatrixMCU/arm-gnu-toolchain-13.2.Rel1-x86_64-arm-none-eabi/bin/../lib/gcc/arm-none-eabi/13.2.1/../../../../arm-none-eabi/lib/thumb/v7e-m+fp/hard/libg_nano.a(libc_a-abort.o)
                0x0800549c                abort
 .text._raise_r
                0x080054aa       0x50 /opt/MatrixMCU/arm-gnu-toolchain-13.2.Rel1-x86_64-arm-none-eabi/bin/../lib/gcc/arm-none-eabi/13.2.1/../../../../arm-none-eabi/lib/thumb/v7e-m+fp/hard/libg_nano.a(libc_a-signal.o)
                0x080054aa                _raise_r
 *fill*         0x080054fa        0x2 
 .text.raise    0x080054fc       0x10 /opt/MatrixMCU/arm-gnu-toolchain-13.2.Rel1-x86_64-arm-none-eabi/bin/../lib/gcc/arm-none-eabi/13.2.1/../../../../arm-none-eabi/lib/thumb/v7e-m+fp/hard/libg_nano.a(libc_a-signal.o)
                0x080054fc                raise
 .text._kill_r  0x0800550c       0x24 /opt/MatrixMCU/arm-gnu-toolchain-13.2.Rel1-x86_64-arm-none-eabi/bin/../lib/gcc/arm-none-eabi/13.2.1/../../../../arm-none-eabi/lib/thumb/v7e-m+fp/hard/libg_nano.a(libc_a-signalr.o)
                0x0800550c                _kill_r
 .text._getpid_r
                0x08005530        0x4 /opt/MatrixMCU/arm-gnu-toolchain-13.2.Rel1-x86_64-arm-none-eabi/bin/../lib/gcc/arm-none-eabi/13.2.1/../../../../arm-none-eabi/lib/thumb/v7e-m+fp/hard/libg_nano.a(libc_a-signalr.o)
                0x08005530                _getpid_r
 *(.glue_7)
 .glue_7        0x08005534        0x0 linker stubs
 *(.glue_7t)
 .glue_7t       0x08005534        0x0 linker stubs
 *(.eh_frame)
 .eh_frame      0x08005534        0x0 /opt/MatrixMCU/arm-gnu-toolchain-13.2.Rel1-x86_64-arm-none-eabi/bin/../lib/gcc/arm-none-eabi/13.2.1/thumb/v7e-m+fp/hard/crtbegin.o
 *(.init)
 .init          0x08005534        0x4 /opt/MatrixMCU/arm-gnu-toolchain-13.2.Rel1-x86_64-arm-none-eabi/bin/../lib/gcc/arm-none-eabi/13.2.1/thumb/v7e-m+fp/hard/crti.o
                0x08005534                _init
 .init          0x08005538        0x8 /opt/MatrixMCU/arm-gnu-toolchain-13.2.Rel1-x86_64-arm-none-eabi/bin/../lib/gcc/arm-none-eabi/13.2.1/thumb/v7e-m+fp/hard/crtn.o
 *(.fini)
 .fini          0x08005540        0x4 /opt/MatrixMCU/arm-gnu-toolchain-13.2.Rel1-x86_64-arm-none-eabi/bin/../lib/gcc/arm-none-eabi/13.2.1/thumb/v7e-m+fp/hard/crti.o
                0x08005540                _fini
 .fini          0x08005544        0x8 /opt/MatrixMCU/arm-gnu-toolchain-13.2.Rel1-x86_64-arm-none-eabi/bin/../lib/gcc/arm-none-eabi/13.2.1/thumb/v7e-m+fp/hard/crtn.o
                0x0800554c                        . = ALIGN (0x4)
                0x0800554c                        _etext = .

.vfp11_veneer   0x0800554c        0x0
 .vfp11_veneer  0x0800554c        0x0 linker stubs

.v4_bx          0x0800554c        0x0
 .v4_bx         0x0800554c        0x0 linker stubs

.iplt           0x0800554c        0x0
 .iplt          0x0800554c        0x0 /opt/MatrixMCU/arm-gnu-toolchain-13.2.Rel1-x86_64-arm-none-eabi/bin/../lib/gcc/arm-none-eabi/13.2.1/thumb/v7e-m+fp/hard/crtbegin.o

.rodata         0x0800554c      0xd70
                0x0800554c                        . = ALIGN (0x4)
 *(.rodata)
 .rodata        0x0800554c      0xac0 CMakeFiles/test_port_uart.dir/test_port_uart.c.obj
 .rodata        0x0800600c       0x18 ../../../libproject.a(port_system.c.obj)
                0x0800600c                AHBPrescTable
                0x0800601c                APBPrescTable
 .rodata        0x08006024      0x298 ../../../libunity.a(unity.c.obj)
                0x08006024                UnityStrOk
                0x08006028                UnityStrPass
                0x08006030                UnityStrFail
                0x08006038                UnityStrIgnore
                0x080061b8                UnityStrErrShorthand
                0x080061dc                UnityStrErrFloat
                0x080061fc                UnityStrErrDouble
                0x0800621c                UnityStrErr64
 *(.rodata*)
                0x080062bc                        . = ALIGN (0x4)

.ARM.extab
 *(.ARM.extab* .gnu.linkonce.armextab.*)

.ARM            0x080062bc       0x90
                0x080062bc                        __exidx_start = .
 *(.ARM.exidx*)
 .ARM.exidx     0x080062bc       0x10 /opt/MatrixMCU/arm-gnu-toolchain-13.2.Rel1-x86_64-arm-none-eabi/bin/../lib/gcc/arm-none-eabi/13.2.1/../../../../arm-none-eabi/lib/thumb/v7e-m+fp/hard/libg_nano.a(libc_a-setjmp.o)
 .ARM.exidx.text.selfrel_offset31
                0x080062cc        0x0 /opt/MatrixMCU/arm-gnu-toolchain-13.2.Rel1-x86_64-arm-none-eabi/bin/../lib/gcc/arm-none-eabi/13.2.1/thumb/v7e-m+fp/hard/libgcc.a(unwind-arm.o)
                                  0x8 (size before relaxing)
 .ARM.exidx.text.search_EIT_table
                0x080062cc        0x0 /opt/MatrixMCU/arm-gnu-toolchain-13.2.Rel1-x86_64-arm-none-eabi/bin/../lib/gcc/arm-none-eabi/13.2.1/thumb/v7e-m+fp/hard/libgcc.a(unwind-arm.o)
                                  0x8 (size before relaxing)
 .ARM.exidx.text.__gnu_unwind_get_pr_addr
                0x080062cc        0x0 /opt/MatrixMCU/arm-gnu-toolchain-13.2.Rel1-x86_64-arm-none-eabi/bin/../lib/gcc/arm-none-eabi/13.2.1/thumb/v7e-m+fp/hard/libgcc.a(unwind-arm.o)
                                  0x8 (size before relaxing)
 .ARM.exidx.text.get_eit_entry
                0x080062cc        0x8 /opt/MatrixMCU/arm-gnu-toolchain-13.2.Rel1-x86_64-arm-none-eabi/bin/../lib/gcc/arm-none-eabi/13.2.1/thumb/v7e-m+fp/hard/libgcc.a(unwind-arm.o)
 .ARM.exidx.text.restore_non_core_regs
                0x080062d4        0x8 /opt/MatrixMCU/arm-gnu-toolchain-13.2.Rel1-x86_64-arm-none-eabi/bin/../lib/gcc/arm-none-eabi/13.2.1/thumb/v7e-m+fp/hard/libgcc.a(unwind-arm.o)
 .ARM.exidx.text._Unwind_decode_typeinfo_ptr.constprop.0
                0x080062dc        0x8 /opt/MatrixMCU/arm-gnu-toolchain-13.2.Rel1-x86_64-arm-none-eabi/bin/../lib/gcc/arm-none-eabi/13.2.1/thumb/v7e-m+fp/hard/libgcc.a(unwind-arm.o)
 .ARM.exidx.text._Unwind_DebugHook
                0x080062e4        0x0 /opt/MatrixMCU/arm-gnu-toolchain-13.2.Rel1-x86_64-arm-none-eabi/bin/../lib/gcc/arm-none-eabi/13.2.1/thumb/v7e-m+fp/hard/libgcc.a(unwind-arm.o)
                                  0x8 (size before relaxing)
 .ARM.exidx.text.unwind_phase2
                0x080062e4        0x8 /opt/MatrixMCU/arm-gnu-toolchain-13.2.Rel1-x86_64-arm-none-eabi/bin/../lib/gcc/arm-none-eabi/13.2.1/thumb/v7e-m+fp/hard/libgcc.a(unwind-arm.o)
 .ARM.exidx.text.unwind_phase2_forced
                0x080062ec        0x8 /opt/MatrixMCU/arm-gnu-toolchain-13.2.Rel1-x86_64-arm-none-eabi/bin/../lib/gcc/arm-none-eabi/13.2.1/thumb/v7e-m+fp/hard/libgcc.a(unwind-arm.o)
 .ARM.exidx.text.__gnu_Unwind_RaiseException
                0x080062f4        0x8 /opt/MatrixMCU/arm-gnu-toolchain-13.2.Rel1-x86_64-arm-none-eabi/bin/../lib/gcc/arm-none-eabi/13.2.1/thumb/v7e-m+fp/hard/libgcc.a(unwind-arm.o)
 .ARM.exidx.text.__gnu_Unwind_ForcedUnwind
                0x080062fc        0x8 /opt/MatrixMCU/arm-gnu-toolchain-13.2.Rel1-x86_64-arm-none-eabi/bin/../lib/gcc/arm-none-eabi/13.2.1/thumb/v7e-m+fp/hard/libgcc.a(unwind-arm.o)
 .ARM.exidx.text.__gnu_Unwind_Resume
                0x08006304        0x8 /opt/MatrixMCU/arm-gnu-toolchain-13.2.Rel1-x86_64-arm-none-eabi/bin/../lib/gcc/arm-none-eabi/13.2.1/thumb/v7e-m+fp/hard/libgcc.a(unwind-arm.o)
 .ARM.exidx.text.__gnu_Unwind_Resume_or_Rethrow
                0x0800630c        0x8 /opt/MatrixMCU/arm-gnu-toolchain-13.2.Rel1-x86_64-arm-none-eabi/bin/../lib/gcc/arm-none-eabi/13.2.1/thumb/v7e-m+fp/hard/libgcc.a(unwind-arm.o)
 .ARM.exidx.text._Unwind_VRS_Get
                0x08006314        0x0 /opt/MatrixMCU/arm-gnu-toolchain-13.2.Rel1-x86_64-arm-none-eabi/bin/../lib/gcc/arm-none-eabi/13.2.1/thumb/v7e-m+fp/hard/libgcc.a(unwind-arm.o)
                                  0x8 (size before relaxing)
 .ARM.exidx.text._Unwind_GetGR
                0x08006314        0x0 /opt/MatrixMCU/arm-gnu-toolchain-13.2.Rel1-x86_64-arm-none-eabi/bin/../lib/gcc/arm-none-eabi/13.2.1/thumb/v7e-m+fp/hard/libgcc.a(unwind-arm.o)
                                  0x8 (size before relaxing)
 .ARM.exidx.text._Unwind_VRS_Set
                0x08006314        0x0 /opt/MatrixMCU/arm-gnu-toolchain-13.2.Rel1-x86_64-arm-none-eabi/bin/../lib/gcc/arm-none-eabi/13.2.1/thumb/v7e-m+fp/hard/libgcc.a(unwind-arm.o)
                                  0x8 (size before relaxing)
 .ARM.exidx.text._Unwind_SetGR
                0x08006314        0x0 /opt/MatrixMCU/arm-gnu-toolchain-13.2.Rel1-x86_64-arm-none-eabi/bin/../lib/gcc/arm-none-eabi/13.2.1/thumb/v7e-m+fp/hard/libgcc.a(unwind-arm.o)
                                  0x8 (size before relaxing)
 .ARM.exidx.text.__gnu_Unwind_Backtrace
                0x08006314        0x8 /opt/MatrixMCU/arm-gnu-toolchain-13.2.Rel1-x86_64-arm-none-eabi/bin/../lib/gcc/arm-none-eabi/13.2.1/thumb/v7e-m+fp/hard/libgcc.a(unwind-arm.o)
 .ARM.exidx.text.__gnu_unwind_pr_common
                0x0800631c        0x8 /opt/MatrixMCU/arm-gnu-toolchain-13.2.Rel1-x86_64-arm-none-eabi/bin/../lib/gcc/arm-none-eabi/13.2.1/thumb/v7e-m+fp/hard/libgcc.a(unwind-arm.o)
 .ARM.exidx.text.__aeabi_unwind_cpp_pr0
                0x08006324        0x8 /opt/MatrixMCU/arm-gnu-toolchain-13.2.Rel1-x86_64-arm-none-eabi/bin/../lib/gcc/arm-none-eabi/13.2.1/thumb/v7e-m+fp/hard/libgcc.a(unwind-arm.o)
 .ARM.exidx.text.__aeabi_unwind_cpp_pr1
                0x0800632c        0x0 /opt/MatrixMCU/arm-gnu-toolchain-13.2.Rel1-x86_64-arm-none-eabi/bin/../lib/gcc/arm-none-eabi/13.2.1/thumb/v7e-m+fp/hard/libgcc.a(unwind-arm.o)
                                  0x8 (size before relaxing)
 .ARM.exidx.text.__aeabi_unwind_cpp_pr2
                0x0800632c        0x0 /opt/MatrixMCU/arm-gnu-toolchain-13.2.Rel1-x86_64-arm-none-eabi/bin/../lib/gcc/arm-none-eabi/13.2.1/thumb/v7e-m+fp/hard/libgcc.a(unwind-arm.o)
                                  0x8 (size before relaxing)
 .ARM.exidx.text._Unwind_VRS_Pop
                0x0800632c        0x8 /opt/MatrixMCU/arm-gnu-toolchain-13.2.Rel1-x86_64-arm-none-eabi/bin/../lib/gcc/arm-none-eabi/13.2.1/thumb/v7e-m+fp/hard/libgcc.a(unwind-arm.o)
 .ARM.exidx.text.next_unwind_byte
                0x08006334        0x8 /opt/MatrixMCU/arm-gnu-toolchain-13.2.Rel1-x86_64-arm-none-eabi/bin/../lib/gcc/arm-none-eabi/13.2.1/thumb/v7e-m+fp/hard/libgcc.a(pr-support.o)
 .ARM.exidx.text.__gnu_unwind_execute
                0x0800633c       0x10 /opt/MatrixMCU/arm-gnu-toolchain-13.2.Rel1-x86_64-arm-none-eabi/bin/../lib/gcc/arm-none-eabi/13.2.1/thumb/v7e-m+fp/hard/libgcc.a(pr-support.o)
                                  0x8 (size before relaxing)
                0x0800634c                        __exidx_end = .

.rel.dyn        0x0800634c        0x0
 .rel.iplt      0x0800634c        0x0 /opt/MatrixMCU/arm-gnu-toolchain-13.2.Rel1-x86_64-arm-none-eabi/bin/../lib/gcc/arm-none-eabi/13.2.1/thumb/v7e-m+fp/hard/crtbegin.o

.preinit_array  0x0800634c        0x0
                0x0800634c                        PROVIDE (__preinit_array_start = .)
 *(.preinit_array*)
                0x0800634c                        PROVIDE (__preinit_array_end = .)

.init_array     0x0800634c        0x4
                0x0800634c                        PROVIDE (__init_array_start = .)
 *(SORT_BY_NAME(.init_array.*))
 *(.init_array*)
 .init_array    0x0800634c        0x4 /opt/MatrixMCU/arm-gnu-toolchain-13.2.Rel1-x86_64-arm-none-eabi/bin/../lib/gcc/arm-none-eabi/13.2.1/thumb/v7e-m+fp/hard/crtbegin.o
                0x08006350                        PROVIDE (__init_array_end = .)

.fini_array     0x08006350        0x4
                [!provide]                        PROVIDE (__fini_array_start = .)
 *(SORT_BY_NAME(.fini_array.*))
 *(.fini_array*)
 .fini_array    0x08006350        0x4 /opt/MatrixMCU/arm-gnu-toolchain-13.2.Rel1-x86_64-arm-none-eabi/bin/../lib/gcc/arm-none-eabi/13.2.1/thumb/v7e-m+fp/hard/crtbegin.o
                [!provide]                        PROVIDE (__fini_array_end = .)
                0x08006354                        _sidata = LOADADDR (.data)

.data           0x20000000       0xec load address 0x08006354
                0x20000000                        . = ALIGN (0x4)
                0x20000000                        _sdata = .
 *(.data)
 .data          0x20000000        0x8 ../../../libproject.a(port_button.c.obj)
                0x20000000                buttons_arr
 .data          0x20000008        0x4 ../../../libproject.a(port_system.c.obj)
                0x20000008                SystemCoreClock
 .data          0x2000000c       0x84 ../../../libproject.a(port_usart.c.obj)
                0x2000000c                usart_arr
 *(.data*)
 .data.__sglue  0x20000090        0xc /opt/MatrixMCU/arm-gnu-toolchain-13.2.Rel1-x86_64-arm-none-eabi/bin/../lib/gcc/arm-none-eabi/13.2.1/../../../../arm-none-eabi/lib/thumb/v7e-m+fp/hard/libc_nano.a(libc_a-findfp.o)
                0x20000090                __sglue
 .data._impure_ptr
                0x2000009c        0x4 /opt/MatrixMCU/arm-gnu-toolchain-13.2.Rel1-x86_64-arm-none-eabi/bin/../lib/gcc/arm-none-eabi/13.2.1/../../../../arm-none-eabi/lib/thumb/v7e-m+fp/hard/libc_nano.a(libc_a-impure.o)
                0x2000009c                _impure_ptr
 .data._impure_data
                0x200000a0       0x4c /opt/MatrixMCU/arm-gnu-toolchain-13.2.Rel1-x86_64-arm-none-eabi/bin/../lib/gcc/arm-none-eabi/13.2.1/../../../../arm-none-eabi/lib/thumb/v7e-m+fp/hard/libc_nano.a(libc_a-impure.o)
                0x200000a0                _impure_data
                0x200000ec                        . = ALIGN (0x4)
                0x200000ec                        _edata = .

.tm_clone_table
                0x200000ec        0x0 load address 0x08006440
 .tm_clone_table
                0x200000ec        0x0 /opt/MatrixMCU/arm-gnu-toolchain-13.2.Rel1-x86_64-arm-none-eabi/bin/../lib/gcc/arm-none-eabi/13.2.1/thumb/v7e-m+fp/hard/crtbegin.o
 .tm_clone_table
                0x200000ec        0x0 /opt/MatrixMCU/arm-gnu-toolchain-13.2.Rel1-x86_64-arm-none-eabi/bin/../lib/gcc/arm-none-eabi/13.2.1/thumb/v7e-m+fp/hard/crtend.o

.igot.plt       0x200000ec        0x0 load address 0x08006440
 .igot.plt      0x200000ec        0x0 /opt/MatrixMCU/arm-gnu-toolchain-13.2.Rel1-x86_64-arm-none-eabi/bin/../lib/gcc/arm-none-eabi/13.2.1/thumb/v7e-m+fp/hard/crtbegin.o
                0x200000ec                        . = ALIGN (0x4)

.bss            0x200000f0      0x244 load address 0x08006440
                0x200000f0                        _sbss = .
                0x200000f0                        __bss_start__ = _sbss
 *(.bss)
 .bss           0x200000f0        0x4 ../../../libproject.a(port_system.c.obj)
 .bss           0x200000f4        0x8 ../../../libproject.a(syscalls.c.obj)
                0x200000f4                __env
 *fill*         0x200000fc        0x4 
 .bss           0x20000100       0xcc ../../../libunity.a(unity.c.obj)
                0x20000100                Unity
 *(.bss*)
 .bss.completed.1
                0x200001cc        0x1 /opt/MatrixMCU/arm-gnu-toolchain-13.2.Rel1-x86_64-arm-none-eabi/bin/../lib/gcc/arm-none-eabi/13.2.1/thumb/v7e-m+fp/hard/crtbegin.o
 *fill*         0x200001cd        0x3 
 .bss.object.0  0x200001d0       0x18 /opt/MatrixMCU/arm-gnu-toolchain-13.2.Rel1-x86_64-arm-none-eabi/bin/../lib/gcc/arm-none-eabi/13.2.1/thumb/v7e-m+fp/hard/crtbegin.o
 .bss.__sf      0x200001e8      0x138 /opt/MatrixMCU/arm-gnu-toolchain-13.2.Rel1-x86_64-arm-none-eabi/bin/../lib/gcc/arm-none-eabi/13.2.1/../../../../arm-none-eabi/lib/thumb/v7e-m+fp/hard/libc_nano.a(libc_a-findfp.o)
                0x200001e8                __sf
 .bss.__stdio_exit_handler
                0x20000320        0x4 /opt/MatrixMCU/arm-gnu-toolchain-13.2.Rel1-x86_64-arm-none-eabi/bin/../lib/gcc/arm-none-eabi/13.2.1/../../../../arm-none-eabi/lib/thumb/v7e-m+fp/hard/libc_nano.a(libc_a-findfp.o)
                0x20000320                __stdio_exit_handler
 .bss.__lock___malloc_recursive_mutex
                0x20000324        0x1 /opt/MatrixMCU/arm-gnu-toolchain-13.2.Rel1-x86_64-arm-none-eabi/bin/../lib/gcc/arm-none-eabi/13.2.1/../../../../arm-none-eabi/lib/thumb/v7e-m+fp/hard/libc_nano.a(libc_a-lock.o)
                0x20000324                __lock___malloc_recursive_mutex
 .bss.__lock___sfp_recursive_mutex
                0x20000325        0x1 /opt/MatrixMCU/arm-gnu-toolchain-13.2.Rel1-x86_64-arm-none-eabi/bin/../lib/gcc/arm-none-eabi/13.2.1/../../../../arm-none-eabi/lib/thumb/v7e-m+fp/hard/libc_nano.a(libc_a-lock.o)
                0x20000325                __lock___sfp_recursive_mutex
 *fill*         0x20000326        0x2 
 .bss.errno     0x20000328        0x4 /opt/MatrixMCU/arm-gnu-toolchain-13.2.Rel1-x86_64-arm-none-eabi/bin/../lib/gcc/arm-none-eabi/13.2.1/../../../../arm-none-eabi/lib/thumb/v7e-m+fp/hard/libc_nano.a(libc_a-reent.o)
                0x20000328                errno
 .bss.__malloc_sbrk_start
                0x2000032c        0x4 /opt/MatrixMCU/arm-gnu-toolchain-13.2.Rel1-x86_64-arm-none-eabi/bin/../lib/gcc/arm-none-eabi/13.2.1/../../../../arm-none-eabi/lib/thumb/v7e-m+fp/hard/libc_nano.a(libc_a-mallocr.o)
                0x2000032c                __malloc_sbrk_start
 .bss.__malloc_free_list
                0x20000330        0x4 /opt/MatrixMCU/arm-gnu-toolchain-13.2.Rel1-x86_64-arm-none-eabi/bin/../lib/gcc/arm-none-eabi/13.2.1/../../../../arm-none-eabi/lib/thumb/v7e-m+fp/hard/libc_nano.a(libc_a-mallocr.o)
                0x20000330                __malloc_free_list
 *(COMMON)
                0x20000334                        . = ALIGN (0x4)
                0x20000334                        _ebss = .
                0x20000334                        __bss_end__ = _ebss

._user_heap_stack
                0x20000334      0x604 load address 0x08006440
                0x20000338                        . = ALIGN (0x8)
 *fill*         0x20000334        0x4 
                0x20000338                        PROVIDE (end = .)
                [!provide]                        PROVIDE (_end = .)
                0x20000538                        . = (. + _Min_Heap_Size)
 *fill*         0x20000338      0x200 
                0x20000938                        . = (. + _Min_Stack_Size)
 *fill*         0x20000538      0x400 
                0x20000938                        . = ALIGN (0x8)

/DISCARD/
 libc.a(*)
 libm.a(*)
 libgcc.a(*)

.ARM.attributes
                0x00000000       0x30
 *(.ARM.attributes)
 .ARM.attributes
                0x00000000       0x22 /opt/MatrixMCU/arm-gnu-toolchain-13.2.Rel1-x86_64-arm-none-eabi/bin/../lib/gcc/arm-none-eabi/13.2.1/thumb/v7e-m+fp/hard/crti.o
 .ARM.attributes
                0x00000022       0x34 /opt/MatrixMCU/arm-gnu-toolchain-13.2.Rel1-x86_64-arm-none-eabi/bin/../lib/gcc/arm-none-eabi/13.2.1/thumb/v7e-m+fp/hard/crtbegin.o
 .ARM.attributes
                0x00000056       0x34 /opt/MatrixMCU/arm-gnu-toolchain-13.2.Rel1-x86_64-arm-none-eabi/bin/../lib/gcc/arm-none-eabi/13.2.1/../../../../arm-none-eabi/lib/thumb/v7e-m+fp/hard/libc_nano.a(libc_a-init.o)
 .ARM.attributes
                0x0000008a       0x34 /opt/MatrixMCU/arm-gnu-toolchain-13.2.Rel1-x86_64-arm-none-eabi/bin/../lib/gcc/arm-none-eabi/13.2.1/../../../../arm-none-eabi/lib/thumb/v7e-m+fp/hard/libc_nano.a(libc_a-findfp.o)
 .ARM.attributes
                0x000000be       0x34 /opt/MatrixMCU/arm-gnu-toolchain-13.2.Rel1-x86_64-arm-none-eabi/bin/../lib/gcc/arm-none-eabi/13.2.1/../../../../arm-none-eabi/lib/thumb/v7e-m+fp/hard/libc_nano.a(libc_a-stdio.o)
 .ARM.attributes
                0x000000f2       0x34 /opt/MatrixMCU/arm-gnu-toolchain-13.2.Rel1-x86_64-arm-none-eabi/bin/../lib/gcc/arm-none-eabi/13.2.1/../../../../arm-none-eabi/lib/thumb/v7e-m+fp/hard/libc_nano.a(libc_a-readr.o)
 .ARM.attributes
                0x00000126       0x34 /opt/MatrixMCU/arm-gnu-toolchain-13.2.Rel1-x86_64-arm-none-eabi/bin/../lib/gcc/arm-none-eabi/13.2.1/../../../../arm-none-eabi/lib/thumb/v7e-m+fp/hard/libc_nano.a(libc_a-writer.o)
 .ARM.attributes
                0x0000015a       0x34 /opt/MatrixMCU/arm-gnu-toolchain-13.2.Rel1-x86_64-arm-none-eabi/bin/../lib/gcc/arm-none-eabi/13.2.1/../../../../arm-none-eabi/lib/thumb/v7e-m+fp/hard/libc_nano.a(libc_a-fwalk.o)
 .ARM.attributes
                0x0000018e       0x34 /opt/MatrixMCU/arm-gnu-toolchain-13.2.Rel1-x86_64-arm-none-eabi/bin/../lib/gcc/arm-none-eabi/13.2.1/../../../../arm-none-eabi/lib/thumb/v7e-m+fp/hard/libc_nano.a(libc_a-memset.o)
 .ARM.attributes
                0x000001c2       0x34 /opt/MatrixMCU/arm-gnu-toolchain-13.2.Rel1-x86_64-arm-none-eabi/bin/../lib/gcc/arm-none-eabi/13.2.1/../../../../arm-none-eabi/lib/thumb/v7e-m+fp/hard/libc_nano.a(libc_a-lock.o)
 .ARM.attributes
                0x000001f6       0x34 /opt/MatrixMCU/arm-gnu-toolchain-13.2.Rel1-x86_64-arm-none-eabi/bin/../lib/gcc/arm-none-eabi/13.2.1/../../../../arm-none-eabi/lib/thumb/v7e-m+fp/hard/libc_nano.a(libc_a-closer.o)
 .ARM.attributes
                0x0000022a       0x34 /opt/MatrixMCU/arm-gnu-toolchain-13.2.Rel1-x86_64-arm-none-eabi/bin/../lib/gcc/arm-none-eabi/13.2.1/../../../../arm-none-eabi/lib/thumb/v7e-m+fp/hard/libc_nano.a(libc_a-reent.o)
 .ARM.attributes
                0x0000025e       0x34 /opt/MatrixMCU/arm-gnu-toolchain-13.2.Rel1-x86_64-arm-none-eabi/bin/../lib/gcc/arm-none-eabi/13.2.1/../../../../arm-none-eabi/lib/thumb/v7e-m+fp/hard/libc_nano.a(libc_a-impure.o)
 .ARM.attributes
                0x00000292       0x34 /opt/MatrixMCU/arm-gnu-toolchain-13.2.Rel1-x86_64-arm-none-eabi/bin/../lib/gcc/arm-none-eabi/13.2.1/../../../../arm-none-eabi/lib/thumb/v7e-m+fp/hard/libc_nano.a(libc_a-fflush.o)
 .ARM.attributes
                0x000002c6       0x34 /opt/MatrixMCU/arm-gnu-toolchain-13.2.Rel1-x86_64-arm-none-eabi/bin/../lib/gcc/arm-none-eabi/13.2.1/../../../../arm-none-eabi/lib/thumb/v7e-m+fp/hard/libc_nano.a(libc_a-mallocr.o)
 .ARM.attributes
                0x000002fa       0x34 /opt/MatrixMCU/arm-gnu-toolchain-13.2.Rel1-x86_64-arm-none-eabi/bin/../lib/gcc/arm-none-eabi/13.2.1/../../../../arm-none-eabi/lib/thumb/v7e-m+fp/hard/libc_nano.a(libc_a-lseekr.o)
 .ARM.attributes
                0x0000032e       0x34 /opt/MatrixMCU/arm-gnu-toolchain-13.2.Rel1-x86_64-arm-none-eabi/bin/../lib/gcc/arm-none-eabi/13.2.1/../../../../arm-none-eabi/lib/thumb/v7e-m+fp/hard/libc_nano.a(libc_a-mlock.o)
 .ARM.attributes
                0x00000362       0x34 /opt/MatrixMCU/arm-gnu-toolchain-13.2.Rel1-x86_64-arm-none-eabi/bin/../lib/gcc/arm-none-eabi/13.2.1/../../../../arm-none-eabi/lib/thumb/v7e-m+fp/hard/libc_nano.a(libc_a-sbrkr.o)
 .ARM.attributes
                0x00000396       0x34 /opt/MatrixMCU/arm-gnu-toolchain-13.2.Rel1-x86_64-arm-none-eabi/bin/../lib/gcc/arm-none-eabi/13.2.1/../../../../arm-none-eabi/lib/thumb/v7e-m+fp/hard/libc_nano.a(libc_a-freer.o)
 .ARM.attributes
                0x000003ca       0x34 CMakeFiles/test_port_uart.dir/test_port_uart.c.obj
 .ARM.attributes
                0x000003fe       0x34 CMakeFiles/test_port_uart.dir/__/__/__/port/stm32f4/src/interr.c.obj
 .ARM.attributes
                0x00000432       0x21 ../../../libplatform.a(startup_stm32f446xx.s.obj)
 .ARM.attributes
                0x00000453       0x34 ../../../libproject.a(port_button.c.obj)
 .ARM.attributes
                0x00000487       0x34 ../../../libproject.a(port_system.c.obj)
 .ARM.attributes
                0x000004bb       0x34 ../../../libproject.a(port_usart.c.obj)
 .ARM.attributes
                0x000004ef       0x34 ../../../libproject.a(syscalls.c.obj)
 .ARM.attributes
                0x00000523       0x34 ../../../libunity.a(unity.c.obj)
 .ARM.attributes
                0x00000557       0x20 /opt/MatrixMCU/arm-gnu-toolchain-13.2.Rel1-x86_64-arm-none-eabi/bin/../lib/gcc/arm-none-eabi/13.2.1/../../../../arm-none-eabi/lib/thumb/v7e-m+fp/hard/libg_nano.a(libc_a-setjmp.o)
 .ARM.attributes
                0x00000577       0x34 /opt/MatrixMCU/arm-gnu-toolchain-13.2.Rel1-x86_64-arm-none-eabi/bin/../lib/gcc/arm-none-eabi/13.2.1/../../../../arm-none-eabi/lib/thumb/v7e-m+fp/hard/libg_nano.a(libc_a-putchar.o)
 .ARM.attributes
                0x000005ab       0x34 /opt/MatrixMCU/arm-gnu-toolchain-13.2.Rel1-x86_64-arm-none-eabi/bin/../lib/gcc/arm-none-eabi/13.2.1/../../../../arm-none-eabi/lib/thumb/v7e-m+fp/hard/libg_nano.a(libc_a-memcpy-stub.o)
 .ARM.attributes
                0x000005df       0x34 /opt/MatrixMCU/arm-gnu-toolchain-13.2.Rel1-x86_64-arm-none-eabi/bin/../lib/gcc/arm-none-eabi/13.2.1/../../../../arm-none-eabi/lib/thumb/v7e-m+fp/hard/libg_nano.a(libc_a-putc.o)
 .ARM.attributes
                0x00000613       0x34 /opt/MatrixMCU/arm-gnu-toolchain-13.2.Rel1-x86_64-arm-none-eabi/bin/../lib/gcc/arm-none-eabi/13.2.1/../../../../arm-none-eabi/lib/thumb/v7e-m+fp/hard/libg_nano.a(libc_a-wbuf.o)
 .ARM.attributes
                0x00000647       0x34 /opt/MatrixMCU/arm-gnu-toolchain-13.2.Rel1-x86_64-arm-none-eabi/bin/../lib/gcc/arm-none-eabi/13.2.1/../../../../arm-none-eabi/lib/thumb/v7e-m+fp/hard/libg_nano.a(libc_a-wsetup.o)
 .ARM.attributes
                0x0000067b       0x34 /opt/MatrixMCU/arm-gnu-toolchain-13.2.Rel1-x86_64-arm-none-eabi/bin/../lib/gcc/arm-none-eabi/13.2.1/../../../../arm-none-eabi/lib/thumb/v7e-m+fp/hard/libg_nano.a(libc_a-makebuf.o)
 .ARM.attributes
                0x000006af       0x34 /opt/MatrixMCU/arm-gnu-toolchain-13.2.Rel1-x86_64-arm-none-eabi/bin/../lib/gcc/arm-none-eabi/13.2.1/../../../../arm-none-eabi/lib/thumb/v7e-m+fp/hard/libg_nano.a(libc_a-fstatr.o)
 .ARM.attributes
                0x000006e3       0x34 /opt/MatrixMCU/arm-gnu-toolchain-13.2.Rel1-x86_64-arm-none-eabi/bin/../lib/gcc/arm-none-eabi/13.2.1/../../../../arm-none-eabi/lib/thumb/v7e-m+fp/hard/libg_nano.a(libc_a-isattyr.o)
 .ARM.attributes
                0x00000717       0x34 /opt/MatrixMCU/arm-gnu-toolchain-13.2.Rel1-x86_64-arm-none-eabi/bin/../lib/gcc/arm-none-eabi/13.2.1/thumb/v7e-m+fp/hard/libgcc.a(unwind-arm.o)
 .ARM.attributes
                0x0000074b       0x22 /opt/MatrixMCU/arm-gnu-toolchain-13.2.Rel1-x86_64-arm-none-eabi/bin/../lib/gcc/arm-none-eabi/13.2.1/thumb/v7e-m+fp/hard/libgcc.a(libunwind.o)
 .ARM.attributes
                0x0000076d       0x34 /opt/MatrixMCU/arm-gnu-toolchain-13.2.Rel1-x86_64-arm-none-eabi/bin/../lib/gcc/arm-none-eabi/13.2.1/thumb/v7e-m+fp/hard/libgcc.a(pr-support.o)
 .ARM.attributes
                0x000007a1       0x34 /opt/MatrixMCU/arm-gnu-toolchain-13.2.Rel1-x86_64-arm-none-eabi/bin/../lib/gcc/arm-none-eabi/13.2.1/../../../../arm-none-eabi/lib/thumb/v7e-m+fp/hard/libg_nano.a(libc_a-abort.o)
 .ARM.attributes
                0x000007d5       0x34 /opt/MatrixMCU/arm-gnu-toolchain-13.2.Rel1-x86_64-arm-none-eabi/bin/../lib/gcc/arm-none-eabi/13.2.1/../../../../arm-none-eabi/lib/thumb/v7e-m+fp/hard/libg_nano.a(libc_a-signal.o)
 .ARM.attributes
                0x00000809       0x34 /opt/MatrixMCU/arm-gnu-toolchain-13.2.Rel1-x86_64-arm-none-eabi/bin/../lib/gcc/arm-none-eabi/13.2.1/../../../../arm-none-eabi/lib/thumb/v7e-m+fp/hard/libg_nano.a(libc_a-signalr.o)
 .ARM.attributes
                0x0000083d       0x34 /opt/MatrixMCU/arm-gnu-toolchain-13.2.Rel1-x86_64-arm-none-eabi/bin/../lib/gcc/arm-none-eabi/13.2.1/thumb/v7e-m+fp/hard/crtend.o
 .ARM.attributes
                0x00000871       0x22 /opt/MatrixMCU/arm-gnu-toolchain-13.2.Rel1-x86_64-arm-none-eabi/bin/../lib/gcc/arm-none-eabi/13.2.1/thumb/v7e-m+fp/hard/crtn.o
OUTPUT(/mnt/dataDisk/Documentos/Programacion/sdg2/entornos/MatrixMCU/projects/jukebox/bin/stm32f446re/Debug/test_port_uart.elf elf32-littlearm)
LOAD linker stubs
LOAD /opt/MatrixMCU/arm-gnu-toolchain-13.2.Rel1-x86_64-arm-none-eabi/bin/../lib/gcc/arm-none-eabi/13.2.1/../../../../arm-none-eabi/lib/thumb/v7e-m+fp/hard/libc.a
LOAD /opt/MatrixMCU/arm-gnu-toolchain-13.2.Rel1-x86_64-arm-none-eabi/bin/../lib/gcc/arm-none-eabi/13.2.1/../../../../arm-none-eabi/lib/thumb/v7e-m+fp/hard/libm.a
LOAD /opt/MatrixMCU/arm-gnu-toolchain-13.2.Rel1-x86_64-arm-none-eabi/bin/../lib/gcc/arm-none-eabi/13.2.1/thumb/v7e-m+fp/hard/libgcc.a

.debug_frame    0x00000000     0x1db4
 .debug_frame   0x00000000       0x2c /opt/MatrixMCU/arm-gnu-toolchain-13.2.Rel1-x86_64-arm-none-eabi/bin/../lib/gcc/arm-none-eabi/13.2.1/../../../../arm-none-eabi/lib/thumb/v7e-m+fp/hard/libc_nano.a(libc_a-init.o)
 .debug_frame   0x0000002c      0x144 /opt/MatrixMCU/arm-gnu-toolchain-13.2.Rel1-x86_64-arm-none-eabi/bin/../lib/gcc/arm-none-eabi/13.2.1/../../../../arm-none-eabi/lib/thumb/v7e-m+fp/hard/libc_nano.a(libc_a-findfp.o)
 .debug_frame   0x00000170       0x88 /opt/MatrixMCU/arm-gnu-toolchain-13.2.Rel1-x86_64-arm-none-eabi/bin/../lib/gcc/arm-none-eabi/13.2.1/../../../../arm-none-eabi/lib/thumb/v7e-m+fp/hard/libc_nano.a(libc_a-stdio.o)
 .debug_frame   0x000001f8       0x2c /opt/MatrixMCU/arm-gnu-toolchain-13.2.Rel1-x86_64-arm-none-eabi/bin/../lib/gcc/arm-none-eabi/13.2.1/../../../../arm-none-eabi/lib/thumb/v7e-m+fp/hard/libc_nano.a(libc_a-readr.o)
 .debug_frame   0x00000224       0x2c /opt/MatrixMCU/arm-gnu-toolchain-13.2.Rel1-x86_64-arm-none-eabi/bin/../lib/gcc/arm-none-eabi/13.2.1/../../../../arm-none-eabi/lib/thumb/v7e-m+fp/hard/libc_nano.a(libc_a-writer.o)
 .debug_frame   0x00000250       0x34 /opt/MatrixMCU/arm-gnu-toolchain-13.2.Rel1-x86_64-arm-none-eabi/bin/../lib/gcc/arm-none-eabi/13.2.1/../../../../arm-none-eabi/lib/thumb/v7e-m+fp/hard/libc_nano.a(libc_a-fwalk.o)
 .debug_frame   0x00000284       0x20 /opt/MatrixMCU/arm-gnu-toolchain-13.2.Rel1-x86_64-arm-none-eabi/bin/../lib/gcc/arm-none-eabi/13.2.1/../../../../arm-none-eabi/lib/thumb/v7e-m+fp/hard/libc_nano.a(libc_a-memset.o)
 .debug_frame   0x000002a4       0xb0 /opt/MatrixMCU/arm-gnu-toolchain-13.2.Rel1-x86_64-arm-none-eabi/bin/../lib/gcc/arm-none-eabi/13.2.1/../../../../arm-none-eabi/lib/thumb/v7e-m+fp/hard/libc_nano.a(libc_a-lock.o)
 .debug_frame   0x00000354       0x2c /opt/MatrixMCU/arm-gnu-toolchain-13.2.Rel1-x86_64-arm-none-eabi/bin/../lib/gcc/arm-none-eabi/13.2.1/../../../../arm-none-eabi/lib/thumb/v7e-m+fp/hard/libc_nano.a(libc_a-closer.o)
 .debug_frame   0x00000380       0x38 /opt/MatrixMCU/arm-gnu-toolchain-13.2.Rel1-x86_64-arm-none-eabi/bin/../lib/gcc/arm-none-eabi/13.2.1/../../../../arm-none-eabi/lib/thumb/v7e-m+fp/hard/libc_nano.a(libc_a-reent.o)
 .debug_frame   0x000003b8       0x5c /opt/MatrixMCU/arm-gnu-toolchain-13.2.Rel1-x86_64-arm-none-eabi/bin/../lib/gcc/arm-none-eabi/13.2.1/../../../../arm-none-eabi/lib/thumb/v7e-m+fp/hard/libc_nano.a(libc_a-fflush.o)
 .debug_frame   0x00000414       0x50 /opt/MatrixMCU/arm-gnu-toolchain-13.2.Rel1-x86_64-arm-none-eabi/bin/../lib/gcc/arm-none-eabi/13.2.1/../../../../arm-none-eabi/lib/thumb/v7e-m+fp/hard/libc_nano.a(libc_a-mallocr.o)
 .debug_frame   0x00000464       0x2c /opt/MatrixMCU/arm-gnu-toolchain-13.2.Rel1-x86_64-arm-none-eabi/bin/../lib/gcc/arm-none-eabi/13.2.1/../../../../arm-none-eabi/lib/thumb/v7e-m+fp/hard/libc_nano.a(libc_a-lseekr.o)
 .debug_frame   0x00000490       0x30 /opt/MatrixMCU/arm-gnu-toolchain-13.2.Rel1-x86_64-arm-none-eabi/bin/../lib/gcc/arm-none-eabi/13.2.1/../../../../arm-none-eabi/lib/thumb/v7e-m+fp/hard/libc_nano.a(libc_a-mlock.o)
 .debug_frame   0x000004c0       0x2c /opt/MatrixMCU/arm-gnu-toolchain-13.2.Rel1-x86_64-arm-none-eabi/bin/../lib/gcc/arm-none-eabi/13.2.1/../../../../arm-none-eabi/lib/thumb/v7e-m+fp/hard/libc_nano.a(libc_a-sbrkr.o)
 .debug_frame   0x000004ec       0x38 /opt/MatrixMCU/arm-gnu-toolchain-13.2.Rel1-x86_64-arm-none-eabi/bin/../lib/gcc/arm-none-eabi/13.2.1/../../../../arm-none-eabi/lib/thumb/v7e-m+fp/hard/libc_nano.a(libc_a-freer.o)
 .debug_frame   0x00000524      0x230 CMakeFiles/test_port_uart.dir/test_port_uart.c.obj
 .debug_frame   0x00000754       0x6c CMakeFiles/test_port_uart.dir/__/__/__/port/stm32f4/src/interr.c.obj
 .debug_frame   0x000007c0       0x78 ../../../libproject.a(port_button.c.obj)
 .debug_frame   0x00000838      0x33c ../../../libproject.a(port_system.c.obj)
 .debug_frame   0x00000b74      0x2e8 ../../../libproject.a(port_usart.c.obj)
 .debug_frame   0x00000e5c      0x318 ../../../libproject.a(syscalls.c.obj)
 .debug_frame   0x00001174      0x594 ../../../libunity.a(unity.c.obj)
 .debug_frame   0x00001708       0x30 /opt/MatrixMCU/arm-gnu-toolchain-13.2.Rel1-x86_64-arm-none-eabi/bin/../lib/gcc/arm-none-eabi/13.2.1/../../../../arm-none-eabi/lib/thumb/v7e-m+fp/hard/libg_nano.a(libc_a-putchar.o)
 .debug_frame   0x00001738       0x28 /opt/MatrixMCU/arm-gnu-toolchain-13.2.Rel1-x86_64-arm-none-eabi/bin/../lib/gcc/arm-none-eabi/13.2.1/../../../../arm-none-eabi/lib/thumb/v7e-m+fp/hard/libg_nano.a(libc_a-memcpy-stub.o)
 .debug_frame   0x00001760       0x3c /opt/MatrixMCU/arm-gnu-toolchain-13.2.Rel1-x86_64-arm-none-eabi/bin/../lib/gcc/arm-none-eabi/13.2.1/../../../../arm-none-eabi/lib/thumb/v7e-m+fp/hard/libg_nano.a(libc_a-putc.o)
 .debug_frame   0x0000179c       0x40 /opt/MatrixMCU/arm-gnu-toolchain-13.2.Rel1-x86_64-arm-none-eabi/bin/../lib/gcc/arm-none-eabi/13.2.1/../../../../arm-none-eabi/lib/thumb/v7e-m+fp/hard/libg_nano.a(libc_a-wbuf.o)
 .debug_frame   0x000017dc       0x2c /opt/MatrixMCU/arm-gnu-toolchain-13.2.Rel1-x86_64-arm-none-eabi/bin/../lib/gcc/arm-none-eabi/13.2.1/../../../../arm-none-eabi/lib/thumb/v7e-m+fp/hard/libg_nano.a(libc_a-wsetup.o)
 .debug_frame   0x00001808       0x58 /opt/MatrixMCU/arm-gnu-toolchain-13.2.Rel1-x86_64-arm-none-eabi/bin/../lib/gcc/arm-none-eabi/13.2.1/../../../../arm-none-eabi/lib/thumb/v7e-m+fp/hard/libg_nano.a(libc_a-makebuf.o)
 .debug_frame   0x00001860       0x2c /opt/MatrixMCU/arm-gnu-toolchain-13.2.Rel1-x86_64-arm-none-eabi/bin/../lib/gcc/arm-none-eabi/13.2.1/../../../../arm-none-eabi/lib/thumb/v7e-m+fp/hard/libg_nano.a(libc_a-fstatr.o)
 .debug_frame   0x0000188c       0x2c /opt/MatrixMCU/arm-gnu-toolchain-13.2.Rel1-x86_64-arm-none-eabi/bin/../lib/gcc/arm-none-eabi/13.2.1/../../../../arm-none-eabi/lib/thumb/v7e-m+fp/hard/libg_nano.a(libc_a-isattyr.o)
 .debug_frame   0x000018b8      0x2c8 /opt/MatrixMCU/arm-gnu-toolchain-13.2.Rel1-x86_64-arm-none-eabi/bin/../lib/gcc/arm-none-eabi/13.2.1/thumb/v7e-m+fp/hard/libgcc.a(unwind-arm.o)
 .debug_frame   0x00001b80      0x104 /opt/MatrixMCU/arm-gnu-toolchain-13.2.Rel1-x86_64-arm-none-eabi/bin/../lib/gcc/arm-none-eabi/13.2.1/thumb/v7e-m+fp/hard/libgcc.a(pr-support.o)
 .debug_frame   0x00001c84       0x28 /opt/MatrixMCU/arm-gnu-toolchain-13.2.Rel1-x86_64-arm-none-eabi/bin/../lib/gcc/arm-none-eabi/13.2.1/../../../../arm-none-eabi/lib/thumb/v7e-m+fp/hard/libg_nano.a(libc_a-abort.o)
 .debug_frame   0x00001cac       0xcc /opt/MatrixMCU/arm-gnu-toolchain-13.2.Rel1-x86_64-arm-none-eabi/bin/../lib/gcc/arm-none-eabi/13.2.1/../../../../arm-none-eabi/lib/thumb/v7e-m+fp/hard/libg_nano.a(libc_a-signal.o)
 .debug_frame   0x00001d78       0x3c /opt/MatrixMCU/arm-gnu-toolchain-13.2.Rel1-x86_64-arm-none-eabi/bin/../lib/gcc/arm-none-eabi/13.2.1/../../../../arm-none-eabi/lib/thumb/v7e-m+fp/hard/libg_nano.a(libc_a-signalr.o)

.debug_info     0x00000000     0x546c
 .debug_info    0x00000000     0x1087 CMakeFiles/test_port_uart.dir/test_port_uart.c.obj
 .debug_info    0x00001087      0x306 CMakeFiles/test_port_uart.dir/__/__/__/port/stm32f4/src/interr.c.obj
 .debug_info    0x0000138d       0x30 ../../../libplatform.a(startup_stm32f446xx.s.obj)
 .debug_info    0x000013bd      0x289 ../../../libproject.a(port_button.c.obj)
 .debug_info    0x00001646      0xff8 ../../../libproject.a(port_system.c.obj)
 .debug_info    0x0000263e      0xe7e ../../../libproject.a(port_usart.c.obj)
 .debug_info    0x000034bc      0x969 ../../../libproject.a(syscalls.c.obj)
 .debug_info    0x00003e25     0x1647 ../../../libunity.a(unity.c.obj)

.debug_abbrev   0x00000000     0x11a6
 .debug_abbrev  0x00000000      0x314 CMakeFiles/test_port_uart.dir/test_port_uart.c.obj
 .debug_abbrev  0x00000314      0x190 CMakeFiles/test_port_uart.dir/__/__/__/port/stm32f4/src/interr.c.obj
 .debug_abbrev  0x000004a4       0x24 ../../../libplatform.a(startup_stm32f446xx.s.obj)
 .debug_abbrev  0x000004c8      0x18e ../../../libproject.a(port_button.c.obj)
 .debug_abbrev  0x00000656      0x32c ../../../libproject.a(port_system.c.obj)
 .debug_abbrev  0x00000982      0x283 ../../../libproject.a(port_usart.c.obj)
 .debug_abbrev  0x00000c05      0x255 ../../../libproject.a(syscalls.c.obj)
 .debug_abbrev  0x00000e5a      0x34c ../../../libunity.a(unity.c.obj)

.debug_aranges  0x00000000      0x108
 .debug_aranges
                0x00000000       0x20 CMakeFiles/test_port_uart.dir/test_port_uart.c.obj
 .debug_aranges
                0x00000020       0x20 CMakeFiles/test_port_uart.dir/__/__/__/port/stm32f4/src/interr.c.obj
 .debug_aranges
                0x00000040       0x28 ../../../libplatform.a(startup_stm32f446xx.s.obj)
 .debug_aranges
                0x00000068       0x20 ../../../libproject.a(port_button.c.obj)
 .debug_aranges
                0x00000088       0x20 ../../../libproject.a(port_system.c.obj)
 .debug_aranges
                0x000000a8       0x20 ../../../libproject.a(port_usart.c.obj)
 .debug_aranges
                0x000000c8       0x20 ../../../libproject.a(syscalls.c.obj)
 .debug_aranges
                0x000000e8       0x20 ../../../libunity.a(unity.c.obj)

.debug_line     0x00000000     0x2cd1
 .debug_line    0x00000000      0x6dc CMakeFiles/test_port_uart.dir/test_port_uart.c.obj
 .debug_line    0x000006dc      0x325 CMakeFiles/test_port_uart.dir/__/__/__/port/stm32f4/src/interr.c.obj
 .debug_line    0x00000a01       0x7a ../../../libplatform.a(startup_stm32f446xx.s.obj)
 .debug_line    0x00000a7b      0x2b4 ../../../libproject.a(port_button.c.obj)
 .debug_line    0x00000d2f      0x725 ../../../libproject.a(port_system.c.obj)
 .debug_line    0x00001454      0x628 ../../../libproject.a(port_usart.c.obj)
 .debug_line    0x00001a7c      0x357 ../../../libproject.a(syscalls.c.obj)
 .debug_line    0x00001dd3      0xefe ../../../libunity.a(unity.c.obj)

.debug_str      0x00000000     0x241b
 .debug_str     0x00000000     0x241b CMakeFiles/test_port_uart.dir/test_port_uart.c.obj
                                0xfb5 (size before relaxing)
 .debug_str     0x0000241b      0x360 CMakeFiles/test_port_uart.dir/__/__/__/port/stm32f4/src/interr.c.obj
 .debug_str     0x0000241b      0x118 ../../../libplatform.a(startup_stm32f446xx.s.obj)
 .debug_str     0x0000241b      0x321 ../../../libproject.a(port_button.c.obj)
 .debug_str     0x0000241b      0xce5 ../../../libproject.a(port_system.c.obj)
 .debug_str     0x0000241b      0xcb9 ../../../libproject.a(port_usart.c.obj)
 .debug_str     0x0000241b      0x51b ../../../libproject.a(syscalls.c.obj)
 .debug_str     0x0000241b      0xdbc ../../../libunity.a(unity.c.obj)

.comment        0x00000000       0x44
 .comment       0x00000000       0x44 CMakeFiles/test_port_uart.dir/test_port_uart.c.obj
                                 0x45 (size before relaxing)
 .comment       0x00000044       0x45 CMakeFiles/test_port_uart.dir/__/__/__/port/stm32f4/src/interr.c.obj
 .comment       0x00000044       0x45 ../../../libproject.a(port_button.c.obj)
 .comment       0x00000044       0x45 ../../../libproject.a(port_system.c.obj)
 .comment       0x00000044       0x45 ../../../libproject.a(port_usart.c.obj)
 .comment       0x00000044       0x45 ../../../libproject.a(syscalls.c.obj)
 .comment       0x00000044       0x45 ../../../libunity.a(unity.c.obj)

.debug_line_str
                0x00000000      0x29c
 .debug_line_str
                0x00000000      0x29c ../../../libplatform.a(startup_stm32f446xx.s.obj)
                                 0xfc (size before relaxing)
 .debug_line_str
                0x0000029c       0xda /opt/MatrixMCU/arm-gnu-toolchain-13.2.Rel1-x86_64-arm-none-eabi/bin/../lib/gcc/arm-none-eabi/13.2.1/../../../../arm-none-eabi/lib/thumb/v7e-m+fp/hard/libg_nano.a(libc_a-setjmp.o)
 .debug_line_str
                0x0000029c       0xc6 /opt/MatrixMCU/arm-gnu-toolchain-13.2.Rel1-x86_64-arm-none-eabi/bin/../lib/gcc/arm-none-eabi/13.2.1/thumb/v7e-m+fp/hard/libgcc.a(libunwind.o)

.debug_rnglists
                0x00000000       0x19
 .debug_rnglists
                0x00000000       0x19 ../../../libplatform.a(startup_stm32f446xx.s.obj)

Cross Reference Table

Symbol                                            File
ADC_IRQHandler                                    ../../../libplatform.a(startup_stm32f446xx.s.obj)
AHBPrescTable                                     ../../../libproject.a(port_system.c.obj)
APBPrescTable                                     ../../../libproject.a(port_system.c.obj)
BusFault_Handler                                  ../../../libplatform.a(startup_stm32f446xx.s.obj)
CAN1_RX0_IRQHandler                               ../../../libplatform.a(startup_stm32f446xx.s.obj)
CAN1_RX1_IRQHandler                               ../../../libplatform.a(startup_stm32f446xx.s.obj)
CAN1_SCE_IRQHandler                               ../../../libplatform.a(startup_stm32f446xx.s.obj)
CAN1_TX_IRQHandler                                ../../../libplatform.a(startup_stm32f446xx.s.obj)
CAN2_RX0_IRQHandler                               ../../../libplatform.a(startup_stm32f446xx.s.obj)
CAN2_RX1_IRQHandler                               ../../../libplatform.a(startup_stm32f446xx.s.obj)
CAN2_SCE_IRQHandler                               ../../../libplatform.a(startup_stm32f446xx.s.obj)
CAN2_TX_IRQHandler                                ../../../libplatform.a(startup_stm32f446xx.s.obj)
CEC_IRQHandler                                    ../../../libplatform.a(startup_stm32f446xx.s.obj)
DCMI_IRQHandler                                   ../../../libplatform.a(startup_stm32f446xx.s.obj)
DMA1_Stream0_IRQHandler                           ../../../libplatform.a(startup_stm32f446xx.s.obj)
DMA1_Stream1_IRQHandler                           ../../../libplatform.a(startup_stm32f446xx.s.obj)
DMA1_Stream2_IRQHandler                           ../../../libplatform.a(startup_stm32f446xx.s.obj)
DMA1_Stream3_IRQHandler                           ../../../libplatform.a(startup_stm32f446xx.s.obj)
DMA1_Stream4_IRQHandler                           ../../../libplatform.a(startup_stm32f446xx.s.obj)
DMA1_Stream5_IRQHandler                           ../../../libplatform.a(startup_stm32f446xx.s.obj)
DMA1_Stream6_IRQHandler                           ../../../libplatform.a(startup_stm32f446xx.s.obj)
DMA1_Stream7_IRQHandler                           ../../../libplatform.a(startup_stm32f446xx.s.obj)
DMA2_Stream0_IRQHandler                           ../../../libplatform.a(startup_stm32f446xx.s.obj)
DMA2_Stream1_IRQHandler                           ../../../libplatform.a(startup_stm32f446xx.s.obj)
DMA2_Stream2_IRQHandler                           ../../../libplatform.a(startup_stm32f446xx.s.obj)
DMA2_Stream3_IRQHandler                           ../../../libplatform.a(startup_stm32f446xx.s.obj)
DMA2_Stream4_IRQHandler                           ../../../libplatform.a(startup_stm32f446xx.s.obj)
DMA2_Stream5_IRQHandler                           ../../../libplatform.a(startup_stm32f446xx.s.obj)
DMA2_Stream6_IRQHandler                           ../../../libplatform.a(startup_stm32f446xx.s.obj)
DMA2_Stream7_IRQHandler                           ../../../libplatform.a(startup_stm32f446xx.s.obj)
DebugMon_Handler                                  ../../../libplatform.a(startup_stm32f446xx.s.obj)
Default_Handler                                   ../../../libplatform.a(startup_stm32f446xx.s.obj)
EXTI0_IRQHandler                                  ../../../libplatform.a(startup_stm32f446xx.s.obj)
EXTI15_10_IRQHandler                              CMakeFiles/test_port_uart.dir/__/__/__/port/stm32f4/src/interr.c.obj
EXTI1_IRQHandler                                  ../../../libplatform.a(startup_stm32f446xx.s.obj)
EXTI2_IRQHandler                                  ../../../libplatform.a(startup_stm32f446xx.s.obj)
EXTI3_IRQHandler                                  ../../../libplatform.a(startup_stm32f446xx.s.obj)
EXTI4_IRQHandler                                  ../../../libplatform.a(startup_stm32f446xx.s.obj)
EXTI9_5_IRQHandler                                ../../../libplatform.a(startup_stm32f446xx.s.obj)
FLASH_IRQHandler                                  ../../../libplatform.a(startup_stm32f446xx.s.obj)
FMC_IRQHandler                                    ../../../libplatform.a(startup_stm32f446xx.s.obj)
FMPI2C1_ER_IRQHandler                             ../../../libplatform.a(startup_stm32f446xx.s.obj)
FMPI2C1_EV_IRQHandler                             ../../../libplatform.a(startup_stm32f446xx.s.obj)
FPU_IRQHandler                                    ../../../libplatform.a(startup_stm32f446xx.s.obj)
HardFault_Handler                                 ../../../libplatform.a(startup_stm32f446xx.s.obj)
I2C1_ER_IRQHandler                                ../../../libplatform.a(startup_stm32f446xx.s.obj)
I2C1_EV_IRQHandler                                ../../../libplatform.a(startup_stm32f446xx.s.obj)
I2C2_ER_IRQHandler                                ../../../libplatform.a(startup_stm32f446xx.s.obj)
I2C2_EV_IRQHandler                                ../../../libplatform.a(startup_stm32f446xx.s.obj)
I2C3_ER_IRQHandler                                ../../../libplatform.a(startup_stm32f446xx.s.obj)
I2C3_EV_IRQHandler                                ../../../libplatform.a(startup_stm32f446xx.s.obj)
MemManage_Handler                                 ../../../libplatform.a(startup_stm32f446xx.s.obj)
NMI_Handler                                       ../../../libplatform.a(startup_stm32f446xx.s.obj)
OTG_FS_IRQHandler                                 ../../../libplatform.a(startup_stm32f446xx.s.obj)
OTG_FS_WKUP_IRQHandler                            ../../../libplatform.a(startup_stm32f446xx.s.obj)
OTG_HS_EP1_IN_IRQHandler                          ../../../libplatform.a(startup_stm32f446xx.s.obj)
OTG_HS_EP1_OUT_IRQHandler                         ../../../libplatform.a(startup_stm32f446xx.s.obj)
OTG_HS_IRQHandler                                 ../../../libplatform.a(startup_stm32f446xx.s.obj)
OTG_HS_WKUP_IRQHandler                            ../../../libplatform.a(startup_stm32f446xx.s.obj)
PVD_IRQHandler                                    ../../../libplatform.a(startup_stm32f446xx.s.obj)
PendSV_Handler                                    ../../../libplatform.a(startup_stm32f446xx.s.obj)
QUADSPI_IRQHandler                                ../../../libplatform.a(startup_stm32f446xx.s.obj)
RCC_IRQHandler                                    ../../../libplatform.a(startup_stm32f446xx.s.obj)
RTC_Alarm_IRQHandler                              ../../../libplatform.a(startup_stm32f446xx.s.obj)
RTC_WKUP_IRQHandler                               ../../../libplatform.a(startup_stm32f446xx.s.obj)
Reset_Handler                                     ../../../libplatform.a(startup_stm32f446xx.s.obj)
SAI1_IRQHandler                                   ../../../libplatform.a(startup_stm32f446xx.s.obj)
SAI2_IRQHandler                                   ../../../libplatform.a(startup_stm32f446xx.s.obj)
SDIO_IRQHandler                                   ../../../libplatform.a(startup_stm32f446xx.s.obj)
SPDIF_RX_IRQHandler                               ../../../libplatform.a(startup_stm32f446xx.s.obj)
SPI1_IRQHandler                                   ../../../libplatform.a(startup_stm32f446xx.s.obj)
SPI2_IRQHandler                                   ../../../libplatform.a(startup_stm32f446xx.s.obj)
SPI3_IRQHandler                                   ../../../libplatform.a(startup_stm32f446xx.s.obj)
SPI4_IRQHandler                                   ../../../libplatform.a(startup_stm32f446xx.s.obj)
SVC_Handler                                       ../../../libplatform.a(startup_stm32f446xx.s.obj)
SysTick_Handler                                   CMakeFiles/test_port_uart.dir/__/__/__/port/stm32f4/src/interr.c.obj
SystemCoreClock                                   ../../../libproject.a(port_system.c.obj)
                                                  ../../../libproject.a(port_usart.c.obj)
SystemInit                                        ../../../libproject.a(port_system.c.obj)
                                                  ../../../libplatform.a(startup_stm32f446xx.s.obj)
TAMP_STAMP_IRQHandler                             ../../../libplatform.a(startup_stm32f446xx.s.obj)
TIM1_BRK_TIM9_IRQHandler                          ../../../libplatform.a(startup_stm32f446xx.s.obj)
TIM1_CC_IRQHandler                                ../../../libplatform.a(startup_stm32f446xx.s.obj)
TIM1_TRG_COM_TIM11_IRQHandler                     ../../../libplatform.a(startup_stm32f446xx.s.obj)
TIM1_UP_TIM10_IRQHandler                          ../../../libplatform.a(startup_stm32f446xx.s.obj)
TIM2_IRQHandler                                   ../../../libplatform.a(startup_stm32f446xx.s.obj)
TIM3_IRQHandler                                   ../../../libplatform.a(startup_stm32f446xx.s.obj)
TIM4_IRQHandler                                   ../../../libplatform.a(startup_stm32f446xx.s.obj)
TIM5_IRQHandler                                   ../../../libplatform.a(startup_stm32f446xx.s.obj)
TIM6_DAC_IRQHandler                               ../../../libplatform.a(startup_stm32f446xx.s.obj)
TIM7_IRQHandler                                   ../../../libplatform.a(startup_stm32f446xx.s.obj)
TIM8_BRK_TIM12_IRQHandler                         ../../../libplatform.a(startup_stm32f446xx.s.obj)
TIM8_CC_IRQHandler                                ../../../libplatform.a(startup_stm32f446xx.s.obj)
TIM8_TRG_COM_TIM14_IRQHandler                     ../../../libplatform.a(startup_stm32f446xx.s.obj)
TIM8_UP_TIM13_IRQHandler                          ../../../libplatform.a(startup_stm32f446xx.s.obj)
UART4_IRQHandler                                  ../../../libplatform.a(startup_stm32f446xx.s.obj)
UART5_IRQHandler                                  ../../../libplatform.a(startup_stm32f446xx.s.obj)
USART1_IRQHandler                                 ../../../libplatform.a(startup_stm32f446xx.s.obj)
USART2_IRQHandler                                 ../../../libplatform.a(startup_stm32f446xx.s.obj)
USART3_IRQHandler                                 CMakeFiles/test_port_uart.dir/__/__/__/port/stm32f4/src/interr.c.obj
USART6_IRQHandler                                 ../../../libplatform.a(startup_stm32f446xx.s.obj)
Unity                                             ../../../libunity.a(unity.c.obj)
UnityAssertBits                                   ../../../libunity.a(unity.c.obj)
UnityAssertEqualFloatArray                        ../../../libunity.a(unity.c.obj)
UnityAssertEqualIntArray                          ../../../libunity.a(unity.c.obj)
UnityAssertEqualMemory                            ../../../libunity.a(unity.c.obj)
UnityAssertEqualNumber                            ../../../libunity.a(unity.c.obj)
                                                  CMakeFiles/test_port_uart.dir/test_port_uart.c.obj
UnityAssertEqualString                            ../../../libunity.a(unity.c.obj)
UnityAssertEqualStringArray                       ../../../libunity.a(unity.c.obj)
UnityAssertEqualStringLen                         ../../../libunity.a(unity.c.obj)
UnityAssertFloatSpecial                           ../../../libunity.a(unity.c.obj)
UnityAssertFloatsWithin                           ../../../libunity.a(unity.c.obj)
UnityAssertGreaterOrLessOrEqualNumber             ../../../libunity.a(unity.c.obj)
UnityAssertNumbersArrayWithin                     ../../../libunity.a(unity.c.obj)
UnityAssertNumbersWithin                          ../../../libunity.a(unity.c.obj)
UnityBegin                                        ../../../libunity.a(unity.c.obj)
                                                  CMakeFiles/test_port_uart.dir/test_port_uart.c.obj
UnityConcludeTest                                 ../../../libunity.a(unity.c.obj)
UnityDefaultTestRun                               ../../../libunity.a(unity.c.obj)
                                                  CMakeFiles/test_port_uart.dir/test_port_uart.c.obj
UnityEnd                                          ../../../libunity.a(unity.c.obj)
                                                  CMakeFiles/test_port_uart.dir/test_port_uart.c.obj
UnityFail                                         ../../../libunity.a(unity.c.obj)
UnityFloatToPtr                                   ../../../libunity.a(unity.c.obj)
UnityIgnore                                       ../../../libunity.a(unity.c.obj)
UnityMessage                                      ../../../libunity.a(unity.c.obj)
UnityNumToPtr                                     ../../../libunity.a(unity.c.obj)
UnityPrint                                        ../../../libunity.a(unity.c.obj)
UnityPrintFloat                                   ../../../libunity.a(unity.c.obj)
UnityPrintLen                                     ../../../libunity.a(unity.c.obj)
UnityPrintMask                                    ../../../libunity.a(unity.c.obj)
UnityPrintNumber                                  ../../../libunity.a(unity.c.obj)
UnityPrintNumberByStyle                           ../../../libunity.a(unity.c.obj)
UnityPrintNumberHex                               ../../../libunity.a(unity.c.obj)
UnityPrintNumberUnsigned                          ../../../libunity.a(unity.c.obj)
UnitySetTestFile                                  ../../../libunity.a(unity.c.obj)
UnityStrErr64                                     ../../../libunity.a(unity.c.obj)
UnityStrErrDouble                                 ../../../libunity.a(unity.c.obj)
UnityStrErrFloat                                  ../../../libunity.a(unity.c.obj)
UnityStrErrShorthand                              ../../../libunity.a(unity.c.obj)
UnityStrFail                                      ../../../libunity.a(unity.c.obj)
UnityStrIgnore                                    ../../../libunity.a(unity.c.obj)
UnityStrOk                                        ../../../libunity.a(unity.c.obj)
UnityStrPass                                      ../../../libunity.a(unity.c.obj)
UsageFault_Handler                                ../../../libplatform.a(startup_stm32f446xx.s.obj)
WWDG_IRQHandler                                   ../../../libplatform.a(startup_stm32f446xx.s.obj)
_ITM_deregisterTMCloneTable                       /opt/MatrixMCU/arm-gnu-toolchain-13.2.Rel1-x86_64-arm-none-eabi/bin/../lib/gcc/arm-none-eabi/13.2.1/thumb/v7e-m+fp/hard/crtbegin.o
_ITM_registerTMCloneTable                         /opt/MatrixMCU/arm-gnu-toolchain-13.2.Rel1-x86_64-arm-none-eabi/bin/../lib/gcc/arm-none-eabi/13.2.1/thumb/v7e-m+fp/hard/crtbegin.o
_Unwind_Backtrace                                 /opt/MatrixMCU/arm-gnu-toolchain-13.2.Rel1-x86_64-arm-none-eabi/bin/../lib/gcc/arm-none-eabi/13.2.1/thumb/v7e-m+fp/hard/libgcc.a(libunwind.o)
_Unwind_Complete                                  /opt/MatrixMCU/arm-gnu-toolchain-13.2.Rel1-x86_64-arm-none-eabi/bin/../lib/gcc/arm-none-eabi/13.2.1/thumb/v7e-m+fp/hard/libgcc.a(unwind-arm.o)
_Unwind_DeleteException                           /opt/MatrixMCU/arm-gnu-toolchain-13.2.Rel1-x86_64-arm-none-eabi/bin/../lib/gcc/arm-none-eabi/13.2.1/thumb/v7e-m+fp/hard/libgcc.a(unwind-arm.o)
_Unwind_ForcedUnwind                              /opt/MatrixMCU/arm-gnu-toolchain-13.2.Rel1-x86_64-arm-none-eabi/bin/../lib/gcc/arm-none-eabi/13.2.1/thumb/v7e-m+fp/hard/libgcc.a(libunwind.o)
_Unwind_GetCFA                                    /opt/MatrixMCU/arm-gnu-toolchain-13.2.Rel1-x86_64-arm-none-eabi/bin/../lib/gcc/arm-none-eabi/13.2.1/thumb/v7e-m+fp/hard/libgcc.a(unwind-arm.o)
_Unwind_GetDataRelBase                            /opt/MatrixMCU/arm-gnu-toolchain-13.2.Rel1-x86_64-arm-none-eabi/bin/../lib/gcc/arm-none-eabi/13.2.1/thumb/v7e-m+fp/hard/libgcc.a(pr-support.o)
_Unwind_GetLanguageSpecificData                   /opt/MatrixMCU/arm-gnu-toolchain-13.2.Rel1-x86_64-arm-none-eabi/bin/../lib/gcc/arm-none-eabi/13.2.1/thumb/v7e-m+fp/hard/libgcc.a(pr-support.o)
_Unwind_GetRegionStart                            /opt/MatrixMCU/arm-gnu-toolchain-13.2.Rel1-x86_64-arm-none-eabi/bin/../lib/gcc/arm-none-eabi/13.2.1/thumb/v7e-m+fp/hard/libgcc.a(pr-support.o)
_Unwind_GetTextRelBase                            /opt/MatrixMCU/arm-gnu-toolchain-13.2.Rel1-x86_64-arm-none-eabi/bin/../lib/gcc/arm-none-eabi/13.2.1/thumb/v7e-m+fp/hard/libgcc.a(pr-support.o)
_Unwind_RaiseException                            /opt/MatrixMCU/arm-gnu-toolchain-13.2.Rel1-x86_64-arm-none-eabi/bin/../lib/gcc/arm-none-eabi/13.2.1/thumb/v7e-m+fp/hard/libgcc.a(libunwind.o)
_Unwind_Resume                                    /opt/MatrixMCU/arm-gnu-toolchain-13.2.Rel1-x86_64-arm-none-eabi/bin/../lib/gcc/arm-none-eabi/13.2.1/thumb/v7e-m+fp/hard/libgcc.a(libunwind.o)
_Unwind_Resume_or_Rethrow                         /opt/MatrixMCU/arm-gnu-toolchain-13.2.Rel1-x86_64-arm-none-eabi/bin/../lib/gcc/arm-none-eabi/13.2.1/thumb/v7e-m+fp/hard/libgcc.a(libunwind.o)
_Unwind_VRS_Get                                   /opt/MatrixMCU/arm-gnu-toolchain-13.2.Rel1-x86_64-arm-none-eabi/bin/../lib/gcc/arm-none-eabi/13.2.1/thumb/v7e-m+fp/hard/libgcc.a(unwind-arm.o)
                                                  /opt/MatrixMCU/arm-gnu-toolchain-13.2.Rel1-x86_64-arm-none-eabi/bin/../lib/gcc/arm-none-eabi/13.2.1/thumb/v7e-m+fp/hard/libgcc.a(pr-support.o)
_Unwind_VRS_Pop                                   /opt/MatrixMCU/arm-gnu-toolchain-13.2.Rel1-x86_64-arm-none-eabi/bin/../lib/gcc/arm-none-eabi/13.2.1/thumb/v7e-m+fp/hard/libgcc.a(unwind-arm.o)
                                                  /opt/MatrixMCU/arm-gnu-toolchain-13.2.Rel1-x86_64-arm-none-eabi/bin/../lib/gcc/arm-none-eabi/13.2.1/thumb/v7e-m+fp/hard/libgcc.a(pr-support.o)
_Unwind_VRS_Set                                   /opt/MatrixMCU/arm-gnu-toolchain-13.2.Rel1-x86_64-arm-none-eabi/bin/../lib/gcc/arm-none-eabi/13.2.1/thumb/v7e-m+fp/hard/libgcc.a(unwind-arm.o)
                                                  /opt/MatrixMCU/arm-gnu-toolchain-13.2.Rel1-x86_64-arm-none-eabi/bin/../lib/gcc/arm-none-eabi/13.2.1/thumb/v7e-m+fp/hard/libgcc.a(pr-support.o)
__TMC_END__                                       /opt/MatrixMCU/arm-gnu-toolchain-13.2.Rel1-x86_64-arm-none-eabi/bin/../lib/gcc/arm-none-eabi/13.2.1/thumb/v7e-m+fp/hard/crtend.o
                                                  /opt/MatrixMCU/arm-gnu-toolchain-13.2.Rel1-x86_64-arm-none-eabi/bin/../lib/gcc/arm-none-eabi/13.2.1/thumb/v7e-m+fp/hard/crtbegin.o
___Unwind_Backtrace                               /opt/MatrixMCU/arm-gnu-toolchain-13.2.Rel1-x86_64-arm-none-eabi/bin/../lib/gcc/arm-none-eabi/13.2.1/thumb/v7e-m+fp/hard/libgcc.a(libunwind.o)
___Unwind_ForcedUnwind                            /opt/MatrixMCU/arm-gnu-toolchain-13.2.Rel1-x86_64-arm-none-eabi/bin/../lib/gcc/arm-none-eabi/13.2.1/thumb/v7e-m+fp/hard/libgcc.a(libunwind.o)
___Unwind_RaiseException                          /opt/MatrixMCU/arm-gnu-toolchain-13.2.Rel1-x86_64-arm-none-eabi/bin/../lib/gcc/arm-none-eabi/13.2.1/thumb/v7e-m+fp/hard/libgcc.a(libunwind.o)
___Unwind_Resume                                  /opt/MatrixMCU/arm-gnu-toolchain-13.2.Rel1-x86_64-arm-none-eabi/bin/../lib/gcc/arm-none-eabi/13.2.1/thumb/v7e-m+fp/hard/libgcc.a(libunwind.o)
___Unwind_Resume_or_Rethrow                       /opt/MatrixMCU/arm-gnu-toolchain-13.2.Rel1-x86_64-arm-none-eabi/bin/../lib/gcc/arm-none-eabi/13.2.1/thumb/v7e-m+fp/hard/libgcc.a(libunwind.o)
__aeabi_unwind_cpp_pr0                            /opt/MatrixMCU/arm-gnu-toolchain-13.2.Rel1-x86_64-arm-none-eabi/bin/../lib/gcc/arm-none-eabi/13.2.1/thumb/v7e-m+fp/hard/libgcc.a(unwind-arm.o)
                                                  /opt/MatrixMCU/arm-gnu-toolchain-13.2.Rel1-x86_64-arm-none-eabi/bin/../lib/gcc/arm-none-eabi/13.2.1/thumb/v7e-m+fp/hard/libgcc.a(pr-support.o)
                                                  /opt/MatrixMCU/arm-gnu-toolchain-13.2.Rel1-x86_64-arm-none-eabi/bin/../lib/gcc/arm-none-eabi/13.2.1/../../../../arm-none-eabi/lib/thumb/v7e-m+fp/hard/libg_nano.a(libc_a-setjmp.o)
__aeabi_unwind_cpp_pr1                            /opt/MatrixMCU/arm-gnu-toolchain-13.2.Rel1-x86_64-arm-none-eabi/bin/../lib/gcc/arm-none-eabi/13.2.1/thumb/v7e-m+fp/hard/libgcc.a(unwind-arm.o)