Archive member included to satisfy reference by file (symbol)

/opt/MatrixMCU/arm-gnu-toolchain-13.2.Rel1-x86_64-arm-none-eabi/bin/../lib/gcc/arm-none-eabi/13.2.1/../../../../arm-none-eabi/lib/thumb/v7e-m+fp/hard/libc_nano.a(libc_a-exit.o)
                              /opt/MatrixMCU/arm-gnu-toolchain-13.2.Rel1-x86_64-arm-none-eabi/bin/../lib/gcc/arm-none-eabi/13.2.1/../../../../arm-none-eabi/lib/thumb/v7e-m+fp/hard/crt0.o (exit)
/opt/MatrixMCU/arm-gnu-toolchain-13.2.Rel1-x86_64-arm-none-eabi/bin/../lib/gcc/arm-none-eabi/13.2.1/../../../../arm-none-eabi/lib/thumb/v7e-m+fp/hard/libc_nano.a(libc_a-init.o)
                              /opt/MatrixMCU/arm-gnu-toolchain-13.2.Rel1-x86_64-arm-none-eabi/bin/../lib/gcc/arm-none-eabi/13.2.1/../../../../arm-none-eabi/lib/thumb/v7e-m+fp/hard/crt0.o (__libc_init_array)
/opt/MatrixMCU/arm-gnu-toolchain-13.2.Rel1-x86_64-arm-none-eabi/bin/../lib/gcc/arm-none-eabi/13.2.1/../../../../arm-none-eabi/lib/thumb/v7e-m+fp/hard/libc_nano.a(libc_a-findfp.o)
                              /opt/MatrixMCU/arm-gnu-toolchain-13.2.Rel1-x86_64-arm-none-eabi/bin/../lib/gcc/arm-none-eabi/13.2.1/../../../../arm-none-eabi/lib/thumb/v7e-m+fp/hard/libc_nano.a(libc_a-exit.o) (__stdio_exit_handler)
/opt/MatrixMCU/arm-gnu-toolchain-13.2.Rel1-x86_64-arm-none-eabi/bin/../lib/gcc/arm-none-eabi/13.2.1/../../../../arm-none-eabi/lib/thumb/v7e-m+fp/hard/libc_nano.a(libc_a-stdio.o)
                              /opt/MatrixMCU/arm-gnu-toolchain-13.2.Rel1-x86_64-arm-none-eabi/bin/../lib/gcc/arm-none-eabi/13.2.1/../../../../arm-none-eabi/lib/thumb/v7e-m+fp/hard/libc_nano.a(libc_a-findfp.o) (__sread)
/opt/MatrixMCU/arm-gnu-toolchain-13.2.Rel1-x86_64-arm-none-eabi/bin/../lib/gcc/arm-none-eabi/13.2.1/../../../../arm-none-eabi/lib/thumb/v7e-m+fp/hard/libc_nano.a(libc_a-readr.o)
                              /opt/MatrixMCU/arm-gnu-toolchain-13.2.Rel1-x86_64-arm-none-eabi/bin/../lib/gcc/arm-none-eabi/13.2.1/../../../../arm-none-eabi/lib/thumb/v7e-m+fp/hard/libc_nano.a(libc_a-stdio.o) (_read_r)
/opt/MatrixMCU/arm-gnu-toolchain-13.2.Rel1-x86_64-arm-none-eabi/bin/../lib/gcc/arm-none-eabi/13.2.1/../../../../arm-none-eabi/lib/thumb/v7e-m+fp/hard/libc_nano.a(libc_a-writer.o)
                              /opt/MatrixMCU/arm-gnu-toolchain-13.2.Rel1-x86_64-arm-none-eabi/bin/../lib/gcc/arm-none-eabi/13.2.1/../../../../arm-none-eabi/lib/thumb/v7e-m+fp/hard/libc_nano.a(libc_a-stdio.o) (_write_r)
/opt/MatrixMCU/arm-gnu-toolchain-13.2.Rel1-x86_64-arm-none-eabi/bin/../lib/gcc/arm-none-eabi/13.2.1/../../../../arm-none-eabi/lib/thumb/v7e-m+fp/hard/libc_nano.a(libc_a-fwalk.o)
                              /opt/MatrixMCU/arm-gnu-toolchain-13.2.Rel1-x86_64-arm-none-eabi/bin/../lib/gcc/arm-none-eabi/13.2.1/../../../../arm-none-eabi/lib/thumb/v7e-m+fp/hard/libc_nano.a(libc_a-findfp.o) (_fwalk_sglue)
/opt/MatrixMCU/arm-gnu-toolchain-13.2.Rel1-x86_64-arm-none-eabi/bin/../lib/gcc/arm-none-eabi/13.2.1/../../../../arm-none-eabi/lib/thumb/v7e-m+fp/hard/libc_nano.a(libc_a-memset.o)
                              /opt/MatrixMCU/arm-gnu-toolchain-13.2.Rel1-x86_64-arm-none-eabi/bin/../lib/gcc/arm-none-eabi/13.2.1/../../../../arm-none-eabi/lib/thumb/v7e-m+fp/hard/crt0.o (memset)
/opt/MatrixMCU/arm-gnu-toolchain-13.2.Rel1-x86_64-arm-none-eabi/bin/../lib/gcc/arm-none-eabi/13.2.1/../../../../arm-none-eabi/lib/thumb/v7e-m+fp/hard/libc_nano.a(libc_a-lock.o)
                              /opt/MatrixMCU/arm-gnu-toolchain-13.2.Rel1-x86_64-arm-none-eabi/bin/../lib/gcc/arm-none-eabi/13.2.1/../../../../arm-none-eabi/lib/thumb/v7e-m+fp/hard/libc_nano.a(libc_a-findfp.o) (__retarget_lock_init_recursive)
/opt/MatrixMCU/arm-gnu-toolchain-13.2.Rel1-x86_64-arm-none-eabi/bin/../lib/gcc/arm-none-eabi/13.2.1/../../../../arm-none-eabi/lib/thumb/v7e-m+fp/hard/libc_nano.a(libc_a-closer.o)
                              /opt/MatrixMCU/arm-gnu-toolchain-13.2.Rel1-x86_64-arm-none-eabi/bin/../lib/gcc/arm-none-eabi/13.2.1/../../../../arm-none-eabi/lib/thumb/v7e-m+fp/hard/libc_nano.a(libc_a-stdio.o) (_close_r)
/opt/MatrixMCU/arm-gnu-toolchain-13.2.Rel1-x86_64-arm-none-eabi/bin/../lib/gcc/arm-none-eabi/13.2.1/../../../../arm-none-eabi/lib/thumb/v7e-m+fp/hard/libc_nano.a(libc_a-reent.o)
                              /opt/MatrixMCU/arm-gnu-toolchain-13.2.Rel1-x86_64-arm-none-eabi/bin/../lib/gcc/arm-none-eabi/13.2.1/../../../../arm-none-eabi/lib/thumb/v7e-m+fp/hard/libc_nano.a(libc_a-readr.o) (errno)
/opt/MatrixMCU/arm-gnu-toolchain-13.2.Rel1-x86_64-arm-none-eabi/bin/../lib/gcc/arm-none-eabi/13.2.1/../../../../arm-none-eabi/lib/thumb/v7e-m+fp/hard/libc_nano.a(libc_a-impure.o)
                              /opt/MatrixMCU/arm-gnu-toolchain-13.2.Rel1-x86_64-arm-none-eabi/bin/../lib/gcc/arm-none-eabi/13.2.1/../../../../arm-none-eabi/lib/thumb/v7e-m+fp/hard/libc_nano.a(libc_a-reent.o) (_impure_ptr)
/opt/MatrixMCU/arm-gnu-toolchain-13.2.Rel1-x86_64-arm-none-eabi/bin/../lib/gcc/arm-none-eabi/13.2.1/../../../../arm-none-eabi/lib/thumb/v7e-m+fp/hard/libc_nano.a(libc_a-fflush.o)
[...]
Memory Configuration

Name             Origin             Length             Attributes
RAM              0x20000000         0x00020000         xrw
FLASH            0x08000000         0x00080000         xr
*default*        0x00000000         0xffffffff

Linker script and memory map

LOAD /opt/MatrixMCU/arm-gnu-toolchain-13.2.Rel1-x86_64-arm-none-eabi/bin/../lib/gcc/arm-none-eabi/13.2.1/thumb/v7e-m+fp/hard/crti.o
LOAD /opt/MatrixMCU/arm-gnu-toolchain-13.2.Rel1-x86_64-arm-none-eabi/bin/../lib/gcc/arm-none-eabi/13.2.1/thumb/v7e-m+fp/hard/crtbegin.o
LOAD /opt/MatrixMCU/arm-gnu-toolchain-13.2.Rel1-x86_64-arm-none-eabi/bin/../lib/gcc/arm-none-eabi/13.2.1/../../../../arm-none-eabi/lib/thumb/v7e-m+fp/hard/crt0.o
LOAD /opt/MatrixMCU/arm-gnu-toolchain-13.2.Rel1-x86_64-arm-none-eabi/bin/../lib/gcc/arm-none-eabi/13.2.1/../../../../arm-none-eabi/lib/thumb/v7e-m+fp/hard/libc_nano.a
LOAD /opt/MatrixMCU/arm-gnu-toolchain-13.2.Rel1-x86_64-arm-none-eabi/bin/../lib/gcc/arm-none-eabi/13.2.1/../../../../arm-none-eabi/lib/thumb/v7e-m+fp/hard/libm.a
LOAD CMakeFiles/test_fsm_uart.dir/test_fsm_uart.c.obj
LOAD CMakeFiles/test_fsm_uart.dir/__/__/port/stm32f4/src/interr.c.obj
LOAD ../../libplatform.a
LOAD ../../libproject.a
LOAD ../../libunity.a
LOAD ../../libfsm.a
LOAD ../../libplatform.a
START GROUP
LOAD /opt/MatrixMCU/arm-gnu-toolchain-13.2.Rel1-x86_64-arm-none-eabi/bin/../lib/gcc/arm-none-eabi/13.2.1/thumb/v7e-m+fp/hard/libgcc.a
LOAD /opt/MatrixMCU/arm-gnu-toolchain-13.2.Rel1-x86_64-arm-none-eabi/bin/../lib/gcc/arm-none-eabi/13.2.1/../../../../arm-none-eabi/lib/thumb/v7e-m+fp/hard/libg_nano.a
LOAD /opt/MatrixMCU/arm-gnu-toolchain-13.2.Rel1-x86_64-arm-none-eabi/bin/../lib/gcc/arm-none-eabi/13.2.1/../../../../arm-none-eabi/lib/thumb/v7e-m+fp/hard/libc_nano.a
END GROUP
START GROUP
LOAD /opt/MatrixMCU/arm-gnu-toolchain-13.2.Rel1-x86_64-arm-none-eabi/bin/../lib/gcc/arm-none-eabi/13.2.1/thumb/v7e-m+fp/hard/libgcc.a
LOAD /opt/MatrixMCU/arm-gnu-toolchain-13.2.Rel1-x86_64-arm-none-eabi/bin/../lib/gcc/arm-none-eabi/13.2.1/../../../../arm-none-eabi/lib/thumb/v7e-m+fp/hard/libc_nano.a
END GROUP
LOAD /opt/MatrixMCU/arm-gnu-toolchain-13.2.Rel1-x86_64-arm-none-eabi/bin/../lib/gcc/arm-none-eabi/13.2.1/thumb/v7e-m+fp/hard/crtend.o
LOAD /opt/MatrixMCU/arm-gnu-toolchain-13.2.Rel1-x86_64-arm-none-eabi/bin/../lib/gcc/arm-none-eabi/13.2.1/thumb/v7e-m+fp/hard/crtn.o
                0x20020000                        _estack = (ORIGIN (RAM) + LENGTH (RAM))
                0x00000200                        _Min_Heap_Size = 0x200
                0x00000400                        _Min_Stack_Size = 0x400

.isr_vector     0x08000000      0x1c4
                0x08000000                        . = ALIGN (0x4)
 *(.isr_vector)
 .isr_vector    0x08000000      0x1c4 ../../libplatform.a(startup_stm32f446xx.s.obj)
                0x08000000                g_pfnVectors
                0x080001c4                        . = ALIGN (0x4)

.text           0x080001c4     0x5324
                0x080001c4                        . = ALIGN (0x4)
 *(.text)
 .text          0x080001c4      0x3c4 CMakeFiles/test_fsm_uart.dir/test_fsm_uart.c.obj
                0x080001c4                setUp
                0x080001dc                tearDown
                0x080001f4                test_initial_config
                0x080002ac                test_usart_rx
                0x08000394                test_usart_tx
                0x08000534                main
 .text          0x08000588       0xc8 CMakeFiles/test_fsm_uart.dir/__/__/port/stm32f4/src/interr.c.obj
                0x08000588                SysTick_Handler
                0x080005a6                EXTI15_10_IRQHandler
                0x08000608                USART3_IRQHandler
 .text          0x08000650      0x2ac ../../libproject.a(fsm_usart.c.obj)
                0x08000770                fsm_usart_get_in_data
                0x08000794                fsm_usart_set_out_data
                0x080007c6                fsm_usart_new
                0x080007ea                fsm_usart_init
                0x08000840                fsm_usart_check_data_received
                0x0800085c                fsm_usart_reset_input_data
                0x08000884                fsm_usart_disable_rx_interrupt
                0x080008a2                fsm_usart_disable_tx_interrupt
                0x080008c0                fsm_usart_enable_rx_interrupt
                0x080008de                fsm_usart_enable_tx_interrupt
 .text          0x080008fc      0x7c4 ../../libproject.a(port_system.c.obj)
                0x08000ae0                SystemInit
                0x08000b04                system_clock_config
                0x08000b9c                port_system_init
                0x08000c10                port_system_get_millis
                0x08000c28                port_system_set_millis
                0x08000c48                port_system_delay_ms
                0x08000c72                port_system_delay_until_ms
                0x08000cb2                port_system_gpio_config
                0x08000d7c                port_system_gpio_config_exti
                0x08000f0c                port_system_gpio_exti_enable
                0x08000f7c                port_system_gpio_exti_disable
                0x08000fb0                port_system_gpio_config_alternate
                0x08001028                port_system_gpio_read
                0x08001058                port_system_gpio_write
                0x08001092                port_system_gpio_toggle
 .text          0x080010c0      0x708 ../../libproject.a(port_usart.c.obj)
                0x080011d2                _reset_buffer
                0x080011ee                port_usart_init
                0x080013c4                port_usart_get_from_input_buffer
                0x080013f4                port_usart_get_txr_status
                0x08001420                port_usart_copy_to_output_buffer
                0x08001454                port_usart_reset_input_buffer
                0x08001494                port_usart_reset_output_buffer
                0x080014d8                port_usart_rx_done
                0x08001504                port_usart_tx_done
                0x08001530                port_usart_store_data
                0x08001600                port_usart_write_data
                0x08001738                port_usart_enable_rx_interrupt
                0x0800175c                port_usart_enable_tx_interrupt
                0x08001780                port_usart_disable_rx_interrupt
                0x080017a4                port_usart_disable_tx_interrupt
 .text          0x080017c8      0x2c4 ../../libproject.a(syscalls.c.obj)
                0x08001816                initialise_monitor_handles
                0x08001824                _getpid
                0x08001834                _kill
                0x08001858                _exit
                0x0800186e                _write
                0x080018aa                _sbrk
                0x08001908                _close
                0x08001920                _fstat
                0x08001940                _isatty
                0x08001956                _lseek
                0x08001970                _read
                0x0800198a                _open
                0x080019a6                _wait
                0x080019c8                _unlink
                0x080019ec                _times
                0x08001a04                _stat
                0x08001a24                _link
                0x08001a48                _fork
                0x08001a64                _execve
 .text          0x08001a8c     0x1e4c ../../libunity.a(unity.c.obj)
                0x08001afc                UnityPrint
                0x08001b2c                UnityPrintLen
                0x08001bc6                UnityPrintNumberByStyle
                0x08001c88                UnityPrintNumber
                0x08001cb4                UnityPrintNumberUnsigned
                0x08001d20                UnityPrintNumberHex
                0x08001d86                UnityPrintMask
                0x08001de2                UnityPrintFloat
                0x080022ac                UnityConcludeTest
                0x080024b4                UnityAssertBits
                0x08002540                UnityAssertEqualNumber
                0x080025c0                UnityAssertGreaterOrLessOrEqualNumber
                0x08002710                UnityAssertEqualIntArray
                0x08002a28                UnityAssertEqualFloatArray
                0x08002b74                UnityAssertFloatsWithin
                0x08002c08                UnityAssertFloatSpecial
                0x08002dd8                UnityAssertNumbersWithin
                0x08002ef0                UnityAssertNumbersArrayWithin
                0x08003140                UnityAssertEqualString
                0x08003200                UnityAssertEqualStringLen
                0x080032cc                UnityAssertEqualStringArray
                0x08003440                UnityAssertEqualMemory
                0x080035a0                UnityNumToPtr
                0x080035e8                UnityFloatToPtr
                0x0800360c                UnityFail
                0x080036bc                UnityIgnore
                0x08003724                UnityMessage
                0x08003770                UnityDefaultTestRun
                0x080037d8                UnitySetTestFile
                0x080037f8                UnityBegin
                0x0800384c                UnityEnd
 .text          0x080038d8      0x126 ../../libfsm.a(fsm.c.obj)
                0x080038d8                fsm_new
                0x0800392c                fsm_destroy
                0x08003942                fsm_init
                0x0800396c                fsm_get_state
                0x08003984                fsm_set_state
                0x080039a0                fsm_fire
 *fill*         0x080039fe        0x2 
 .text          0x08003a00       0x24 /opt/MatrixMCU/arm-gnu-toolchain-13.2.Rel1-x86_64-arm-none-eabi/bin/../lib/gcc/arm-none-eabi/13.2.1/../../../../arm-none-eabi/lib/thumb/v7e-m+fp/hard/libg_nano.a(libc_a-setjmp.o)
                0x08003a00                setjmp
                0x08003a10                longjmp
 .text          0x08003a24      0x1ac /opt/MatrixMCU/arm-gnu-toolchain-13.2.Rel1-x86_64-arm-none-eabi/bin/../lib/gcc/arm-none-eabi/13.2.1/thumb/v7e-m+fp/hard/libgcc.a(libunwind.o)
                0x08003a24                __restore_core_regs
                0x08003a24                restore_core_regs
                0x08003a3c                __gnu_Unwind_Restore_VFP
                0x08003a44                __gnu_Unwind_Save_VFP
                0x08003a4c                __gnu_Unwind_Restore_VFP_D
                0x08003a54                __gnu_Unwind_Save_VFP_D
                0x08003a5c                __gnu_Unwind_Restore_VFP_D_16_to_31
                0x08003a64                __gnu_Unwind_Save_VFP_D_16_to_31
                0x08003a6c                __gnu_Unwind_Restore_WMMXD
                0x08003ab0                __gnu_Unwind_Save_WMMXD
                0x08003af4                __gnu_Unwind_Restore_WMMXC
                0x08003b08                __gnu_Unwind_Save_WMMXC
                0x08003b1c                ___Unwind_RaiseException
                0x08003b1c                _Unwind_RaiseException
                0x08003b40                ___Unwind_Resume
                0x08003b40                _Unwind_Resume
                0x08003b64                _Unwind_Resume_or_Rethrow
                0x08003b64                ___Unwind_Resume_or_Rethrow
                0x08003b88                ___Unwind_ForcedUnwind
                0x08003b88                _Unwind_ForcedUnwind
                0x08003bac                _Unwind_Backtrace
                0x08003bac                ___Unwind_Backtrace
 *(.text*)
 .text.deregister_tm_clones
                0x08003bd0       0x1c /opt/MatrixMCU/arm-gnu-toolchain-13.2.Rel1-x86_64-arm-none-eabi/bin/../lib/gcc/arm-none-eabi/13.2.1/thumb/v7e-m+fp/hard/crtbegin.o
 .text.register_tm_clones
                0x08003bec       0x24 /opt/MatrixMCU/arm-gnu-toolchain-13.2.Rel1-x86_64-arm-none-eabi/bin/../lib/gcc/arm-none-eabi/13.2.1/thumb/v7e-m+fp/hard/crtbegin.o
 .text.__do_global_dtors_aux
                0x08003c10       0x28 /opt/MatrixMCU/arm-gnu-toolchain-13.2.Rel1-x86_64-arm-none-eabi/bin/../lib/gcc/arm-none-eabi/13.2.1/thumb/v7e-m+fp/hard/crtbegin.o
 .text.frame_dummy
                0x08003c38       0x24 /opt/MatrixMCU/arm-gnu-toolchain-13.2.Rel1-x86_64-arm-none-eabi/bin/../lib/gcc/arm-none-eabi/13.2.1/thumb/v7e-m+fp/hard/crtbegin.o
 .text.__libc_init_array
                0x08003c5c       0x48 /opt/MatrixMCU/arm-gnu-toolchain-13.2.Rel1-x86_64-arm-none-eabi/bin/../lib/gcc/arm-none-eabi/13.2.1/../../../../arm-none-eabi/lib/thumb/v7e-m+fp/hard/libc_nano.a(libc_a-init.o)
                0x08003c5c                __libc_init_array
 .text.std      0x08003ca4       0x6c /opt/MatrixMCU/arm-gnu-toolchain-13.2.Rel1-x86_64-arm-none-eabi/bin/../lib/gcc/arm-none-eabi/13.2.1/../../../../arm-none-eabi/lib/thumb/v7e-m+fp/hard/libc_nano.a(libc_a-findfp.o)
 .text.stdio_exit_handler
                0x08003d10       0x18 /opt/MatrixMCU/arm-gnu-toolchain-13.2.Rel1-x86_64-arm-none-eabi/bin/../lib/gcc/arm-none-eabi/13.2.1/../../../../arm-none-eabi/lib/thumb/v7e-m+fp/hard/libc_nano.a(libc_a-findfp.o)
 .text.cleanup_stdio
                0x08003d28       0x40 /opt/MatrixMCU/arm-gnu-toolchain-13.2.Rel1-x86_64-arm-none-eabi/bin/../lib/gcc/arm-none-eabi/13.2.1/../../../../arm-none-eabi/lib/thumb/v7e-m+fp/hard/libc_nano.a(libc_a-findfp.o)
 .text.global_stdio_init.part.0
                0x08003d68       0x3c /opt/MatrixMCU/arm-gnu-toolchain-13.2.Rel1-x86_64-arm-none-eabi/bin/../lib/gcc/arm-none-eabi/13.2.1/../../../../arm-none-eabi/lib/thumb/v7e-m+fp/hard/libc_nano.a(libc_a-findfp.o)
 .text.__sfp_lock_acquire
                0x08003da4        0xc /opt/MatrixMCU/arm-gnu-toolchain-13.2.Rel1-x86_64-arm-none-eabi/bin/../lib/gcc/arm-none-eabi/13.2.1/../../../../arm-none-eabi/lib/thumb/v7e-m+fp/hard/libc_nano.a(libc_a-findfp.o)
                0x08003da4                __sfp_lock_acquire
 .text.__sfp_lock_release
                0x08003db0        0xc /opt/MatrixMCU/arm-gnu-toolchain-13.2.Rel1-x86_64-arm-none-eabi/bin/../lib/gcc/arm-none-eabi/13.2.1/../../../../arm-none-eabi/lib/thumb/v7e-m+fp/hard/libc_nano.a(libc_a-findfp.o)
                0x08003db0                __sfp_lock_release
 .text.__sinit  0x08003dbc       0x30 /opt/MatrixMCU/arm-gnu-toolchain-13.2.Rel1-x86_64-arm-none-eabi/bin/../lib/gcc/arm-none-eabi/13.2.1/../../../../arm-none-eabi/lib/thumb/v7e-m+fp/hard/libc_nano.a(libc_a-findfp.o)
                0x08003dbc                __sinit
 .text.__sread  0x08003dec       0x22 /opt/MatrixMCU/arm-gnu-toolchain-13.2.Rel1-x86_64-arm-none-eabi/bin/../lib/gcc/arm-none-eabi/13.2.1/../../../../arm-none-eabi/lib/thumb/v7e-m+fp/hard/libc_nano.a(libc_a-stdio.o)
                0x08003dec                __sread
 .text.__swrite
                0x08003e0e       0x38 /opt/MatrixMCU/arm-gnu-toolchain-13.2.Rel1-x86_64-arm-none-eabi/bin/../lib/gcc/arm-none-eabi/13.2.1/../../../../arm-none-eabi/lib/thumb/v7e-m+fp/hard/libc_nano.a(libc_a-stdio.o)
                0x08003e0e                __swrite
 .text.__sseek  0x08003e46       0x24 /opt/MatrixMCU/arm-gnu-toolchain-13.2.Rel1-x86_64-arm-none-eabi/bin/../lib/gcc/arm-none-eabi/13.2.1/../../../../arm-none-eabi/lib/thumb/v7e-m+fp/hard/libc_nano.a(libc_a-stdio.o)
                0x08003e46                __sseek
 .text.__sclose
                0x08003e6a        0x8 /opt/MatrixMCU/arm-gnu-toolchain-13.2.Rel1-x86_64-arm-none-eabi/bin/../lib/gcc/arm-none-eabi/13.2.1/../../../../arm-none-eabi/lib/thumb/v7e-m+fp/hard/libc_nano.a(libc_a-stdio.o)
                0x08003e6a                __sclose
 *fill*         0x08003e72        0x2 
 .text._read_r  0x08003e74       0x24 /opt/MatrixMCU/arm-gnu-toolchain-13.2.Rel1-x86_64-arm-none-eabi/bin/../lib/gcc/arm-none-eabi/13.2.1/../../../../arm-none-eabi/lib/thumb/v7e-m+fp/hard/libc_nano.a(libc_a-readr.o)
                0x08003e74                _read_r
 .text._write_r
                0x08003e98       0x24 /opt/MatrixMCU/arm-gnu-toolchain-13.2.Rel1-x86_64-arm-none-eabi/bin/../lib/gcc/arm-none-eabi/13.2.1/../../../../arm-none-eabi/lib/thumb/v7e-m+fp/hard/libc_nano.a(libc_a-writer.o)
                0x08003e98                _write_r
 .text._fwalk_sglue
                0x08003ebc       0x3c /opt/MatrixMCU/arm-gnu-toolchain-13.2.Rel1-x86_64-arm-none-eabi/bin/../lib/gcc/arm-none-eabi/13.2.1/../../../../arm-none-eabi/lib/thumb/v7e-m+fp/hard/libc_nano.a(libc_a-fwalk.o)
                0x08003ebc                _fwalk_sglue
 .text.memset   0x08003ef8       0x10 /opt/MatrixMCU/arm-gnu-toolchain-13.2.Rel1-x86_64-arm-none-eabi/bin/../lib/gcc/arm-none-eabi/13.2.1/../../../../arm-none-eabi/lib/thumb/v7e-m+fp/hard/libc_nano.a(libc_a-memset.o)
                0x08003ef8                memset
 .text.__retarget_lock_init_recursive
                0x08003f08        0x2 /opt/MatrixMCU/arm-gnu-toolchain-13.2.Rel1-x86_64-arm-none-eabi/bin/../lib/gcc/arm-none-eabi/13.2.1/../../../../arm-none-eabi/lib/thumb/v7e-m+fp/hard/libc_nano.a(libc_a-lock.o)
                0x08003f08                __retarget_lock_init_recursive
 .text.__retarget_lock_acquire_recursive
                0x08003f0a        0x2 /opt/MatrixMCU/arm-gnu-toolchain-13.2.Rel1-x86_64-arm-none-eabi/bin/../lib/gcc/arm-none-eabi/13.2.1/../../../../arm-none-eabi/lib/thumb/v7e-m+fp/hard/libc_nano.a(libc_a-lock.o)
                0x08003f0a                __retarget_lock_acquire_recursive
 .text.__retarget_lock_release_recursive
                0x08003f0c        0x2 /opt/MatrixMCU/arm-gnu-toolchain-13.2.Rel1-x86_64-arm-none-eabi/bin/../lib/gcc/arm-none-eabi/13.2.1/../../../../arm-none-eabi/lib/thumb/v7e-m+fp/hard/libc_nano.a(libc_a-lock.o)
                0x08003f0c                __retarget_lock_release_recursive
 *fill*         0x08003f0e        0x2 
 .text._close_r
                0x08003f10       0x20 /opt/MatrixMCU/arm-gnu-toolchain-13.2.Rel1-x86_64-arm-none-eabi/bin/../lib/gcc/arm-none-eabi/13.2.1/../../../../arm-none-eabi/lib/thumb/v7e-m+fp/hard/libc_nano.a(libc_a-closer.o)
                0x08003f10                _close_r
 .text.__sflush_r
                0x08003f30      0x108 /opt/MatrixMCU/arm-gnu-toolchain-13.2.Rel1-x86_64-arm-none-eabi/bin/../lib/gcc/arm-none-eabi/13.2.1/../../../../arm-none-eabi/lib/thumb/v7e-m+fp/hard/libc_nano.a(libc_a-fflush.o)
                0x08003f30                __sflush_r
 .text._fflush_r
                0x08004038       0x50 /opt/MatrixMCU/arm-gnu-toolchain-13.2.Rel1-x86_64-arm-none-eabi/bin/../lib/gcc/arm-none-eabi/13.2.1/../../../../arm-none-eabi/lib/thumb/v7e-m+fp/hard/libc_nano.a(libc_a-fflush.o)
                0x08004038                _fflush_r
 .text.sbrk_aligned
                0x08004088       0x44 /opt/MatrixMCU/arm-gnu-toolchain-13.2.Rel1-x86_64-arm-none-eabi/bin/../lib/gcc/arm-none-eabi/13.2.1/../../../../arm-none-eabi/lib/thumb/v7e-m+fp/hard/libc_nano.a(libc_a-mallocr.o)
 .text._malloc_r
                0x080040cc      0x100 /opt/MatrixMCU/arm-gnu-toolchain-13.2.Rel1-x86_64-arm-none-eabi/bin/../lib/gcc/arm-none-eabi/13.2.1/../../../../arm-none-eabi/lib/thumb/v7e-m+fp/hard/libc_nano.a(libc_a-mallocr.o)
                0x080040cc                _malloc_r
 .text._lseek_r
                0x080041cc       0x24 /opt/MatrixMCU/arm-gnu-toolchain-13.2.Rel1-x86_64-arm-none-eabi/bin/../lib/gcc/arm-none-eabi/13.2.1/../../../../arm-none-eabi/lib/thumb/v7e-m+fp/hard/libc_nano.a(libc_a-lseekr.o)
                0x080041cc                _lseek_r
 .text.__malloc_lock
                0x080041f0        0xc /opt/MatrixMCU/arm-gnu-toolchain-13.2.Rel1-x86_64-arm-none-eabi/bin/../lib/gcc/arm-none-eabi/13.2.1/../../../../arm-none-eabi/lib/thumb/v7e-m+fp/hard/libc_nano.a(libc_a-mlock.o)
                0x080041f0                __malloc_lock
 .text.__malloc_unlock
                0x080041fc        0xc /opt/MatrixMCU/arm-gnu-toolchain-13.2.Rel1-x86_64-arm-none-eabi/bin/../lib/gcc/arm-none-eabi/13.2.1/../../../../arm-none-eabi/lib/thumb/v7e-m+fp/hard/libc_nano.a(libc_a-mlock.o)
                0x080041fc                __malloc_unlock
 .text._sbrk_r  0x08004208       0x20 /opt/MatrixMCU/arm-gnu-toolchain-13.2.Rel1-x86_64-arm-none-eabi/bin/../lib/gcc/arm-none-eabi/13.2.1/../../../../arm-none-eabi/lib/thumb/v7e-m+fp/hard/libc_nano.a(libc_a-sbrkr.o)
                0x08004208                _sbrk_r
 .text._free_r  0x08004228       0x94 /opt/MatrixMCU/arm-gnu-toolchain-13.2.Rel1-x86_64-arm-none-eabi/bin/../lib/gcc/arm-none-eabi/13.2.1/../../../../arm-none-eabi/lib/thumb/v7e-m+fp/hard/libc_nano.a(libc_a-freer.o)
                0x08004228                _free_r
 .text.Reset_Handler
                0x080042bc       0x50 ../../libplatform.a(startup_stm32f446xx.s.obj)
                0x080042bc                Reset_Handler
 .text.Default_Handler
                0x0800430c        0x2 ../../libplatform.a(startup_stm32f446xx.s.obj)
                0x0800430c                RTC_Alarm_IRQHandler
                0x0800430c                EXTI2_IRQHandler
                0x0800430c                TIM8_CC_IRQHandler
                0x0800430c                DebugMon_Handler
                0x0800430c                FMPI2C1_EV_IRQHandler
                0x0800430c                SPI4_IRQHandler
                0x0800430c                TIM1_CC_IRQHandler
                0x0800430c                DMA2_Stream5_IRQHandler
                0x0800430c                HardFault_Handler
                0x0800430c                DMA1_Stream5_IRQHandler
                0x0800430c                PVD_IRQHandler
                0x0800430c                SDIO_IRQHandler
                0x0800430c                TAMP_STAMP_IRQHandler
                0x0800430c                PendSV_Handler
                0x0800430c                NMI_Handler
                0x0800430c                CAN2_RX1_IRQHandler
                0x0800430c                EXTI3_IRQHandler
                0x0800430c                TIM8_TRG_COM_TIM14_IRQHandler
                0x0800430c                TIM1_UP_TIM10_IRQHandler
                0x0800430c                TIM8_UP_TIM13_IRQHandler
                0x0800430c                I2C3_ER_IRQHandler
                0x0800430c                EXTI0_IRQHandler
                0x0800430c                I2C2_EV_IRQHandler
                0x0800430c                DMA1_Stream2_IRQHandler
                0x0800430c                CAN1_RX0_IRQHandler
                0x0800430c                FPU_IRQHandler
                0x0800430c                OTG_HS_WKUP_IRQHandler
                0x0800430c                UsageFault_Handler
                0x0800430c                CAN2_SCE_IRQHandler
                0x0800430c                DMA2_Stream2_IRQHandler
                0x0800430c                SPI1_IRQHandler
                0x0800430c                TIM6_DAC_IRQHandler
                0x0800430c                TIM1_BRK_TIM9_IRQHandler
                0x0800430c                DCMI_IRQHandler
                0x0800430c                CAN2_RX0_IRQHandler
                0x0800430c                DMA2_Stream3_IRQHandler
                0x0800430c                SAI2_IRQHandler
                0x0800430c                USART6_IRQHandler
                0x0800430c                CAN1_RX1_IRQHandler
                0x0800430c                UART5_IRQHandler
                0x0800430c                DMA2_Stream0_IRQHandler
                0x0800430c                TIM4_IRQHandler
                0x0800430c                QUADSPI_IRQHandler
                0x0800430c                I2C1_EV_IRQHandler
                0x0800430c                DMA1_Stream6_IRQHandler
                0x0800430c                DMA1_Stream1_IRQHandler
                0x0800430c                UART4_IRQHandler
                0x0800430c                TIM3_IRQHandler
                0x0800430c                RCC_IRQHandler
                0x0800430c                TIM8_BRK_TIM12_IRQHandler
                0x0800430c                Default_Handler
                0x0800430c                CEC_IRQHandler
                0x0800430c                ADC_IRQHandler
                0x0800430c                DMA1_Stream7_IRQHandler
                0x0800430c                TIM7_IRQHandler
                0x0800430c                CAN2_TX_IRQHandler
                0x0800430c                TIM5_IRQHandler
                0x0800430c                DMA2_Stream7_IRQHandler
                0x0800430c                I2C3_EV_IRQHandler
                0x0800430c                EXTI9_5_IRQHandler
                0x0800430c                RTC_WKUP_IRQHandler
                0x0800430c                SPDIF_RX_IRQHandler
                0x0800430c                SPI2_IRQHandler
                0x0800430c                OTG_HS_EP1_IN_IRQHandler
                0x0800430c                MemManage_Handler
                0x0800430c                DMA1_Stream0_IRQHandler
                0x0800430c                CAN1_TX_IRQHandler
                0x0800430c                SVC_Handler
                0x0800430c                FMPI2C1_ER_IRQHandler
                0x0800430c                EXTI4_IRQHandler
                0x0800430c                OTG_HS_EP1_OUT_IRQHandler
                0x0800430c                WWDG_IRQHandler
                0x0800430c                TIM2_IRQHandler
                0x0800430c                OTG_FS_WKUP_IRQHandler
                0x0800430c                TIM1_TRG_COM_TIM11_IRQHandler
                0x0800430c                OTG_HS_IRQHandler
                0x0800430c                EXTI1_IRQHandler
                0x0800430c                USART2_IRQHandler
                0x0800430c                I2C2_ER_IRQHandler
                0x0800430c                DMA2_Stream1_IRQHandler
                0x0800430c                CAN1_SCE_IRQHandler
                0x0800430c                FLASH_IRQHandler
                0x0800430c                DMA2_Stream4_IRQHandler
                0x0800430c                BusFault_Handler
                0x0800430c                USART1_IRQHandler
                0x0800430c                OTG_FS_IRQHandler
                0x0800430c                SPI3_IRQHandler
                0x0800430c                DMA1_Stream4_IRQHandler
                0x0800430c                I2C1_ER_IRQHandler
                0x0800430c                FMC_IRQHandler
                0x0800430c                DMA2_Stream6_IRQHandler
                0x0800430c                SAI1_IRQHandler
                0x0800430c                DMA1_Stream3_IRQHandler
 *fill*         0x0800430e        0x2 
 .text.putchar  0x08004310       0x10 /opt/MatrixMCU/arm-gnu-toolchain-13.2.Rel1-x86_64-arm-none-eabi/bin/../lib/gcc/arm-none-eabi/13.2.1/../../../../arm-none-eabi/lib/thumb/v7e-m+fp/hard/libg_nano.a(libc_a-putchar.o)
                0x08004310                putchar
 .text._puts_r  0x08004320       0xaa /opt/MatrixMCU/arm-gnu-toolchain-13.2.Rel1-x86_64-arm-none-eabi/bin/../lib/gcc/arm-none-eabi/13.2.1/../../../../arm-none-eabi/lib/thumb/v7e-m+fp/hard/libg_nano.a(libc_a-puts.o)
                0x08004320                _puts_r
 *fill*         0x080043ca        0x2 
 .text.puts     0x080043cc       0x10 /opt/MatrixMCU/arm-gnu-toolchain-13.2.Rel1-x86_64-arm-none-eabi/bin/../lib/gcc/arm-none-eabi/13.2.1/../../../../arm-none-eabi/lib/thumb/v7e-m+fp/hard/libg_nano.a(libc_a-puts.o)
                0x080043cc                puts
 .text.memcpy   0x080043dc       0x1c /opt/MatrixMCU/arm-gnu-toolchain-13.2.Rel1-x86_64-arm-none-eabi/bin/../lib/gcc/arm-none-eabi/13.2.1/../../../../arm-none-eabi/lib/thumb/v7e-m+fp/hard/libg_nano.a(libc_a-memcpy-stub.o)
                0x080043dc                memcpy
 .text.malloc   0x080043f8       0x10 /opt/MatrixMCU/arm-gnu-toolchain-13.2.Rel1-x86_64-arm-none-eabi/bin/../lib/gcc/arm-none-eabi/13.2.1/../../../../arm-none-eabi/lib/thumb/v7e-m+fp/hard/libg_nano.a(libc_a-malloc.o)
                0x080043f8                malloc
 .text.free     0x08004408       0x10 /opt/MatrixMCU/arm-gnu-toolchain-13.2.Rel1-x86_64-arm-none-eabi/bin/../lib/gcc/arm-none-eabi/13.2.1/../../../../arm-none-eabi/lib/thumb/v7e-m+fp/hard/libg_nano.a(libc_a-malloc.o)
                0x08004408                free
 .text._putc_r  0x08004418       0x68 /opt/MatrixMCU/arm-gnu-toolchain-13.2.Rel1-x86_64-arm-none-eabi/bin/../lib/gcc/arm-none-eabi/13.2.1/../../../../arm-none-eabi/lib/thumb/v7e-m+fp/hard/libg_nano.a(libc_a-putc.o)
                0x08004418                _putc_r
 .text.__swbuf_r
                0x08004480       0x7c /opt/MatrixMCU/arm-gnu-toolchain-13.2.Rel1-x86_64-arm-none-eabi/bin/../lib/gcc/arm-none-eabi/13.2.1/../../../../arm-none-eabi/lib/thumb/v7e-m+fp/hard/libg_nano.a(libc_a-wbuf.o)
                0x08004480                __swbuf_r
 .text.__swsetup_r
                0x080044fc       0xac /opt/MatrixMCU/arm-gnu-toolchain-13.2.Rel1-x86_64-arm-none-eabi/bin/../lib/gcc/arm-none-eabi/13.2.1/../../../../arm-none-eabi/lib/thumb/v7e-m+fp/hard/libg_nano.a(libc_a-wsetup.o)
                0x080044fc                __swsetup_r
 .text.__swhatbuf_r
                0x080045a8       0x4c /opt/MatrixMCU/arm-gnu-toolchain-13.2.Rel1-x86_64-arm-none-eabi/bin/../lib/gcc/arm-none-eabi/13.2.1/../../../../arm-none-eabi/lib/thumb/v7e-m+fp/hard/libg_nano.a(libc_a-makebuf.o)
                0x080045a8                __swhatbuf_r
 .text.__smakebuf_r
                0x080045f4       0x78 /opt/MatrixMCU/arm-gnu-toolchain-13.2.Rel1-x86_64-arm-none-eabi/bin/../lib/gcc/arm-none-eabi/13.2.1/../../../../arm-none-eabi/lib/thumb/v7e-m+fp/hard/libg_nano.a(libc_a-makebuf.o)
                0x080045f4                __smakebuf_r
 .text._fstat_r
                0x0800466c       0x24 /opt/MatrixMCU/arm-gnu-toolchain-13.2.Rel1-x86_64-arm-none-eabi/bin/../lib/gcc/arm-none-eabi/13.2.1/../../../../arm-none-eabi/lib/thumb/v7e-m+fp/hard/libg_nano.a(libc_a-fstatr.o)
                0x0800466c                _fstat_r
 .text._isatty_r
                0x08004690       0x20 /opt/MatrixMCU/arm-gnu-toolchain-13.2.Rel1-x86_64-arm-none-eabi/bin/../lib/gcc/arm-none-eabi/13.2.1/../../../../arm-none-eabi/lib/thumb/v7e-m+fp/hard/libg_nano.a(libc_a-isattyr.o)
                0x08004690                _isatty_r
 .text.selfrel_offset31
                0x080046b0       0x14 /opt/MatrixMCU/arm-gnu-toolchain-13.2.Rel1-x86_64-arm-none-eabi/bin/../lib/gcc/arm-none-eabi/13.2.1/thumb/v7e-m+fp/hard/libgcc.a(unwind-arm.o)
 .text.search_EIT_table
                0x080046c4       0x68 /opt/MatrixMCU/arm-gnu-toolchain-13.2.Rel1-x86_64-arm-none-eabi/bin/../lib/gcc/arm-none-eabi/13.2.1/thumb/v7e-m+fp/hard/libgcc.a(unwind-arm.o)
 .text.__gnu_unwind_get_pr_addr
                0x0800472c       0x28 /opt/MatrixMCU/arm-gnu-toolchain-13.2.Rel1-x86_64-arm-none-eabi/bin/../lib/gcc/arm-none-eabi/13.2.1/thumb/v7e-m+fp/hard/libgcc.a(unwind-arm.o)
 .text.get_eit_entry
                0x08004754       0x98 /opt/MatrixMCU/arm-gnu-toolchain-13.2.Rel1-x86_64-arm-none-eabi/bin/../lib/gcc/arm-none-eabi/13.2.1/thumb/v7e-m+fp/hard/libgcc.a(unwind-arm.o)
 .text.restore_non_core_regs
                0x080047ec       0x58 /opt/MatrixMCU/arm-gnu-toolchain-13.2.Rel1-x86_64-arm-none-eabi/bin/../lib/gcc/arm-none-eabi/13.2.1/thumb/v7e-m+fp/hard/libgcc.a(unwind-arm.o)
 .text._Unwind_decode_typeinfo_ptr.constprop.0
                0x08004844        0xc /opt/MatrixMCU/arm-gnu-toolchain-13.2.Rel1-x86_64-arm-none-eabi/bin/../lib/gcc/arm-none-eabi/13.2.1/thumb/v7e-m+fp/hard/libgcc.a(unwind-arm.o)
 .text._Unwind_DebugHook
                0x08004850        0x4 /opt/MatrixMCU/arm-gnu-toolchain-13.2.Rel1-x86_64-arm-none-eabi/bin/../lib/gcc/arm-none-eabi/13.2.1/thumb/v7e-m+fp/hard/libgcc.a(unwind-arm.o)
 .text.unwind_phase2
                0x08004854       0x3c /opt/MatrixMCU/arm-gnu-toolchain-13.2.Rel1-x86_64-arm-none-eabi/bin/../lib/gcc/arm-none-eabi/13.2.1/thumb/v7e-m+fp/hard/libgcc.a(unwind-arm.o)
 .text.unwind_phase2_forced
                0x08004890       0xd8 /opt/MatrixMCU/arm-gnu-toolchain-13.2.Rel1-x86_64-arm-none-eabi/bin/../lib/gcc/arm-none-eabi/13.2.1/thumb/v7e-m+fp/hard/libgcc.a(unwind-arm.o)
 .text.__gnu_Unwind_RaiseException
                0x08004968       0x68 /opt/MatrixMCU/arm-gnu-toolchain-13.2.Rel1-x86_64-arm-none-eabi/bin/../lib/gcc/arm-none-eabi/13.2.1/thumb/v7e-m+fp/hard/libgcc.a(unwind-arm.o)
                0x08004968                __gnu_Unwind_RaiseException
 .text.__gnu_Unwind_ForcedUnwind
                0x080049d0       0x10 /opt/MatrixMCU/arm-gnu-toolchain-13.2.Rel1-x86_64-arm-none-eabi/bin/../lib/gcc/arm-none-eabi/13.2.1/thumb/v7e-m+fp/hard/libgcc.a(unwind-arm.o)
                0x080049d0                __gnu_Unwind_ForcedUnwind
 .text.__gnu_Unwind_Resume
                0x080049e0       0x44 /opt/MatrixMCU/arm-gnu-toolchain-13.2.Rel1-x86_64-arm-none-eabi/bin/../lib/gcc/arm-none-eabi/13.2.1/thumb/v7e-m+fp/hard/libgcc.a(unwind-arm.o)
                0x080049e0                __gnu_Unwind_Resume
 .text.__gnu_Unwind_Resume_or_Rethrow
                0x08004a24       0x14 /opt/MatrixMCU/arm-gnu-toolchain-13.2.Rel1-x86_64-arm-none-eabi/bin/../lib/gcc/arm-none-eabi/13.2.1/thumb/v7e-m+fp/hard/libgcc.a(unwind-arm.o)
                0x08004a24                __gnu_Unwind_Resume_or_Rethrow
 .text._Unwind_VRS_Get
                0x08004a38       0x34 /opt/MatrixMCU/arm-gnu-toolchain-13.2.Rel1-x86_64-arm-none-eabi/bin/../lib/gcc/arm-none-eabi/13.2.1/thumb/v7e-m+fp/hard/libgcc.a(unwind-arm.o)
                0x08004a38                _Unwind_VRS_Get
 .text._Unwind_GetGR
                0x08004a6c       0x1c /opt/MatrixMCU/arm-gnu-toolchain-13.2.Rel1-x86_64-arm-none-eabi/bin/../lib/gcc/arm-none-eabi/13.2.1/thumb/v7e-m+fp/hard/libgcc.a(unwind-arm.o)
 .text._Unwind_VRS_Set
                0x08004a88       0x34 /opt/MatrixMCU/arm-gnu-toolchain-13.2.Rel1-x86_64-arm-none-eabi/bin/../lib/gcc/arm-none-eabi/13.2.1/thumb/v7e-m+fp/hard/libgcc.a(unwind-arm.o)
                0x08004a88                _Unwind_VRS_Set
 .text._Unwind_SetGR
                0x08004abc       0x18 /opt/MatrixMCU/arm-gnu-toolchain-13.2.Rel1-x86_64-arm-none-eabi/bin/../lib/gcc/arm-none-eabi/13.2.1/thumb/v7e-m+fp/hard/libgcc.a(unwind-arm.o)
 .text.__gnu_Unwind_Backtrace
                0x08004ad4       0x84 /opt/MatrixMCU/arm-gnu-toolchain-13.2.Rel1-x86_64-arm-none-eabi/bin/../lib/gcc/arm-none-eabi/13.2.1/thumb/v7e-m+fp/hard/libgcc.a(unwind-arm.o)
                0x08004ad4                __gnu_Unwind_Backtrace
 .text.__gnu_unwind_pr_common
                0x08004b58      0x2a4 /opt/MatrixMCU/arm-gnu-toolchain-13.2.Rel1-x86_64-arm-none-eabi/bin/../lib/gcc/arm-none-eabi/13.2.1/thumb/v7e-m+fp/hard/libgcc.a(unwind-arm.o)
 .text.__aeabi_unwind_cpp_pr0
                0x08004dfc        0x8 /opt/MatrixMCU/arm-gnu-toolchain-13.2.Rel1-x86_64-arm-none-eabi/bin/../lib/gcc/arm-none-eabi/13.2.1/thumb/v7e-m+fp/hard/libgcc.a(unwind-arm.o)
                0x08004dfc                __aeabi_unwind_cpp_pr0
 .text.__aeabi_unwind_cpp_pr1
                0x08004e04        0x8 /opt/MatrixMCU/arm-gnu-toolchain-13.2.Rel1-x86_64-arm-none-eabi/bin/../lib/gcc/arm-none-eabi/13.2.1/thumb/v7e-m+fp/hard/libgcc.a(unwind-arm.o)
                0x08004e04                __aeabi_unwind_cpp_pr1
 .text.__aeabi_unwind_cpp_pr2
                0x08004e0c        0x8 /opt/MatrixMCU/arm-gnu-toolchain-13.2.Rel1-x86_64-arm-none-eabi/bin/../lib/gcc/arm-none-eabi/13.2.1/thumb/v7e-m+fp/hard/libgcc.a(unwind-arm.o)
                0x08004e0c                __aeabi_unwind_cpp_pr2
 .text._Unwind_VRS_Pop
                0x08004e14      0x2f0 /opt/MatrixMCU/arm-gnu-toolchain-13.2.Rel1-x86_64-arm-none-eabi/bin/../lib/gcc/arm-none-eabi/13.2.1/thumb/v7e-m+fp/hard/libgcc.a(unwind-arm.o)
                0x08004e14                _Unwind_VRS_Pop
 .text.next_unwind_byte
                0x08005104       0x38 /opt/MatrixMCU/arm-gnu-toolchain-13.2.Rel1-x86_64-arm-none-eabi/bin/../lib/gcc/arm-none-eabi/13.2.1/thumb/v7e-m+fp/hard/libgcc.a(pr-support.o)
 .text.__gnu_unwind_execute
                0x0800513c      0x2fc /opt/MatrixMCU/arm-gnu-toolchain-13.2.Rel1-x86_64-arm-none-eabi/bin/../lib/gcc/arm-none-eabi/13.2.1/thumb/v7e-m+fp/hard/libgcc.a(pr-support.o)
                0x0800513c                __gnu_unwind_execute
 .text.abort    0x08005438        0xe /opt/MatrixMCU/arm-gnu-toolchain-13.2.Rel1-x86_64-arm-none-eabi/bin/../lib/gcc/arm-none-eabi/13.2.1/../../../../arm-none-eabi/lib/thumb/v7e-m+fp/hard/libg_nano.a(libc_a-abort.o)
                0x08005438                abort
 .text._raise_r
                0x08005446       0x50 /opt/MatrixMCU/arm-gnu-toolchain-13.2.Rel1-x86_64-arm-none-eabi/bin/../lib/gcc/arm-none-eabi/13.2.1/../../../../arm-none-eabi/lib/thumb/v7e-m+fp/hard/libg_nano.a(libc_a-signal.o)
                0x08005446                _raise_r
 *fill*         0x08005496        0x2 
 .text.raise    0x08005498       0x10 /opt/MatrixMCU/arm-gnu-toolchain-13.2.Rel1-x86_64-arm-none-eabi/bin/../lib/gcc/arm-none-eabi/13.2.1/../../../../arm-none-eabi/lib/thumb/v7e-m+fp/hard/libg_nano.a(libc_a-signal.o)
                0x08005498                raise
 .text._kill_r  0x080054a8       0x24 /opt/MatrixMCU/arm-gnu-toolchain-13.2.Rel1-x86_64-arm-none-eabi/bin/../lib/gcc/arm-none-eabi/13.2.1/../../../../arm-none-eabi/lib/thumb/v7e-m+fp/hard/libg_nano.a(libc_a-signalr.o)
                0x080054a8                _kill_r
 .text._getpid_r
                0x080054cc        0x4 /opt/MatrixMCU/arm-gnu-toolchain-13.2.Rel1-x86_64-arm-none-eabi/bin/../lib/gcc/arm-none-eabi/13.2.1/../../../../arm-none-eabi/lib/thumb/v7e-m+fp/hard/libg_nano.a(libc_a-signalr.o)
                0x080054cc                _getpid_r
 *(.glue_7)
 .glue_7        0x080054d0        0x0 linker stubs
 *(.glue_7t)
 .glue_7t       0x080054d0        0x0 linker stubs
 *(.eh_frame)
 .eh_frame      0x080054d0        0x0 /opt/MatrixMCU/arm-gnu-toolchain-13.2.Rel1-x86_64-arm-none-eabi/bin/../lib/gcc/arm-none-eabi/13.2.1/thumb/v7e-m+fp/hard/crtbegin.o
 *(.init)
 .init          0x080054d0        0x4 /opt/MatrixMCU/arm-gnu-toolchain-13.2.Rel1-x86_64-arm-none-eabi/bin/../lib/gcc/arm-none-eabi/13.2.1/thumb/v7e-m+fp/hard/crti.o
                0x080054d0                _init
 .init          0x080054d4        0x8 /opt/MatrixMCU/arm-gnu-toolchain-13.2.Rel1-x86_64-arm-none-eabi/bin/../lib/gcc/arm-none-eabi/13.2.1/thumb/v7e-m+fp/hard/crtn.o
 *(.fini)
 .fini          0x080054dc        0x4 /opt/MatrixMCU/arm-gnu-toolchain-13.2.Rel1-x86_64-arm-none-eabi/bin/../lib/gcc/arm-none-eabi/13.2.1/thumb/v7e-m+fp/hard/crti.o
                0x080054dc                _fini
 .fini          0x080054e0        0x8 /opt/MatrixMCU/arm-gnu-toolchain-13.2.Rel1-x86_64-arm-none-eabi/bin/../lib/gcc/arm-none-eabi/13.2.1/thumb/v7e-m+fp/hard/crtn.o
                0x080054e8                        . = ALIGN (0x4)
                0x080054e8                        _etext = .

.vfp11_veneer   0x080054e8        0x0
 .vfp11_veneer  0x080054e8        0x0 linker stubs

.v4_bx          0x080054e8        0x0
 .v4_bx         0x080054e8        0x0 linker stubs

.iplt           0x080054e8        0x0
 .iplt          0x080054e8        0x0 /opt/MatrixMCU/arm-gnu-toolchain-13.2.Rel1-x86_64-arm-none-eabi/bin/../lib/gcc/arm-none-eabi/13.2.1/thumb/v7e-m+fp/hard/crtbegin.o

.rodata         0x080054e8      0x9c8
                0x080054e8                        . = ALIGN (0x4)
 *(.rodata)
 .rodata        0x080054e8      0x716 CMakeFiles/test_fsm_uart.dir/test_fsm_uart.c.obj
 *fill*         0x08005bfe        0x2 
 .rodata        0x08005c00       0x18 ../../libproject.a(port_system.c.obj)
                0x08005c00                AHBPrescTable
                0x08005c10                APBPrescTable
 .rodata        0x08005c18      0x298 ../../libunity.a(unity.c.obj)
                0x08005c18                UnityStrOk
                0x08005c1c                UnityStrPass
                0x08005c24                UnityStrFail
                0x08005c2c                UnityStrIgnore
                0x08005dac                UnityStrErrShorthand
                0x08005dd0                UnityStrErrFloat
                0x08005df0                UnityStrErrDouble
                0x08005e10                UnityStrErr64
 *(.rodata*)
                0x08005eb0                        . = ALIGN (0x4)

.ARM.extab
 *(.ARM.extab* .gnu.linkonce.armextab.*)

.ARM            0x08005eb0       0x90
                0x08005eb0                        __exidx_start = .
 *(.ARM.exidx*)
 .ARM.exidx     0x08005eb0       0x10 /opt/MatrixMCU/arm-gnu-toolchain-13.2.Rel1-x86_64-arm-none-eabi/bin/../lib/gcc/arm-none-eabi/13.2.1/../../../../arm-none-eabi/lib/thumb/v7e-m+fp/hard/libg_nano.a(libc_a-setjmp.o)
 .ARM.exidx.text.selfrel_offset31
                0x08005ec0        0x0 /opt/MatrixMCU/arm-gnu-toolchain-13.2.Rel1-x86_64-arm-none-eabi/bin/../lib/gcc/arm-none-eabi/13.2.1/thumb/v7e-m+fp/hard/libgcc.a(unwind-arm.o)
                                  0x8 (size before relaxing)
 .ARM.exidx.text.search_EIT_table
                0x08005ec0        0x0 /opt/MatrixMCU/arm-gnu-toolchain-13.2.Rel1-x86_64-arm-none-eabi/bin/../lib/gcc/arm-none-eabi/13.2.1/thumb/v7e-m+fp/hard/libgcc.a(unwind-arm.o)
                                  0x8 (size before relaxing)
 .ARM.exidx.text.__gnu_unwind_get_pr_addr
                0x08005ec0        0x0 /opt/MatrixMCU/arm-gnu-toolchain-13.2.Rel1-x86_64-arm-none-eabi/bin/../lib/gcc/arm-none-eabi/13.2.1/thumb/v7e-m+fp/hard/libgcc.a(unwind-arm.o)
                                  0x8 (size before relaxing)
 .ARM.exidx.text.get_eit_entry
                0x08005ec0        0x8 /opt/MatrixMCU/arm-gnu-toolchain-13.2.Rel1-x86_64-arm-none-eabi/bin/../lib/gcc/arm-none-eabi/13.2.1/thumb/v7e-m+fp/hard/libgcc.a(unwind-arm.o)
 .ARM.exidx.text.restore_non_core_regs
                0x08005ec8        0x8 /opt/MatrixMCU/arm-gnu-toolchain-13.2.Rel1-x86_64-arm-none-eabi/bin/../lib/gcc/arm-none-eabi/13.2.1/thumb/v7e-m+fp/hard/libgcc.a(unwind-arm.o)
 .ARM.exidx.text._Unwind_decode_typeinfo_ptr.constprop.0
                0x08005ed0        0x8 /opt/MatrixMCU/arm-gnu-toolchain-13.2.Rel1-x86_64-arm-none-eabi/bin/../lib/gcc/arm-none-eabi/13.2.1/thumb/v7e-m+fp/hard/libgcc.a(unwind-arm.o)
 .ARM.exidx.text._Unwind_DebugHook
                0x08005ed8        0x0 /opt/MatrixMCU/arm-gnu-toolchain-13.2.Rel1-x86_64-arm-none-eabi/bin/../lib/gcc/arm-none-eabi/13.2.1/thumb/v7e-m+fp/hard/libgcc.a(unwind-arm.o)
                                  0x8 (size before relaxing)
 .ARM.exidx.text.unwind_phase2
                0x08005ed8        0x8 /opt/MatrixMCU/arm-gnu-toolchain-13.2.Rel1-x86_64-arm-none-eabi/bin/../lib/gcc/arm-none-eabi/13.2.1/thumb/v7e-m+fp/hard/libgcc.a(unwind-arm.o)
 .ARM.exidx.text.unwind_phase2_forced
                0x08005ee0        0x8 /opt/MatrixMCU/arm-gnu-toolchain-13.2.Rel1-x86_64-arm-none-eabi/bin/../lib/gcc/arm-none-eabi/13.2.1/thumb/v7e-m+fp/hard/libgcc.a(unwind-arm.o)
 .ARM.exidx.text.__gnu_Unwind_RaiseException
                0x08005ee8        0x8 /opt/MatrixMCU/arm-gnu-toolchain-13.2.Rel1-x86_64-arm-none-eabi/bin/../lib/gcc/arm-none-eabi/13.2.1/thumb/v7e-m+fp/hard/libgcc.a(unwind-arm.o)
 .ARM.exidx.text.__gnu_Unwind_ForcedUnwind
                0x08005ef0        0x8 /opt/MatrixMCU/arm-gnu-toolchain-13.2.Rel1-x86_64-arm-none-eabi/bin/../lib/gcc/arm-none-eabi/13.2.1/thumb/v7e-m+fp/hard/libgcc.a(unwind-arm.o)
 .ARM.exidx.text.__gnu_Unwind_Resume
                0x08005ef8        0x8 /opt/MatrixMCU/arm-gnu-toolchain-13.2.Rel1-x86_64-arm-none-eabi/bin/../lib/gcc/arm-none-eabi/13.2.1/thumb/v7e-m+fp/hard/libgcc.a(unwind-arm.o)
 .ARM.exidx.text.__gnu_Unwind_Resume_or_Rethrow
                0x08005f00        0x8 /opt/MatrixMCU/arm-gnu-toolchain-13.2.Rel1-x86_64-arm-none-eabi/bin/../lib/gcc/arm-none-eabi/13.2.1/thumb/v7e-m+fp/hard/libgcc.a(unwind-arm.o)
 .ARM.exidx.text._Unwind_VRS_Get
                0x08005f08        0x0 /opt/MatrixMCU/arm-gnu-toolchain-13.2.Rel1-x86_64-arm-none-eabi/bin/../lib/gcc/arm-none-eabi/13.2.1/thumb/v7e-m+fp/hard/libgcc.a(unwind-arm.o)
                                  0x8 (size before relaxing)
 .ARM.exidx.text._Unwind_GetGR
                0x08005f08        0x0 /opt/MatrixMCU/arm-gnu-toolchain-13.2.Rel1-x86_64-arm-none-eabi/bin/../lib/gcc/arm-none-eabi/13.2.1/thumb/v7e-m+fp/hard/libgcc.a(unwind-arm.o)
                                  0x8 (size before relaxing)
 .ARM.exidx.text._Unwind_VRS_Set
                0x08005f08        0x0 /opt/MatrixMCU/arm-gnu-toolchain-13.2.Rel1-x86_64-arm-none-eabi/bin/../lib/gcc/arm-none-eabi/13.2.1/thumb/v7e-m+fp/hard/libgcc.a(unwind-arm.o)
                                  0x8 (size before relaxing)
 .ARM.exidx.text._Unwind_SetGR
                0x08005f08        0x0 /opt/MatrixMCU/arm-gnu-toolchain-13.2.Rel1-x86_64-arm-none-eabi/bin/../lib/gcc/arm-none-eabi/13.2.1/thumb/v7e-m+fp/hard/libgcc.a(unwind-arm.o)
                                  0x8 (size before relaxing)
 .ARM.exidx.text.__gnu_Unwind_Backtrace
                0x08005f08        0x8 /opt/MatrixMCU/arm-gnu-toolchain-13.2.Rel1-x86_64-arm-none-eabi/bin/../lib/gcc/arm-none-eabi/13.2.1/thumb/v7e-m+fp/hard/libgcc.a(unwind-arm.o)
 .ARM.exidx.text.__gnu_unwind_pr_common
                0x08005f10        0x8 /opt/MatrixMCU/arm-gnu-toolchain-13.2.Rel1-x86_64-arm-none-eabi/bin/../lib/gcc/arm-none-eabi/13.2.1/thumb/v7e-m+fp/hard/libgcc.a(unwind-arm.o)
 .ARM.exidx.text.__aeabi_unwind_cpp_pr0
                0x08005f18        0x8 /opt/MatrixMCU/arm-gnu-toolchain-13.2.Rel1-x86_64-arm-none-eabi/bin/../lib/gcc/arm-none-eabi/13.2.1/thumb/v7e-m+fp/hard/libgcc.a(unwind-arm.o)
 .ARM.exidx.text.__aeabi_unwind_cpp_pr1
                0x08005f20        0x0 /opt/MatrixMCU/arm-gnu-toolchain-13.2.Rel1-x86_64-arm-none-eabi/bin/../lib/gcc/arm-none-eabi/13.2.1/thumb/v7e-m+fp/hard/libgcc.a(unwind-arm.o)
                                  0x8 (size before relaxing)
 .ARM.exidx.text.__aeabi_unwind_cpp_pr2
                0x08005f20        0x0 /opt/MatrixMCU/arm-gnu-toolchain-13.2.Rel1-x86_64-arm-none-eabi/bin/../lib/gcc/arm-none-eabi/13.2.1/thumb/v7e-m+fp/hard/libgcc.a(unwind-arm.o)
                                  0x8 (size before relaxing)
 .ARM.exidx.text._Unwind_VRS_Pop
                0x08005f20        0x8 /opt/MatrixMCU/arm-gnu-toolchain-13.2.Rel1-x86_64-arm-none-eabi/bin/../lib/gcc/arm-none-eabi/13.2.1/thumb/v7e-m+fp/hard/libgcc.a(unwind-arm.o)
 .ARM.exidx.text.next_unwind_byte
                0x08005f28        0x8 /opt/MatrixMCU/arm-gnu-toolchain-13.2.Rel1-x86_64-arm-none-eabi/bin/../lib/gcc/arm-none-eabi/13.2.1/thumb/v7e-m+fp/hard/libgcc.a(pr-support.o)
 .ARM.exidx.text.__gnu_unwind_execute
                0x08005f30       0x10 /opt/MatrixMCU/arm-gnu-toolchain-13.2.Rel1-x86_64-arm-none-eabi/bin/../lib/gcc/arm-none-eabi/13.2.1/thumb/v7e-m+fp/hard/libgcc.a(pr-support.o)
                                  0x8 (size before relaxing)
                0x08005f40                        __exidx_end = .

.rel.dyn        0x08005f40        0x0
 .rel.iplt      0x08005f40        0x0 /opt/MatrixMCU/arm-gnu-toolchain-13.2.Rel1-x86_64-arm-none-eabi/bin/../lib/gcc/arm-none-eabi/13.2.1/thumb/v7e-m+fp/hard/crtbegin.o

.preinit_array  0x08005f40        0x0
                0x08005f40                        PROVIDE (__preinit_array_start = .)
 *(.preinit_array*)
                0x08005f40                        PROVIDE (__preinit_array_end = .)

.init_array     0x08005f40        0x4
                0x08005f40                        PROVIDE (__init_array_start = .)
 *(SORT_BY_NAME(.init_array.*))
 *(.init_array*)
 .init_array    0x08005f40        0x4 /opt/MatrixMCU/arm-gnu-toolchain-13.2.Rel1-x86_64-arm-none-eabi/bin/../lib/gcc/arm-none-eabi/13.2.1/thumb/v7e-m+fp/hard/crtbegin.o
                0x08005f44                        PROVIDE (__init_array_end = .)

.fini_array     0x08005f44        0x4
                [!provide]                        PROVIDE (__fini_array_start = .)
 *(SORT_BY_NAME(.fini_array.*))
 *(.fini_array*)
 .fini_array    0x08005f44        0x4 /opt/MatrixMCU/arm-gnu-toolchain-13.2.Rel1-x86_64-arm-none-eabi/bin/../lib/gcc/arm-none-eabi/13.2.1/thumb/v7e-m+fp/hard/crtbegin.o
                [!provide]                        PROVIDE (__fini_array_end = .)
                0x08005f48                        _sidata = LOADADDR (.data)

.data           0x20000000      0x12c load address 0x08005f48
                0x20000000                        . = ALIGN (0x4)
                0x20000000                        _sdata = .
 *(.data)
 .data          0x20000000       0x40 ../../libproject.a(fsm_usart.c.obj)
 .data          0x20000040        0x8 ../../libproject.a(port_button.c.obj)
                0x20000040                buttons_arr
 .data          0x20000048        0x4 ../../libproject.a(port_system.c.obj)
                0x20000048                SystemCoreClock
 .data          0x2000004c       0x84 ../../libproject.a(port_usart.c.obj)
                0x2000004c                usart_arr
 *(.data*)
 .data.__sglue  0x200000d0        0xc /opt/MatrixMCU/arm-gnu-toolchain-13.2.Rel1-x86_64-arm-none-eabi/bin/../lib/gcc/arm-none-eabi/13.2.1/../../../../arm-none-eabi/lib/thumb/v7e-m+fp/hard/libc_nano.a(libc_a-findfp.o)
                0x200000d0                __sglue
 .data._impure_ptr
                0x200000dc        0x4 /opt/MatrixMCU/arm-gnu-toolchain-13.2.Rel1-x86_64-arm-none-eabi/bin/../lib/gcc/arm-none-eabi/13.2.1/../../../../arm-none-eabi/lib/thumb/v7e-m+fp/hard/libc_nano.a(libc_a-impure.o)
                0x200000dc                _impure_ptr
 .data._impure_data
                0x200000e0       0x4c /opt/MatrixMCU/arm-gnu-toolchain-13.2.Rel1-x86_64-arm-none-eabi/bin/../lib/gcc/arm-none-eabi/13.2.1/../../../../arm-none-eabi/lib/thumb/v7e-m+fp/hard/libc_nano.a(libc_a-impure.o)
                0x200000e0                _impure_data
                0x2000012c                        . = ALIGN (0x4)
                0x2000012c                        _edata = .

.tm_clone_table
                0x2000012c        0x0 load address 0x08006074
 .tm_clone_table
                0x2000012c        0x0 /opt/MatrixMCU/arm-gnu-toolchain-13.2.Rel1-x86_64-arm-none-eabi/bin/../lib/gcc/arm-none-eabi/13.2.1/thumb/v7e-m+fp/hard/crtbegin.o
 .tm_clone_table
                0x2000012c        0x0 /opt/MatrixMCU/arm-gnu-toolchain-13.2.Rel1-x86_64-arm-none-eabi/bin/../lib/gcc/arm-none-eabi/13.2.1/thumb/v7e-m+fp/hard/crtend.o

.igot.plt       0x2000012c        0x0 load address 0x08006074
 .igot.plt      0x2000012c        0x0 /opt/MatrixMCU/arm-gnu-toolchain-13.2.Rel1-x86_64-arm-none-eabi/bin/../lib/gcc/arm-none-eabi/13.2.1/thumb/v7e-m+fp/hard/crtbegin.o
                0x2000012c                        . = ALIGN (0x4)

.bss            0x20000130      0x244 load address 0x08006074
                0x20000130                        _sbss = .
                0x20000130                        __bss_start__ = _sbss
 *(.bss)
 .bss           0x20000130        0x4 CMakeFiles/test_fsm_uart.dir/test_fsm_uart.c.obj
 .bss           0x20000134        0x4 ../../libproject.a(port_system.c.obj)
 .bss           0x20000138        0x8 ../../libproject.a(syscalls.c.obj)
                0x20000138                __env
 .bss           0x20000140       0xcc ../../libunity.a(unity.c.obj)
                0x20000140                Unity
 *(.bss*)
 .bss.completed.1
                0x2000020c        0x1 /opt/MatrixMCU/arm-gnu-toolchain-13.2.Rel1-x86_64-arm-none-eabi/bin/../lib/gcc/arm-none-eabi/13.2.1/thumb/v7e-m+fp/hard/crtbegin.o
 *fill*         0x2000020d        0x3 
 .bss.object.0  0x20000210       0x18 /opt/MatrixMCU/arm-gnu-toolchain-13.2.Rel1-x86_64-arm-none-eabi/bin/../lib/gcc/arm-none-eabi/13.2.1/thumb/v7e-m+fp/hard/crtbegin.o
 .bss.__sf      0x20000228      0x138 /opt/MatrixMCU/arm-gnu-toolchain-13.2.Rel1-x86_64-arm-none-eabi/bin/../lib/gcc/arm-none-eabi/13.2.1/../../../../arm-none-eabi/lib/thumb/v7e-m+fp/hard/libc_nano.a(libc_a-findfp.o)
                0x20000228                __sf
 .bss.__stdio_exit_handler
                0x20000360        0x4 /opt/MatrixMCU/arm-gnu-toolchain-13.2.Rel1-x86_64-arm-none-eabi/bin/../lib/gcc/arm-none-eabi/13.2.1/../../../../arm-none-eabi/lib/thumb/v7e-m+fp/hard/libc_nano.a(libc_a-findfp.o)
                0x20000360                __stdio_exit_handler
 .bss.__lock___malloc_recursive_mutex
                0x20000364        0x1 /opt/MatrixMCU/arm-gnu-toolchain-13.2.Rel1-x86_64-arm-none-eabi/bin/../lib/gcc/arm-none-eabi/13.2.1/../../../../arm-none-eabi/lib/thumb/v7e-m+fp/hard/libc_nano.a(libc_a-lock.o)
                0x20000364                __lock___malloc_recursive_mutex
 .bss.__lock___sfp_recursive_mutex
                0x20000365        0x1 /opt/MatrixMCU/arm-gnu-toolchain-13.2.Rel1-x86_64-arm-none-eabi/bin/../lib/gcc/arm-none-eabi/13.2.1/../../../../arm-none-eabi/lib/thumb/v7e-m+fp/hard/libc_nano.a(libc_a-lock.o)
                0x20000365                __lock___sfp_recursive_mutex
 *fill*         0x20000366        0x2 
 .bss.errno     0x20000368        0x4 /opt/MatrixMCU/arm-gnu-toolchain-13.2.Rel1-x86_64-arm-none-eabi/bin/../lib/gcc/arm-none-eabi/13.2.1/../../../../arm-none-eabi/lib/thumb/v7e-m+fp/hard/libc_nano.a(libc_a-reent.o)
                0x20000368                errno
 .bss.__malloc_sbrk_start
                0x2000036c        0x4 /opt/MatrixMCU/arm-gnu-toolchain-13.2.Rel1-x86_64-arm-none-eabi/bin/../lib/gcc/arm-none-eabi/13.2.1/../../../../arm-none-eabi/lib/thumb/v7e-m+fp/hard/libc_nano.a(libc_a-mallocr.o)
                0x2000036c                __malloc_sbrk_start
 .bss.__malloc_free_list
                0x20000370        0x4 /opt/MatrixMCU/arm-gnu-toolchain-13.2.Rel1-x86_64-arm-none-eabi/bin/../lib/gcc/arm-none-eabi/13.2.1/../../../../arm-none-eabi/lib/thumb/v7e-m+fp/hard/libc_nano.a(libc_a-mallocr.o)
                0x20000370                __malloc_free_list
 *(COMMON)
                0x20000374                        . = ALIGN (0x4)
                0x20000374                        _ebss = .
                0x20000374                        __bss_end__ = _ebss

._user_heap_stack
                0x20000374      0x604 load address 0x08006074
                0x20000378                        . = ALIGN (0x8)
 *fill*         0x20000374        0x4 
                0x20000378                        PROVIDE (end = .)
                [!provide]                        PROVIDE (_end = .)
                0x20000578                        . = (. + _Min_Heap_Size)
 *fill*         0x20000378      0x200 
                0x20000978                        . = (. + _Min_Stack_Size)
 *fill*         0x20000578      0x400 
                0x20000978                        . = ALIGN (0x8)

/DISCARD/
 libc.a(*)
 libm.a(*)
 libgcc.a(*)

.ARM.attributes
                0x00000000       0x30
 *(.ARM.attributes)
 .ARM.attributes
                0x00000000       0x22 /opt/MatrixMCU/arm-gnu-toolchain-13.2.Rel1-x86_64-arm-none-eabi/bin/../lib/gcc/arm-none-eabi/13.2.1/thumb/v7e-m+fp/hard/crti.o
 .ARM.attributes
                0x00000022       0x34 /opt/MatrixMCU/arm-gnu-toolchain-13.2.Rel1-x86_64-arm-none-eabi/bin/../lib/gcc/arm-none-eabi/13.2.1/thumb/v7e-m+fp/hard/crtbegin.o
 .ARM.attributes
                0x00000056       0x34 /opt/MatrixMCU/arm-gnu-toolchain-13.2.Rel1-x86_64-arm-none-eabi/bin/../lib/gcc/arm-none-eabi/13.2.1/../../../../arm-none-eabi/lib/thumb/v7e-m+fp/hard/libc_nano.a(libc_a-init.o)
 .ARM.attributes
                0x0000008a       0x34 /opt/MatrixMCU/arm-gnu-toolchain-13.2.Rel1-x86_64-arm-none-eabi/bin/../lib/gcc/arm-none-eabi/13.2.1/../../../../arm-none-eabi/lib/thumb/v7e-m+fp/hard/libc_nano.a(libc_a-findfp.o)
 .ARM.attributes
                0x000000be       0x34 /opt/MatrixMCU/arm-gnu-toolchain-13.2.Rel1-x86_64-arm-none-eabi/bin/../lib/gcc/arm-none-eabi/13.2.1/../../../../arm-none-eabi/lib/thumb/v7e-m+fp/hard/libc_nano.a(libc_a-stdio.o)
 .ARM.attributes
                0x000000f2       0x34 /opt/MatrixMCU/arm-gnu-toolchain-13.2.Rel1-x86_64-arm-none-eabi/bin/../lib/gcc/arm-none-eabi/13.2.1/../../../../arm-none-eabi/lib/thumb/v7e-m+fp/hard/libc_nano.a(libc_a-readr.o)
 .ARM.attributes
                0x00000126       0x34 /opt/MatrixMCU/arm-gnu-toolchain-13.2.Rel1-x86_64-arm-none-eabi/bin/../lib/gcc/arm-none-eabi/13.2.1/../../../../arm-none-eabi/lib/thumb/v7e-m+fp/hard/libc_nano.a(libc_a-writer.o)
 .ARM.attributes
                0x0000015a       0x34 /opt/MatrixMCU/arm-gnu-toolchain-13.2.Rel1-x86_64-arm-none-eabi/bin/../lib/gcc/arm-none-eabi/13.2.1/../../../../arm-none-eabi/lib/thumb/v7e-m+fp/hard/libc_nano.a(libc_a-fwalk.o)
 .ARM.attributes
                0x0000018e       0x34 /opt/MatrixMCU/arm-gnu-toolchain-13.2.Rel1-x86_64-arm-none-eabi/bin/../lib/gcc/arm-none-eabi/13.2.1/../../../../arm-none-eabi/lib/thumb/v7e-m+fp/hard/libc_nano.a(libc_a-memset.o)
 .ARM.attributes
                0x000001c2       0x34 /opt/MatrixMCU/arm-gnu-toolchain-13.2.Rel1-x86_64-arm-none-eabi/bin/../lib/gcc/arm-none-eabi/13.2.1/../../../../arm-none-eabi/lib/thumb/v7e-m+fp/hard/libc_nano.a(libc_a-lock.o)
 .ARM.attributes
                0x000001f6       0x34 /opt/MatrixMCU/arm-gnu-toolchain-13.2.Rel1-x86_64-arm-none-eabi/bin/../lib/gcc/arm-none-eabi/13.2.1/../../../../arm-none-eabi/lib/thumb/v7e-m+fp/hard/libc_nano.a(libc_a-closer.o)
 .ARM.attributes
                0x0000022a       0x34 /opt/MatrixMCU/arm-gnu-toolchain-13.2.Rel1-x86_64-arm-none-eabi/bin/../lib/gcc/arm-none-eabi/13.2.1/../../../../arm-none-eabi/lib/thumb/v7e-m+fp/hard/libc_nano.a(libc_a-reent.o)
 .ARM.attributes
                0x0000025e       0x34 /opt/MatrixMCU/arm-gnu-toolchain-13.2.Rel1-x86_64-arm-none-eabi/bin/../lib/gcc/arm-none-eabi/13.2.1/../../../../arm-none-eabi/lib/thumb/v7e-m+fp/hard/libc_nano.a(libc_a-impure.o)
 .ARM.attributes
                0x00000292       0x34 /opt/MatrixMCU/arm-gnu-toolchain-13.2.Rel1-x86_64-arm-none-eabi/bin/../lib/gcc/arm-none-eabi/13.2.1/../../../../arm-none-eabi/lib/thumb/v7e-m+fp/hard/libc_nano.a(libc_a-fflush.o)
 .ARM.attributes
                0x000002c6       0x34 /opt/MatrixMCU/arm-gnu-toolchain-13.2.Rel1-x86_64-arm-none-eabi/bin/../lib/gcc/arm-none-eabi/13.2.1/../../../../arm-none-eabi/lib/thumb/v7e-m+fp/hard/libc_nano.a(libc_a-mallocr.o)
 .ARM.attributes
                0x000002fa       0x34 /opt/MatrixMCU/arm-gnu-toolchain-13.2.Rel1-x86_64-arm-none-eabi/bin/../lib/gcc/arm-none-eabi/13.2.1/../../../../arm-none-eabi/lib/thumb/v7e-m+fp/hard/libc_nano.a(libc_a-lseekr.o)
 .ARM.attributes
                0x0000032e       0x34 /opt/MatrixMCU/arm-gnu-toolchain-13.2.Rel1-x86_64-arm-none-eabi/bin/../lib/gcc/arm-none-eabi/13.2.1/../../../../arm-none-eabi/lib/thumb/v7e-m+fp/hard/libc_nano.a(libc_a-mlock.o)
 .ARM.attributes
                0x00000362       0x34 /opt/MatrixMCU/arm-gnu-toolchain-13.2.Rel1-x86_64-arm-none-eabi/bin/../lib/gcc/arm-none-eabi/13.2.1/../../../../arm-none-eabi/lib/thumb/v7e-m+fp/hard/libc_nano.a(libc_a-sbrkr.o)
 .ARM.attributes
                0x00000396       0x34 /opt/MatrixMCU/arm-gnu-toolchain-13.2.Rel1-x86_64-arm-none-eabi/bin/../lib/gcc/arm-none-eabi/13.2.1/../../../../arm-none-eabi/lib/thumb/v7e-m+fp/hard/libc_nano.a(libc_a-freer.o)
 .ARM.attributes
                0x000003ca       0x34 CMakeFiles/test_fsm_uart.dir/test_fsm_uart.c.obj
 .ARM.attributes
                0x000003fe       0x34 CMakeFiles/test_fsm_uart.dir/__/__/port/stm32f4/src/interr.c.obj
 .ARM.attributes
                0x00000432       0x21 ../../libplatform.a(startup_stm32f446xx.s.obj)
 .ARM.attributes
                0x00000453       0x34 ../../libproject.a(fsm_usart.c.obj)
 .ARM.attributes
                0x00000487       0x34 ../../libproject.a(port_button.c.obj)
 .ARM.attributes
                0x000004bb       0x34 ../../libproject.a(port_system.c.obj)
 .ARM.attributes
                0x000004ef       0x34 ../../libproject.a(port_usart.c.obj)
 .ARM.attributes
                0x00000523       0x34 ../../libproject.a(syscalls.c.obj)
 .ARM.attributes
                0x00000557       0x34 ../../libunity.a(unity.c.obj)
 .ARM.attributes
                0x0000058b       0x34 ../../libfsm.a(fsm.c.obj)
 .ARM.attributes
                0x000005bf       0x20 /opt/MatrixMCU/arm-gnu-toolchain-13.2.Rel1-x86_64-arm-none-eabi/bin/../lib/gcc/arm-none-eabi/13.2.1/../../../../arm-none-eabi/lib/thumb/v7e-m+fp/hard/libg_nano.a(libc_a-setjmp.o)
 .ARM.attributes
                0x000005df       0x34 /opt/MatrixMCU/arm-gnu-toolchain-13.2.Rel1-x86_64-arm-none-eabi/bin/../lib/gcc/arm-none-eabi/13.2.1/../../../../arm-none-eabi/lib/thumb/v7e-m+fp/hard/libg_nano.a(libc_a-putchar.o)
 .ARM.attributes
                0x00000613       0x34 /opt/MatrixMCU/arm-gnu-toolchain-13.2.Rel1-x86_64-arm-none-eabi/bin/../lib/gcc/arm-none-eabi/13.2.1/../../../../arm-none-eabi/lib/thumb/v7e-m+fp/hard/libg_nano.a(libc_a-puts.o)
 .ARM.attributes
                0x00000647       0x34 /opt/MatrixMCU/arm-gnu-toolchain-13.2.Rel1-x86_64-arm-none-eabi/bin/../lib/gcc/arm-none-eabi/13.2.1/../../../../arm-none-eabi/lib/thumb/v7e-m+fp/hard/libg_nano.a(libc_a-memcpy-stub.o)
 .ARM.attributes
                0x0000067b       0x34 /opt/MatrixMCU/arm-gnu-toolchain-13.2.Rel1-x86_64-arm-none-eabi/bin/../lib/gcc/arm-none-eabi/13.2.1/../../../../arm-none-eabi/lib/thumb/v7e-m+fp/hard/libg_nano.a(libc_a-malloc.o)
 .ARM.attributes
                0x000006af       0x34 /opt/MatrixMCU/arm-gnu-toolchain-13.2.Rel1-x86_64-arm-none-eabi/bin/../lib/gcc/arm-none-eabi/13.2.1/../../../../arm-none-eabi/lib/thumb/v7e-m+fp/hard/libg_nano.a(libc_a-putc.o)
 .ARM.attributes
                0x000006e3       0x34 /opt/MatrixMCU/arm-gnu-toolchain-13.2.Rel1-x86_64-arm-none-eabi/bin/../lib/gcc/arm-none-eabi/13.2.1/../../../../arm-none-eabi/lib/thumb/v7e-m+fp/hard/libg_nano.a(libc_a-wbuf.o)
 .ARM.attributes
                0x00000717       0x34 /opt/MatrixMCU/arm-gnu-toolchain-13.2.Rel1-x86_64-arm-none-eabi/bin/../lib/gcc/arm-none-eabi/13.2.1/../../../../arm-none-eabi/lib/thumb/v7e-m+fp/hard/libg_nano.a(libc_a-wsetup.o)
 .ARM.attributes
                0x0000074b       0x34 /opt/MatrixMCU/arm-gnu-toolchain-13.2.Rel1-x86_64-arm-none-eabi/bin/../lib/gcc/arm-none-eabi/13.2.1/../../../../arm-none-eabi/lib/thumb/v7e-m+fp/hard/libg_nano.a(libc_a-makebuf.o)
 .ARM.attributes
                0x0000077f       0x34 /opt/MatrixMCU/arm-gnu-toolchain-13.2.Rel1-x86_64-arm-none-eabi/bin/../lib/gcc/arm-none-eabi/13.2.1/../../../../arm-none-eabi/lib/thumb/v7e-m+fp/hard/libg_nano.a(libc_a-fstatr.o)
 .ARM.attributes
                0x000007b3       0x34 /opt/MatrixMCU/arm-gnu-toolchain-13.2.Rel1-x86_64-arm-none-eabi/bin/../lib/gcc/arm-none-eabi/13.2.1/../../../../arm-none-eabi/lib/thumb/v7e-m+fp/hard/libg_nano.a(libc_a-isattyr.o)
 .ARM.attributes
                0x000007e7       0x34 /opt/MatrixMCU/arm-gnu-toolchain-13.2.Rel1-x86_64-arm-none-eabi/bin/../lib/gcc/arm-none-eabi/13.2.1/thumb/v7e-m+fp/hard/libgcc.a(unwind-arm.o)
 .ARM.attributes
                0x0000081b       0x22 /opt/MatrixMCU/arm-gnu-toolchain-13.2.Rel1-x86_64-arm-none-eabi/bin/../lib/gcc/arm-none-eabi/13.2.1/thumb/v7e-m+fp/hard/libgcc.a(libunwind.o)
 .ARM.attributes
                0x0000083d       0x34 /opt/MatrixMCU/arm-gnu-toolchain-13.2.Rel1-x86_64-arm-none-eabi/bin/../lib/gcc/arm-none-eabi/13.2.1/thumb/v7e-m+fp/hard/libgcc.a(pr-support.o)
 .ARM.attributes
                0x00000871       0x34 /opt/MatrixMCU/arm-gnu-toolchain-13.2.Rel1-x86_64-arm-none-eabi/bin/../lib/gcc/arm-none-eabi/13.2.1/../../../../arm-none-eabi/lib/thumb/v7e-m+fp/hard/libg_nano.a(libc_a-abort.o)
 .ARM.attributes
                0x000008a5       0x34 /opt/MatrixMCU/arm-gnu-toolchain-13.2.Rel1-x86_64-arm-none-eabi/bin/../lib/gcc/arm-none-eabi/13.2.1/../../../../arm-none-eabi/lib/thumb/v7e-m+fp/hard/libg_nano.a(libc_a-signal.o)
 .ARM.attributes
                0x000008d9       0x34 /opt/MatrixMCU/arm-gnu-toolchain-13.2.Rel1-x86_64-arm-none-eabi/bin/../lib/gcc/arm-none-eabi/13.2.1/../../../../arm-none-eabi/lib/thumb/v7e-m+fp/hard/libg_nano.a(libc_a-signalr.o)
 .ARM.attributes
                0x0000090d       0x34 /opt/MatrixMCU/arm-gnu-toolchain-13.2.Rel1-x86_64-arm-none-eabi/bin/../lib/gcc/arm-none-eabi/13.2.1/thumb/v7e-m+fp/hard/crtend.o
 .ARM.attributes
                0x00000941       0x22 /opt/MatrixMCU/arm-gnu-toolchain-13.2.Rel1-x86_64-arm-none-eabi/bin/../lib/gcc/arm-none-eabi/13.2.1/thumb/v7e-m+fp/hard/crtn.o
OUTPUT(/mnt/dataDisk/Documentos/Programacion/sdg2/entornos/MatrixMCU/projects/jukebox/bin/stm32f446re/Debug/test_fsm_uart.elf elf32-littlearm)
LOAD linker stubs
LOAD /opt/MatrixMCU/arm-gnu-toolchain-13.2.Rel1-x86_64-arm-none-eabi/bin/../lib/gcc/arm-none-eabi/13.2.1/../../../../arm-none-eabi/lib/thumb/v7e-m+fp/hard/libc.a
LOAD /opt/MatrixMCU/arm-gnu-toolchain-13.2.Rel1-x86_64-arm-none-eabi/bin/../lib/gcc/arm-none-eabi/13.2.1/../../../../arm-none-eabi/lib/thumb/v7e-m+fp/hard/libm.a
LOAD /opt/MatrixMCU/arm-gnu-toolchain-13.2.Rel1-x86_64-arm-none-eabi/bin/../lib/gcc/arm-none-eabi/13.2.1/thumb/v7e-m+fp/hard/libgcc.a

.debug_frame    0x00000000     0x2018
 .debug_frame   0x00000000       0x2c /opt/MatrixMCU/arm-gnu-toolchain-13.2.Rel1-x86_64-arm-none-eabi/bin/../lib/gcc/arm-none-eabi/13.2.1/../../../../arm-none-eabi/lib/thumb/v7e-m+fp/hard/libc_nano.a(libc_a-init.o)
 .debug_frame   0x0000002c      0x144 /opt/MatrixMCU/arm-gnu-toolchain-13.2.Rel1-x86_64-arm-none-eabi/bin/../lib/gcc/arm-none-eabi/13.2.1/../../../../arm-none-eabi/lib/thumb/v7e-m+fp/hard/libc_nano.a(libc_a-findfp.o)
 .debug_frame   0x00000170       0x88 /opt/MatrixMCU/arm-gnu-toolchain-13.2.Rel1-x86_64-arm-none-eabi/bin/../lib/gcc/arm-none-eabi/13.2.1/../../../../arm-none-eabi/lib/thumb/v7e-m+fp/hard/libc_nano.a(libc_a-stdio.o)
 .debug_frame   0x000001f8       0x2c /opt/MatrixMCU/arm-gnu-toolchain-13.2.Rel1-x86_64-arm-none-eabi/bin/../lib/gcc/arm-none-eabi/13.2.1/../../../../arm-none-eabi/lib/thumb/v7e-m+fp/hard/libc_nano.a(libc_a-readr.o)
 .debug_frame   0x00000224       0x2c /opt/MatrixMCU/arm-gnu-toolchain-13.2.Rel1-x86_64-arm-none-eabi/bin/../lib/gcc/arm-none-eabi/13.2.1/../../../../arm-none-eabi/lib/thumb/v7e-m+fp/hard/libc_nano.a(libc_a-writer.o)
 .debug_frame   0x00000250       0x34 /opt/MatrixMCU/arm-gnu-toolchain-13.2.Rel1-x86_64-arm-none-eabi/bin/../lib/gcc/arm-none-eabi/13.2.1/../../../../arm-none-eabi/lib/thumb/v7e-m+fp/hard/libc_nano.a(libc_a-fwalk.o)
 .debug_frame   0x00000284       0x20 /opt/MatrixMCU/arm-gnu-toolchain-13.2.Rel1-x86_64-arm-none-eabi/bin/../lib/gcc/arm-none-eabi/13.2.1/../../../../arm-none-eabi/lib/thumb/v7e-m+fp/hard/libc_nano.a(libc_a-memset.o)
 .debug_frame   0x000002a4       0xb0 /opt/MatrixMCU/arm-gnu-toolchain-13.2.Rel1-x86_64-arm-none-eabi/bin/../lib/gcc/arm-none-eabi/13.2.1/../../../../arm-none-eabi/lib/thumb/v7e-m+fp/hard/libc_nano.a(libc_a-lock.o)
 .debug_frame   0x00000354       0x2c /opt/MatrixMCU/arm-gnu-toolchain-13.2.Rel1-x86_64-arm-none-eabi/bin/../lib/gcc/arm-none-eabi/13.2.1/../../../../arm-none-eabi/lib/thumb/v7e-m+fp/hard/libc_nano.a(libc_a-closer.o)
 .debug_frame   0x00000380       0x38 /opt/MatrixMCU/arm-gnu-toolchain-13.2.Rel1-x86_64-arm-none-eabi/bin/../lib/gcc/arm-none-eabi/13.2.1/../../../../arm-none-eabi/lib/thumb/v7e-m+fp/hard/libc_nano.a(libc_a-reent.o)
 .debug_frame   0x000003b8       0x5c /opt/MatrixMCU/arm-gnu-toolchain-13.2.Rel1-x86_64-arm-none-eabi/bin/../lib/gcc/arm-none-eabi/13.2.1/../../../../arm-none-eabi/lib/thumb/v7e-m+fp/hard/libc_nano.a(libc_a-fflush.o)
 .debug_frame   0x00000414       0x50 /opt/MatrixMCU/arm-gnu-toolchain-13.2.Rel1-x86_64-arm-none-eabi/bin/../lib/gcc/arm-none-eabi/13.2.1/../../../../arm-none-eabi/lib/thumb/v7e-m+fp/hard/libc_nano.a(libc_a-mallocr.o)
 .debug_frame   0x00000464       0x2c /opt/MatrixMCU/arm-gnu-toolchain-13.2.Rel1-x86_64-arm-none-eabi/bin/../lib/gcc/arm-none-eabi/13.2.1/../../../../arm-none-eabi/lib/thumb/v7e-m+fp/hard/libc_nano.a(libc_a-lseekr.o)
 .debug_frame   0x00000490       0x30 /opt/MatrixMCU/arm-gnu-toolchain-13.2.Rel1-x86_64-arm-none-eabi/bin/../lib/gcc/arm-none-eabi/13.2.1/../../../../arm-none-eabi/lib/thumb/v7e-m+fp/hard/libc_nano.a(libc_a-mlock.o)
 .debug_frame   0x000004c0       0x2c /opt/MatrixMCU/arm-gnu-toolchain-13.2.Rel1-x86_64-arm-none-eabi/bin/../lib/gcc/arm-none-eabi/13.2.1/../../../../arm-none-eabi/lib/thumb/v7e-m+fp/hard/libc_nano.a(libc_a-sbrkr.o)
 .debug_frame   0x000004ec       0x38 /opt/MatrixMCU/arm-gnu-toolchain-13.2.Rel1-x86_64-arm-none-eabi/bin/../lib/gcc/arm-none-eabi/13.2.1/../../../../arm-none-eabi/lib/thumb/v7e-m+fp/hard/libc_nano.a(libc_a-freer.o)
 .debug_frame   0x00000524       0xdc CMakeFiles/test_fsm_uart.dir/test_fsm_uart.c.obj
 .debug_frame   0x00000600       0x6c CMakeFiles/test_fsm_uart.dir/__/__/port/stm32f4/src/interr.c.obj
 .debug_frame   0x0000066c      0x258 ../../libproject.a(fsm_usart.c.obj)
 .debug_frame   0x000008c4       0x78 ../../libproject.a(port_button.c.obj)
 .debug_frame   0x0000093c      0x33c ../../libproject.a(port_system.c.obj)
 .debug_frame   0x00000c78      0x2e8 ../../libproject.a(port_usart.c.obj)
 .debug_frame   0x00000f60      0x318 ../../libproject.a(syscalls.c.obj)
 .debug_frame   0x00001278      0x594 ../../libunity.a(unity.c.obj)
 .debug_frame   0x0000180c       0xf4 ../../libfsm.a(fsm.c.obj)
 .debug_frame   0x00001900       0x30 /opt/MatrixMCU/arm-gnu-toolchain-13.2.Rel1-x86_64-arm-none-eabi/bin/../lib/gcc/arm-none-eabi/13.2.1/../../../../arm-none-eabi/lib/thumb/v7e-m+fp/hard/libg_nano.a(libc_a-putchar.o)
 .debug_frame   0x00001930       0x3c /opt/MatrixMCU/arm-gnu-toolchain-13.2.Rel1-x86_64-arm-none-eabi/bin/../lib/gcc/arm-none-eabi/13.2.1/../../../../arm-none-eabi/lib/thumb/v7e-m+fp/hard/libg_nano.a(libc_a-puts.o)
 .debug_frame   0x0000196c       0x28 /opt/MatrixMCU/arm-gnu-toolchain-13.2.Rel1-x86_64-arm-none-eabi/bin/../lib/gcc/arm-none-eabi/13.2.1/../../../../arm-none-eabi/lib/thumb/v7e-m+fp/hard/libg_nano.a(libc_a-memcpy-stub.o)
 .debug_frame   0x00001994       0x30 /opt/MatrixMCU/arm-gnu-toolchain-13.2.Rel1-x86_64-arm-none-eabi/bin/../lib/gcc/arm-none-eabi/13.2.1/../../../../arm-none-eabi/lib/thumb/v7e-m+fp/hard/libg_nano.a(libc_a-malloc.o)
 .debug_frame   0x000019c4       0x3c /opt/MatrixMCU/arm-gnu-toolchain-13.2.Rel1-x86_64-arm-none-eabi/bin/../lib/gcc/arm-none-eabi/13.2.1/../../../../arm-none-eabi/lib/thumb/v7e-m+fp/hard/libg_nano.a(libc_a-putc.o)
 .debug_frame   0x00001a00       0x40 /opt/MatrixMCU/arm-gnu-toolchain-13.2.Rel1-x86_64-arm-none-eabi/bin/../lib/gcc/arm-none-eabi/13.2.1/../../../../arm-none-eabi/lib/thumb/v7e-m+fp/hard/libg_nano.a(libc_a-wbuf.o)
 .debug_frame   0x00001a40       0x2c /opt/MatrixMCU/arm-gnu-toolchain-13.2.Rel1-x86_64-arm-none-eabi/bin/../lib/gcc/arm-none-eabi/13.2.1/../../../../arm-none-eabi/lib/thumb/v7e-m+fp/hard/libg_nano.a(libc_a-wsetup.o)
 .debug_frame   0x00001a6c       0x58 /opt/MatrixMCU/arm-gnu-toolchain-13.2.Rel1-x86_64-arm-none-eabi/bin/../lib/gcc/arm-none-eabi/13.2.1/../../../../arm-none-eabi/lib/thumb/v7e-m+fp/hard/libg_nano.a(libc_a-makebuf.o)
 .debug_frame   0x00001ac4       0x2c /opt/MatrixMCU/arm-gnu-toolchain-13.2.Rel1-x86_64-arm-none-eabi/bin/../lib/gcc/arm-none-eabi/13.2.1/../../../../arm-none-eabi/lib/thumb/v7e-m+fp/hard/libg_nano.a(libc_a-fstatr.o)
 .debug_frame   0x00001af0       0x2c /opt/MatrixMCU/arm-gnu-toolchain-13.2.Rel1-x86_64-arm-none-eabi/bin/../lib/gcc/arm-none-eabi/13.2.1/../../../../arm-none-eabi/lib/thumb/v7e-m+fp/hard/libg_nano.a(libc_a-isattyr.o)
 .debug_frame   0x00001b1c      0x2c8 /opt/MatrixMCU/arm-gnu-toolchain-13.2.Rel1-x86_64-arm-none-eabi/bin/../lib/gcc/arm-none-eabi/13.2.1/thumb/v7e-m+fp/hard/libgcc.a(unwind-arm.o)
 .debug_frame   0x00001de4      0x104 /opt/MatrixMCU/arm-gnu-toolchain-13.2.Rel1-x86_64-arm-none-eabi/bin/../lib/gcc/arm-none-eabi/13.2.1/thumb/v7e-m+fp/hard/libgcc.a(pr-support.o)
 .debug_frame   0x00001ee8       0x28 /opt/MatrixMCU/arm-gnu-toolchain-13.2.Rel1-x86_64-arm-none-eabi/bin/../lib/gcc/arm-none-eabi/13.2.1/../../../../arm-none-eabi/lib/thumb/v7e-m+fp/hard/libg_nano.a(libc_a-abort.o)
 .debug_frame   0x00001f10       0xcc /opt/MatrixMCU/arm-gnu-toolchain-13.2.Rel1-x86_64-arm-none-eabi/bin/../lib/gcc/arm-none-eabi/13.2.1/../../../../arm-none-eabi/lib/thumb/v7e-m+fp/hard/libg_nano.a(libc_a-signal.o)
 .debug_frame   0x00001fdc       0x3c /opt/MatrixMCU/arm-gnu-toolchain-13.2.Rel1-x86_64-arm-none-eabi/bin/../lib/gcc/arm-none-eabi/13.2.1/../../../../arm-none-eabi/lib/thumb/v7e-m+fp/hard/libg_nano.a(libc_a-signalr.o)

.debug_info     0x00000000     0x546b
 .debug_info    0x00000000      0x70e CMakeFiles/test_fsm_uart.dir/test_fsm_uart.c.obj
 .debug_info    0x0000070e      0x306 CMakeFiles/test_fsm_uart.dir/__/__/port/stm32f4/src/interr.c.obj
 .debug_info    0x00000a14       0x30 ../../libplatform.a(startup_stm32f446xx.s.obj)
 .debug_info    0x00000a44      0x6ed ../../libproject.a(fsm_usart.c.obj)
 .debug_info    0x00001131      0x289 ../../libproject.a(port_button.c.obj)
 .debug_info    0x000013ba      0xff8 ../../libproject.a(port_system.c.obj)
 .debug_info    0x000023b2      0xe7e ../../libproject.a(port_usart.c.obj)
 .debug_info    0x00003230      0x969 ../../libproject.a(syscalls.c.obj)
 .debug_info    0x00003b99     0x1647 ../../libunity.a(unity.c.obj)
 .debug_info    0x000051e0      0x28b ../../libfsm.a(fsm.c.obj)

.debug_abbrev   0x00000000     0x1443
 .debug_abbrev  0x00000000      0x255 CMakeFiles/test_fsm_uart.dir/test_fsm_uart.c.obj
 .debug_abbrev  0x00000255      0x190 CMakeFiles/test_fsm_uart.dir/__/__/port/stm32f4/src/interr.c.obj
 .debug_abbrev  0x000003e5       0x24 ../../libplatform.a(startup_stm32f446xx.s.obj)
 .debug_abbrev  0x00000409      0x1ef ../../libproject.a(fsm_usart.c.obj)
 .debug_abbrev  0x000005f8      0x18e ../../libproject.a(port_button.c.obj)
 .debug_abbrev  0x00000786      0x32c ../../libproject.a(port_system.c.obj)
 .debug_abbrev  0x00000ab2      0x283 ../../libproject.a(port_usart.c.obj)
 .debug_abbrev  0x00000d35      0x255 ../../libproject.a(syscalls.c.obj)
 .debug_abbrev  0x00000f8a      0x34c ../../libunity.a(unity.c.obj)
 .debug_abbrev  0x000012d6      0x16d ../../libfsm.a(fsm.c.obj)

.debug_aranges  0x00000000      0x148
 .debug_aranges
                0x00000000       0x20 CMakeFiles/test_fsm_uart.dir/test_fsm_uart.c.obj
 .debug_aranges
                0x00000020       0x20 CMakeFiles/test_fsm_uart.dir/__/__/port/stm32f4/src/interr.c.obj
 .debug_aranges
                0x00000040       0x28 ../../libplatform.a(startup_stm32f446xx.s.obj)
 .debug_aranges
                0x00000068       0x20 ../../libproject.a(fsm_usart.c.obj)
 .debug_aranges
                0x00000088       0x20 ../../libproject.a(port_button.c.obj)
 .debug_aranges
                0x000000a8       0x20 ../../libproject.a(port_system.c.obj)
 .debug_aranges
                0x000000c8       0x20 ../../libproject.a(port_usart.c.obj)
 .debug_aranges
                0x000000e8       0x20 ../../libproject.a(syscalls.c.obj)
 .debug_aranges
                0x00000108       0x20 ../../libunity.a(unity.c.obj)
 .debug_aranges
                0x00000128       0x20 ../../libfsm.a(fsm.c.obj)

.debug_line     0x00000000     0x326c
 .debug_line    0x00000000      0x55a CMakeFiles/test_fsm_uart.dir/test_fsm_uart.c.obj
 .debug_line    0x0000055a      0x325 CMakeFiles/test_fsm_uart.dir/__/__/port/stm32f4/src/interr.c.obj
 .debug_line    0x0000087f       0x7a ../../libplatform.a(startup_stm32f446xx.s.obj)
 .debug_line    0x000008f9      0x4a0 ../../libproject.a(fsm_usart.c.obj)
 .debug_line    0x00000d99      0x2b4 ../../libproject.a(port_button.c.obj)
 .debug_line    0x0000104d      0x725 ../../libproject.a(port_system.c.obj)
 .debug_line    0x00001772      0x628 ../../libproject.a(port_usart.c.obj)
 .debug_line    0x00001d9a      0x357 ../../libproject.a(syscalls.c.obj)
 .debug_line    0x000020f1      0xefe ../../libunity.a(unity.c.obj)
 .debug_line    0x00002fef      0x27d ../../libfsm.a(fsm.c.obj)

.debug_str      0x00000000     0x24c7
 .debug_str     0x00000000     0x24c7 CMakeFiles/test_fsm_uart.dir/test_fsm_uart.c.obj
                                0x6d1 (size before relaxing)
 .debug_str     0x000024c7      0x358 CMakeFiles/test_fsm_uart.dir/__/__/port/stm32f4/src/interr.c.obj
 .debug_str     0x000024c7      0x118 ../../libplatform.a(startup_stm32f446xx.s.obj)
 .debug_str     0x000024c7      0x59e ../../libproject.a(fsm_usart.c.obj)
 .debug_str     0x000024c7      0x321 ../../libproject.a(port_button.c.obj)
 .debug_str     0x000024c7      0xce5 ../../libproject.a(port_system.c.obj)
 .debug_str     0x000024c7      0xcb9 ../../libproject.a(port_usart.c.obj)
 .debug_str     0x000024c7      0x51b ../../libproject.a(syscalls.c.obj)
 .debug_str     0x000024c7      0xdbc ../../libunity.a(unity.c.obj)
 .debug_str     0x000024c7      0x27e ../../libfsm.a(fsm.c.obj)

.comment        0x00000000       0x44
 .comment       0x00000000       0x44 CMakeFiles/test_fsm_uart.dir/test_fsm_uart.c.obj
                                 0x45 (size before relaxing)
 .comment       0x00000044       0x45 CMakeFiles/test_fsm_uart.dir/__/__/port/stm32f4/src/interr.c.obj
 .comment       0x00000044       0x45 ../../libproject.a(fsm_usart.c.obj)
 .comment       0x00000044       0x45 ../../libproject.a(port_button.c.obj)
 .comment       0x00000044       0x45 ../../libproject.a(port_system.c.obj)
 .comment       0x00000044       0x45 ../../libproject.a(port_usart.c.obj)
 .comment       0x00000044       0x45 ../../libproject.a(syscalls.c.obj)
 .comment       0x00000044       0x45 ../../libunity.a(unity.c.obj)
 .comment       0x00000044       0x45 ../../libfsm.a(fsm.c.obj)

.debug_line_str
                0x00000000      0x29c
 .debug_line_str
                0x00000000      0x29c ../../libplatform.a(startup_stm32f446xx.s.obj)
                                 0xfc (size before relaxing)
 .debug_line_str
                0x0000029c       0xda /opt/MatrixMCU/arm-gnu-toolchain-13.2.Rel1-x86_64-arm-none-eabi/bin/../lib/gcc/arm-none-eabi/13.2.1/../../../../arm-none-eabi/lib/thumb/v7e-m+fp/hard/libg_nano.a(libc_a-setjmp.o)
 .debug_line_str
                0x0000029c       0xc6 /opt/MatrixMCU/arm-gnu-toolchain-13.2.Rel1-x86_64-arm-none-eabi/bin/../lib/gcc/arm-none-eabi/13.2.1/thumb/v7e-m+fp/hard/libgcc.a(libunwind.o)

.debug_rnglists
                0x00000000       0x19
 .debug_rnglists
                0x00000000       0x19 ../../libplatform.a(startup_stm32f446xx.s.obj)

Cross Reference Table

Symbol                                            File
ADC_IRQHandler                                    ../../libplatform.a(startup_stm32f446xx.s.obj)
AHBPrescTable                                     ../../libproject.a(port_system.c.obj)
APBPrescTable                                     ../../libproject.a(port_system.c.obj)
BusFault_Handler                                  ../../libplatform.a(startup_stm32f446xx.s.obj)
CAN1_RX0_IRQHandler                               ../../libplatform.a(startup_stm32f446xx.s.obj)
CAN1_RX1_IRQHandler                               ../../libplatform.a(startup_stm32f446xx.s.obj)
CAN1_SCE_IRQHandler                               ../../libplatform.a(startup_stm32f446xx.s.obj)
CAN1_TX_IRQHandler                                ../../libplatform.a(startup_stm32f446xx.s.obj)
CAN2_RX0_IRQHandler                               ../../libplatform.a(startup_stm32f446xx.s.obj)
CAN2_RX1_IRQHandler                               ../../libplatform.a(startup_stm32f446xx.s.obj)
CAN2_SCE_IRQHandler                               ../../libplatform.a(startup_stm32f446xx.s.obj)
CAN2_TX_IRQHandler                                ../../libplatform.a(startup_stm32f446xx.s.obj)
CEC_IRQHandler                                    ../../libplatform.a(startup_stm32f446xx.s.obj)
DCMI_IRQHandler                                   ../../libplatform.a(startup_stm32f446xx.s.obj)
DMA1_Stream0_IRQHandler                           ../../libplatform.a(startup_stm32f446xx.s.obj)
DMA1_Stream1_IRQHandler                           ../../libplatform.a(startup_stm32f446xx.s.obj)
DMA1_Stream2_IRQHandler                           ../../libplatform.a(startup_stm32f446xx.s.obj)
DMA1_Stream3_IRQHandler                           ../../libplatform.a(startup_stm32f446xx.s.obj)
DMA1_Stream4_IRQHandler                           ../../libplatform.a(startup_stm32f446xx.s.obj)
DMA1_Stream5_IRQHandler                           ../../libplatform.a(startup_stm32f446xx.s.obj)
DMA1_Stream6_IRQHandler                           ../../libplatform.a(startup_stm32f446xx.s.obj)
DMA1_Stream7_IRQHandler                           ../../libplatform.a(startup_stm32f446xx.s.obj)
DMA2_Stream0_IRQHandler                           ../../libplatform.a(startup_stm32f446xx.s.obj)
DMA2_Stream1_IRQHandler                           ../../libplatform.a(startup_stm32f446xx.s.obj)
DMA2_Stream2_IRQHandler                           ../../libplatform.a(startup_stm32f446xx.s.obj)
DMA2_Stream3_IRQHandler                           ../../libplatform.a(startup_stm32f446xx.s.obj)
DMA2_Stream4_IRQHandler                           ../../libplatform.a(startup_stm32f446xx.s.obj)
DMA2_Stream5_IRQHandler                           ../../libplatform.a(startup_stm32f446xx.s.obj)
DMA2_Stream6_IRQHandler                           ../../libplatform.a(startup_stm32f446xx.s.obj)
DMA2_Stream7_IRQHandler                           ../../libplatform.a(startup_stm32f446xx.s.obj)
DebugMon_Handler                                  ../../libplatform.a(startup_stm32f446xx.s.obj)
Default_Handler                                   ../../libplatform.a(startup_stm32f446xx.s.obj)
EXTI0_IRQHandler                                  ../../libplatform.a(startup_stm32f446xx.s.obj)
EXTI15_10_IRQHandler                              CMakeFiles/test_fsm_uart.dir/__/__/port/stm32f4/src/interr.c.obj
EXTI1_IRQHandler                                  ../../libplatform.a(startup_stm32f446xx.s.obj)
EXTI2_IRQHandler                                  ../../libplatform.a(startup_stm32f446xx.s.obj)
EXTI3_IRQHandler                                  ../../libplatform.a(startup_stm32f446xx.s.obj)
EXTI4_IRQHandler                                  ../../libplatform.a(startup_stm32f446xx.s.obj)
EXTI9_5_IRQHandler                                ../../libplatform.a(startup_stm32f446xx.s.obj)
FLASH_IRQHandler                                  ../../libplatform.a(startup_stm32f446xx.s.obj)
FMC_IRQHandler                                    ../../libplatform.a(startup_stm32f446xx.s.obj)
FMPI2C1_ER_IRQHandler                             ../../libplatform.a(startup_stm32f446xx.s.obj)
FMPI2C1_EV_IRQHandler                             ../../libplatform.a(startup_stm32f446xx.s.obj)
FPU_IRQHandler                                    ../../libplatform.a(startup_stm32f446xx.s.obj)
HardFault_Handler                                 ../../libplatform.a(startup_stm32f446xx.s.obj)
I2C1_ER_IRQHandler                                ../../libplatform.a(startup_stm32f446xx.s.obj)
I2C1_EV_IRQHandler                                ../../libplatform.a(startup_stm32f446xx.s.obj)
I2C2_ER_IRQHandler                                ../../libplatform.a(startup_stm32f446xx.s.obj)
I2C2_EV_IRQHandler                                ../../libplatform.a(startup_stm32f446xx.s.obj)
I2C3_ER_IRQHandler                                ../../libplatform.a(startup_stm32f446xx.s.obj)
I2C3_EV_IRQHandler                                ../../libplatform.a(startup_stm32f446xx.s.obj)
MemManage_Handler                                 ../../libplatform.a(startup_stm32f446xx.s.obj)
NMI_Handler                                       ../../libplatform.a(startup_stm32f446xx.s.obj)
OTG_FS_IRQHandler                                 ../../libplatform.a(startup_stm32f446xx.s.obj)
OTG_FS_WKUP_IRQHandler                            ../../libplatform.a(startup_stm32f446xx.s.obj)
OTG_HS_EP1_IN_IRQHandler                          ../../libplatform.a(startup_stm32f446xx.s.obj)
OTG_HS_EP1_OUT_IRQHandler                         ../../libplatform.a(startup_stm32f446xx.s.obj)
OTG_HS_IRQHandler                                 ../../libplatform.a(startup_stm32f446xx.s.obj)
OTG_HS_WKUP_IRQHandler                            ../../libplatform.a(startup_stm32f446xx.s.obj)
PVD_IRQHandler                                    ../../libplatform.a(startup_stm32f446xx.s.obj)
PendSV_Handler                                    ../../libplatform.a(startup_stm32f446xx.s.obj)
QUADSPI_IRQHandler                                ../../libplatform.a(startup_stm32f446xx.s.obj)
RCC_IRQHandler                                    ../../libplatform.a(startup_stm32f446xx.s.obj)
RTC_Alarm_IRQHandler                              ../../libplatform.a(startup_stm32f446xx.s.obj)
RTC_WKUP_IRQHandler                               ../../libplatform.a(startup_stm32f446xx.s.obj)
Reset_Handler                                     ../../libplatform.a(startup_stm32f446xx.s.obj)
SAI1_IRQHandler                                   ../../libplatform.a(startup_stm32f446xx.s.obj)
SAI2_IRQHandler                                   ../../libplatform.a(startup_stm32f446xx.s.obj)
SDIO_IRQHandler                                   ../../libplatform.a(startup_stm32f446xx.s.obj)
SPDIF_RX_IRQHandler                               ../../libplatform.a(startup_stm32f446xx.s.obj)
SPI1_IRQHandler                                   ../../libplatform.a(startup_stm32f446xx.s.obj)
SPI2_IRQHandler                                   ../../libplatform.a(startup_stm32f446xx.s.obj)
SPI3_IRQHandler                                   ../../libplatform.a(startup_stm32f446xx.s.obj)
SPI4_IRQHandler                                   ../../libplatform.a(startup_stm32f446xx.s.obj)
SVC_Handler                                       ../../libplatform.a(startup_stm32f446xx.s.obj)
SysTick_Handler                                   CMakeFiles/test_fsm_uart.dir/__/__/port/stm32f4/src/interr.c.obj
SystemCoreClock                                   ../../libproject.a(port_system.c.obj)
                                                  ../../libproject.a(port_usart.c.obj)
SystemInit                                        ../../libproject.a(port_system.c.obj)
                                                  ../../libplatform.a(startup_stm32f446xx.s.obj)
TAMP_STAMP_IRQHandler                             ../../libplatform.a(startup_stm32f446xx.s.obj)
TIM1_BRK_TIM9_IRQHandler                          ../../libplatform.a(startup_stm32f446xx.s.obj)
TIM1_CC_IRQHandler                                ../../libplatform.a(startup_stm32f446xx.s.obj)
TIM1_TRG_COM_TIM11_IRQHandler                     ../../libplatform.a(startup_stm32f446xx.s.obj)
TIM1_UP_TIM10_IRQHandler                          ../../libplatform.a(startup_stm32f446xx.s.obj)
TIM2_IRQHandler                                   ../../libplatform.a(startup_stm32f446xx.s.obj)
TIM3_IRQHandler                                   ../../libplatform.a(startup_stm32f446xx.s.obj)
TIM4_IRQHandler                                   ../../libplatform.a(startup_stm32f446xx.s.obj)
TIM5_IRQHandler                                   ../../libplatform.a(startup_stm32f446xx.s.obj)
TIM6_DAC_IRQHandler                               ../../libplatform.a(startup_stm32f446xx.s.obj)
TIM7_IRQHandler                                   ../../libplatform.a(startup_stm32f446xx.s.obj)
TIM8_BRK_TIM12_IRQHandler                         ../../libplatform.a(startup_stm32f446xx.s.obj)
TIM8_CC_IRQHandler                                ../../libplatform.a(startup_stm32f446xx.s.obj)
TIM8_TRG_COM_TIM14_IRQHandler                     ../../libplatform.a(startup_stm32f446xx.s.obj)
TIM8_UP_TIM13_IRQHandler                          ../../libplatform.a(startup_stm32f446xx.s.obj)
UART4_IRQHandler                                  ../../libplatform.a(startup_stm32f446xx.s.obj)
UART5_IRQHandler                                  ../../libplatform.a(startup_stm32f446xx.s.obj)
USART1_IRQHandler                                 ../../libplatform.a(startup_stm32f446xx.s.obj)
USART2_IRQHandler                                 ../../libplatform.a(startup_stm32f446xx.s.obj)
USART3_IRQHandler                                 CMakeFiles/test_fsm_uart.dir/__/__/port/stm32f4/src/interr.c.obj
USART6_IRQHandler                                 ../../libplatform.a(startup_stm32f446xx.s.obj)
Unity                                             ../../libunity.a(unity.c.obj)
UnityAssertBits                                   ../../libunity.a(unity.c.obj)
UnityAssertEqualFloatArray                        ../../libunity.a(unity.c.obj)
UnityAssertEqualIntArray                          ../../libunity.a(unity.c.obj)
UnityAssertEqualMemory                            ../../libunity.a(unity.c.obj)
                                                  CMakeFiles/test_fsm_uart.dir/test_fsm_uart.c.obj
UnityAssertEqualNumber                            ../../libunity.a(unity.c.obj)
                                                  CMakeFiles/test_fsm_uart.dir/test_fsm_uart.c.obj
UnityAssertEqualString                            ../../libunity.a(unity.c.obj)
UnityAssertEqualStringArray                       ../../libunity.a(unity.c.obj)
UnityAssertEqualStringLen                         ../../libunity.a(unity.c.obj)
UnityAssertFloatSpecial                           ../../libunity.a(unity.c.obj)
UnityAssertFloatsWithin                           ../../libunity.a(unity.c.obj)
UnityAssertGreaterOrLessOrEqualNumber             ../../libunity.a(unity.c.obj)
UnityAssertNumbersArrayWithin                     ../../libunity.a(unity.c.obj)
UnityAssertNumbersWithin                          ../../libunity.a(unity.c.obj)
UnityBegin                                        ../../libunity.a(unity.c.obj)
                                                  CMakeFiles/test_fsm_uart.dir/test_fsm_uart.c.obj
UnityConcludeTest                                 ../../libunity.a(unity.c.obj)
UnityDefaultTestRun                               ../../libunity.a(unity.c.obj)
                                                  CMakeFiles/test_fsm_uart.dir/test_fsm_uart.c.obj
UnityEnd                                          ../../libunity.a(unity.c.obj)
                                                  CMakeFiles/test_fsm_uart.dir/test_fsm_uart.c.obj
UnityFail                                         ../../libunity.a(unity.c.obj)
UnityFloatToPtr                                   ../../libunity.a(unity.c.obj)
UnityIgnore                                       ../../libunity.a(unity.c.obj)
UnityMessage                                      ../../libunity.a(unity.c.obj)
UnityNumToPtr                                     ../../libunity.a(unity.c.obj)
UnityPrint                                        ../../libunity.a(unity.c.obj)
UnityPrintFloat                                   ../../libunity.a(unity.c.obj)
UnityPrintLen                                     ../../libunity.a(unity.c.obj)
UnityPrintMask                                    ../../libunity.a(unity.c.obj)
UnityPrintNumber                                  ../../libunity.a(unity.c.obj)
UnityPrintNumberByStyle                           ../../libunity.a(unity.c.obj)
UnityPrintNumberHex                               ../../libunity.a(unity.c.obj)
UnityPrintNumberUnsigned                          ../../libunity.a(unity.c.obj)
UnitySetTestFile                                  ../../libunity.a(unity.c.obj)
UnityStrErr64                                     ../../libunity.a(unity.c.obj)
UnityStrErrDouble                                 ../../libunity.a(unity.c.obj)
UnityStrErrFloat                                  ../../libunity.a(unity.c.obj)
UnityStrErrShorthand                              ../../libunity.a(unity.c.obj)
UnityStrFail                                      ../../libunity.a(unity.c.obj)
UnityStrIgnore                                    ../../libunity.a(unity.c.obj)
UnityStrOk                                        ../../libunity.a(unity.c.obj)
UnityStrPass                                      ../../libunity.a(unity.c.obj)
UsageFault_Handler                                ../../libplatform.a(startup_stm32f446xx.s.obj)
WWDG_IRQHandler                                   ../../libplatform.a(startup_stm32f446xx.s.obj)
_ITM_deregisterTMCloneTable                       /opt/MatrixMCU/arm-gnu-toolchain-13.2.Rel1-x86_64-arm-none-eabi/bin/../lib/gcc/arm-none-eabi/13.2.1/thumb/v7e-m+fp/hard/crtbegin.o
_ITM_registerTMCloneTable                         /opt/MatrixMCU/arm-gnu-toolchain-13.2.Rel1-x86_64-arm-none-eabi/bin/../lib/gcc/arm-none-eabi/13.2.1/thumb/v7e-m+fp/hard/crtbegin.o
_Unwind_Backtrace                                 /opt/MatrixMCU/arm-gnu-toolchain-13.2.Rel1-x86_64-arm-none-eabi/bin/../lib/gcc/arm-none-eabi/13.2.1/thumb/v7e-m+fp/hard/libgcc.a(libunwind.o)
_Unwind_Complete                                  /opt/MatrixMCU/arm-gnu-toolchain-13.2.Rel1-x86_64-arm-none-eabi/bin/../lib/gcc/arm-none-eabi/13.2.1/thumb/v7e-m+fp/hard/libgcc.a(unwind-arm.o)
_Unwind_DeleteException                           /opt/MatrixMCU/arm-gnu-toolchain-13.2.Rel1-x86_64-arm-none-eabi/bin/../lib/gcc/arm-none-eabi/13.2.1/thumb/v7e-m+fp/hard/libgcc.a(unwind-arm.o)
_Unwind_ForcedUnwind                              /opt/MatrixMCU/arm-gnu-toolchain-13.2.Rel1-x86_64-arm-none-eabi/bin/../lib/gcc/arm-none-eabi/13.2.1/thumb/v7e-m+fp/hard/libgcc.a(libunwind.o)
_Unwind_GetCFA                                    /opt/MatrixMCU/arm-gnu-toolchain-13.2.Rel1-x86_64-arm-none-eabi/bin/../lib/gcc/arm-none-eabi/13.2.1/thumb/v7e-m+fp/hard/libgcc.a(unwind-arm.o)
_Unwind_GetDataRelBase                            /opt/MatrixMCU/arm-gnu-toolchain-13.2.Rel1-x86_64-arm-none-eabi/bin/../lib/gcc/arm-none-eabi/13.2.1/thumb/v7e-m+fp/hard/libgcc.a(pr-support.o)
_Unwind_GetLanguageSpecificData                   /opt/MatrixMCU/arm-gnu-toolchain-13.2.Rel1-x86_64-arm-none-eabi/bin/../lib/gcc/arm-none-eabi/13.2.1/thumb/v7e-m+fp/hard/libgcc.a(pr-support.o)
_Unwind_GetRegionStart                            /opt/MatrixMCU/arm-gnu-toolchain-13.2.Rel1-x86_64-arm-none-eabi/bin/../lib/gcc/arm-none-eabi/13.2.1/thumb/v7e-m+fp/hard/libgcc.a(pr-support.o)
_Unwind_GetTextRelBase                            /opt/MatrixMCU/arm-gnu-toolchain-13.2.Rel1-x86_64-arm-none-eabi/bin/../lib/gcc/arm-none-eabi/13.2.1/thumb/v7e-m+fp/hard/libgcc.a(pr-support.o)
_Unwind_RaiseException                            /opt/MatrixMCU/arm-gnu-toolchain-13.2.Rel1-x86_64-arm-none-eabi/bin/../lib/gcc/arm-none-eabi/13.2.1/thumb/v7e-m+fp/hard/libgcc.a(libunwind.o)
_Unwind_Resume                                    /opt/MatrixMCU/arm-gnu-toolchain-13.2.Rel1-x86_64-arm-none-eabi/bin/../lib/gcc/arm-none-eabi/13.2.1/thumb/v7e-m+fp/hard/libgcc.a(libunwind.o)